--------- beginning of main
04-29 20:12:36.321  2755  3811 I OplusHansManager : freeze uid: 10365 com.anthropic.claude pids: [10869, 10649] scene: LcdOn
04-29 20:12:36.324  2755  3811 I OplusHansManager : uid=10230, pkg=com.oneplus.opsports can transition from M to F
04-29 20:12:36.324  2755  3811 I OplusHansManager : uid=10230, pkg=com.oneplus.opsports F enter()
04-29 20:12:36.324  2755  3811 I OplusHansManager : freeze uid: 10230 com.oneplus.opsports pids: [3295] scene: LcdOn
04-29 20:12:36.364  5468  5468 D BoundBrokerSvc: onUnbind: Intent { act=com.google.android.gms.feedback.internal.IFeedbackService dat=chimera-action: cmp=com.google.android.gms/.chimera.GmsBoundBrokerService }
--------- beginning of system
04-29 20:12:36.369  2755  2827 D OplusFeatureBrightnessBarController: mDarkLevel: 0
04-29 20:12:36.411 24389 24395 I adbd    : opening control endpoint /dev/usb-ffs/adb/ep0
04-29 20:12:36.696  1484  1715 D VRR [OTI]: handleIdle from 0 to 1
04-29 20:12:36.697  1484  1715 D VRR [OTI-HW]: isStateReady 0
04-29 20:12:36.697  1484  1715 D VRR [OTI-HW]: rate range: min {id=0, hwcId=0, fps=60.00, width=1080, height=2400 group=0} cur {id=1, hwcId=1, fps=90.00, width=1080, height=2400 group=0} max {id=1, hwcId=1, fps=90.00, width=1080, height=2400 group=0}
04-29 20:12:36.697  1484  1715 D VRR [OTI-HW]: keep rate.
04-29 20:12:36.716  1338 23531 D DlbDap2Process: process() called [716500] times with input channel mask 0x3 (ProcessingMode=1)
04-29 20:12:37.312  1484  1715 D VRR [OTI]: handleIdle from 1 to 0
04-29 20:12:37.312  1484  1715 D VRR [OTI-HW]: isStateReady 0
04-29 20:12:37.312  1484  1715 D VRR [OTI-HW]: rate range: min {id=0, hwcId=0, fps=60.00, width=1080, height=2400 group=0} cur {id=1, hwcId=1, fps=90.00, width=1080, height=2400 group=0} max {id=1, hwcId=1, fps=90.00, width=1080, height=2400 group=0}
04-29 20:12:37.312  1484  1715 D VRR [OTI-HW]: keep rate.
04-29 20:12:37.313  2755  3337 D OGG_Detector: D:done mCurrStatus: 0
04-29 20:12:37.314  3460  3460 D NoBackGesture: Start gesture: MotionEvent { action=ACTION_DOWN, actionButton=0, id[0]=0, x[0]=750.69507, y[0]=2250.938, toolType[0]=TOOL_TYPE_FINGER, buttonState=0, classification=NONE, metaState=0, flags=0x0, edgeFlags=0x0, pointerCount=1, historySize=0, eventTime=32629547, downTime=32629547, deviceId=5, source=0x1002, displayId=0, eventId=620662297 }
04-29 20:12:37.314  3460  3460 D NoBackGesture: Not in side gesture area
04-29 20:12:37.317  2755  5520 E OplusZoomWindowManagerService: null stack in getZoomScaleRect
04-29 20:12:37.374  3460  3460 D NoBackGesture: End gesture: MotionEvent { action=ACTION_UP, actionButton=0, id[0]=0, x[0]=750.69507, y[0]=2250.938, toolType[0]=TOOL_TYPE_FINGER, buttonState=0, classification=NONE, metaState=0, flags=0x0, edgeFlags=0x0, pointerCount=1, historySize=0, eventTime=32629611, downTime=32629547, deviceId=5, source=0x1002, displayId=0, eventId=58112676 }
04-29 20:12:37.409  5139  5284 D AudioTrack: pause(355): prior state:STATE_ACTIVE output 29 stream 3 session 2913
04-29 20:12:37.409  1476 29490 V AF::Track: pause(378): calling pid 5139
04-29 20:12:37.409  1476 29490 V AF::Track: pause(378): ACTIVE/RESUMING => PAUSING on thread 29
04-29 20:12:37.411  5139  5139 I Quality : Skipped: true 3 cost 40.872227 refreshRate 0 processName com.vyn.player
04-29 20:12:37.415 24389  5738 W adbd    : timed out while waiting for FUNCTIONFS_BIND, trying again
04-29 20:12:37.415 24389  5738 I adbd    : UsbFfs: connection terminated: monitor thread finished
04-29 20:12:37.471 24389 24395 I adbd    : opening control endpoint /dev/usb-ffs/adb/ep0
04-29 20:12:37.474  1476  2355 V AF::Track: presentationComplete(378): presentationComplete() mPresentationCompleteFrames 0 framesWritten 416640
04-29 20:12:37.474  1476  2355 V AF::Track: presentationComplete(378): set: mPresentationCompleteFrames 420480 audioHalFrames 3840
04-29 20:12:37.495  1476  2355 V AF::Track: presentationComplete(378): presentationComplete() mPresentationCompleteFrames 420480 framesWritten 416640
04-29 20:12:37.513  1476  2355 V AF::Track: presentationComplete(378): presentationComplete() mPresentationCompleteFrames 420480 framesWritten 418560
04-29 20:12:37.534  1476  2355 V AF::Track: presentationComplete(378): presentationComplete() mPresentationCompleteFrames 420480 framesWritten 418560
04-29 20:12:37.553  1476  2355 V AF::Track: presentationComplete(378): presentationComplete() mPresentationCompleteFrames 420480 framesWritten 420480
04-29 20:12:37.574  1476  2355 V AF::Track: presentationComplete(378): presentationComplete() mPresentationCompleteFrames 420480 framesWritten 420480
04-29 20:12:37.593  1476  2355 V AF::Track: presentationComplete(378): presentationComplete() mPresentationCompleteFrames 420480 framesWritten 422400
04-29 20:12:37.594  1476  2355 D AudioFlinger_PlaybackThreadExtImpl: notifyAudioTrackCreate event:atlas_event_audio_track_distroy info:pid:5139,sessionId:2913,streamType:3,sampleRate:44100,flags:8,deviceTypes:2,hasFastMixer:0
04-29 20:12:37.594  1476  2355 D AtlasEventUploadUtils: setEvent event:atlas_event_audio_track_distroy
04-29 20:12:37.595  1476  2355 D AudioFlingerExtImpl: removeAudioSessionUidMap, remove 2913, map size 1
04-29 20:12:37.595  1476  2355 D AFExtImpl: ~TrackInfo() 0xb400007a6e6298c0
04-29 20:12:37.596  4869 10264 D OplusAtlas.OplusAtlasEventDispatch: setEvent:atlas_event_audio_track_distroy info:pid:5139,sessionId:2913,streamType:3,sampleRate:44100,flags:8,deviceTypes:2,hasFastMixer:0
04-29 20:12:37.597   768   768 E SELinux : avc:  denied  { find } for interface=vendor.oplus.hardware.performance::IPerformance sid=u:r:audioserver:s0 pid=1476 scontext=u:r:audioserver:s0 tcontext=u:object_r:hal_performance_hwservice:s0 tclass=hwservice_manager permissive=0
04-29 20:12:37.597  2755  2827 D OplusFeatureBrightnessBarController: mDarkLevel: 0
04-29 20:12:37.599  4869  5870 D OplusAtlas.OplusMessageHandler: handleMessage: Msg { when=-1ms what=2 arg1=5139 arg2=3 obj=com.oplus.atlas.OplusAtlasEvent@f2529bf target=com.oplus.atlas.OplusMessageHandler$MyHandler }
04-29 20:12:37.599  1476  2355 D AudioFlinger: updateWakeLockUids_l AudioOut_1D uids:
04-29 20:12:37.599  1476  2100 D APM_AudioPolicyManager: stopOutput portId 355
04-29 20:12:37.599  1476  2100 D APM_AudioPolicyManager: stopOutput() output 29, stream 3, session 2913
04-29 20:12:37.599  1476  2100 D APM_AudioPolicyManager: setOutputDevice() output 29 device AUDIO_DEVICE_NONE force 0 delayMs 160
04-29 20:12:37.606  1476  2100 D GameAudioEffects: hasAliveFastEffectTracks  return (0)
04-29 20:12:37.606  1476  2100 D AudioPolicyManagerExtImpl: oplusSelectOutputForMusicEffects pendingOutput  => 13  flags => 0x00000006  outputTageName =>primary output outputs.size(2) older music effect ouput(29), hasAliveGameTracks(0)
04-29 20:12:37.606  1476  2100 D AudioPolicyManagerExtImpl: oplusSelectOutputForMusicEffects pending music output is priamry, but no alive fast effect tracks, block effectchain fallback to primary, set deepbuffer as defaultEffectsOutput instead
04-29 20:12:37.607  4869  5891 D OplusAtlas.OplusMessageHandler: handleMessage: Msg { when=-9ms what=2 arg1=5139 arg2=3 target=com.oplus.atlas.OplusMessageHandler$MyHandler }
04-29 20:12:37.607  4869  5891 D OplusAtlasService: myHandleMessage: Msg { when=-9ms what=2 arg1=5139 arg2=3 target=com.oplus.atlas.OplusMessageHandler$MyHandler }
04-29 20:12:37.610  5653  5653 D OplusDolbyService: mrDolbyEffectBroadcastReceiver action = android.Multimedia.AudioEffect.AudioTrack_BROADCAST
04-29 20:12:37.610  5653  5653 D OplusDolbyService: +new tast
04-29 20:12:37.611  5653  5653 D OplusDolbyService: -new tast
04-29 20:12:37.612  6877  6877 V DeepThinker: BroadcastReceiverWrapper: onReceive, start dispatch android.media.ACTION_AUDIO_PLAYBACK_STATE_CHANGED
04-29 20:12:37.612  1476  8275 D AudioFlingerExtImpl: getActiveDeepBufferAudioPids pids = 
04-29 20:12:37.613  5653 24008 D DetectSceneService: checkAndSetDolby: 0, activeAudioPids = null
04-29 20:12:37.613  5653 24008 D DetectSceneService: No Active music stream
04-29 20:12:37.614  2755  3244 I OplusWifiSarManager: Received action: android.media.ACTION_AUDIO_DEVICE_ROUTE_CHANGED
04-29 20:12:37.615  4869  5870 D AudioManagerExtImpl: getStreamVolume packageName=com.oplus.atlas, index=16, streamType=3
04-29 20:12:37.617  4015  4015 D HeadNearEvent: Recevice audioDeviceRoute status:0
04-29 20:12:37.621  4869  5870 D OplusAtlasFeedback: uploadMMCollectData MM_FB_EventID#20002#StreamType#3#SampleRate#44100#PackageName#com.vyn.player#StartTime#2026/04/29 20:12:28#TotalTime#8904#PlaySession#2913#PlayPid#5139#UsingDevice#2#StreamVolume#16#AppName#VYN Player#StopTime#2026/04/29 20:12:37#AudioID#b3de933cc823
04-29 20:12:37.918  7214 25363 D IHansComunication: HansComunication::configCheckedUid-- 10364, type = 0
04-29 20:12:37.918  7214 25363 D IHansComunication: HANS sendMessageToKernel: threadId = 487650737328, netLinkSetup = 1, type = FROZEN_TRANS, targetUid = 10364, pkgCmd = PKG_CMD_MAX
04-29 20:12:37.938  3460  4244 D NetworkController.MobileSignalController(1): onMobileStatusChanged= updateTelephony=true mobileStatus=[activityIn=false,activityOut=false,dataSim=true,carrierNetworkChangeMode=false,dataState=0,serviceState=mVoiceRegState=0(IN_SERVICE), mDataRegState=0(IN_SERVICE),signalStrength=4,telephonyDisplayInfo=TelephonyDisplayInfo {network=LTE, override=NONE}]
04-29 20:12:38.198  3460  3460 D NoBackGesture: Start gesture: MotionEvent { action=ACTION_DOWN, actionButton=0, id[0]=0, x[0]=879.8146, y[0]=1880.7837, toolType[0]=TOOL_TYPE_FINGER, buttonState=0, classification=NONE, metaState=0, flags=0x0, edgeFlags=0x0, pointerCount=1, historySize=0, eventTime=32630433, downTime=32630433, deviceId=5, source=0x1002, displayId=0, eventId=598175635 }
04-29 20:12:38.198  3460  3460 D NoBackGesture: Not in side gesture area
04-29 20:12:38.198  2755  5604 E OplusZoomWindowManagerService: null stack in getZoomScaleRect
04-29 20:12:38.202  2755  3337 D OGG_Detector: D:done mCurrStatus: 0
04-29 20:12:38.217  5139  5139 I Quality : Skipped: false 1 cost 16.369068 refreshRate 0 processName com.vyn.player
04-29 20:12:38.231  1386  1386 E vendor.qti.hardware.perf@2.2-service: Unknown params
04-29 20:12:38.231  1386  1386 E vendor.qti.hardware.perf@2.2-service: Unknown params
04-29 20:12:38.243  5139  5139 D SCROLL_DEBUG: delta=-249 direction=false index=54
04-29 20:12:38.248  1436  1436 E ORMS_HAL: open /sys/devices/platform/soc/soc:oplus-omrg/oplus-omrg0/ruler_enable failed(No such file or directory)
04-29 20:12:38.249  1436  1436 D ORMS_HAL: OrmsHalService write file /proc/sys/kernel/slide_boost_enabled - 1.
04-29 20:12:38.254  5139  5139 D SCROLL_DEBUG: delta=33 direction=false index=54
04-29 20:12:38.263  5139  5139 D SCROLL_DEBUG: delta=48 direction=false index=54
04-29 20:12:38.266  3460  3460 D NoBackGesture: End gesture: MotionEvent { action=ACTION_UP, actionButton=0, id[0]=0, x[0]=890.82477, y[0]=1723.7183, toolType[0]=TOOL_TYPE_FINGER, buttonState=0, classification=NONE, metaState=0, flags=0x0, edgeFlags=0x0, pointerCount=1, historySize=0, eventTime=32630505, downTime=32630433, deviceId=5, source=0x1002, displayId=0, eventId=808244780 }
04-29 20:12:38.267  1386  1386 E vendor.qti.hardware.perf@2.2-service: Unknown params
04-29 20:12:38.268  1386  1386 E vendor.qti.hardware.perf@2.2-service: Unknown params
04-29 20:12:38.269  1436  1436 D ORMS_HAL: OrmsHalService write file /proc/sys/kernel/slide_boost_enabled - 0.
04-29 20:12:38.269  1436  1436 E ORMS_HAL: open /sys/devices/platform/soc/soc:oplus-omrg/oplus-omrg0/ruler_enable failed(No such file or directory)
04-29 20:12:38.271  1436  1436 E ORMS_HAL: open /sys/devices/platform/soc/soc:oplus-omrg/oplus-omrg0/ruler_enable failed(No such file or directory)
04-29 20:12:38.272  1436  1436 D ORMS_HAL: OrmsHalService write file /proc/sys/kernel/slide_boost_enabled - 1.
04-29 20:12:38.274  5139  5139 D SCROLL_DEBUG: delta=40 direction=false index=54
04-29 20:12:38.283  5139  5139 D SCROLL_DEBUG: delta=61 direction=false index=54
04-29 20:12:38.296  5139  5139 D SCROLL_DEBUG: delta=61 direction=false index=54
04-29 20:12:38.311  5139  5139 D SCROLL_DEBUG: delta=-202 direction=false index=55
04-29 20:12:38.319  5139  5139 D SCROLL_DEBUG: delta=60 direction=false index=55
04-29 20:12:38.323  7214 25363 D IHansComunication: HansComunication::configCheckedUid-- 10365, type = 0
04-29 20:12:38.323  7214 25363 D IHansComunication: HANS sendMessageToKernel: threadId = 487650737328, netLinkSetup = 1, type = FROZEN_TRANS, targetUid = 10365, pkgCmd = PKG_CMD_MAX
04-29 20:12:38.326  7214 25363 D IHansComunication: HansComunication::configCheckedUid-- 10230, type = 0
04-29 20:12:38.326  7214 25363 D IHansComunication: HANS sendMessageToKernel: threadId = 487650737328, netLinkSetup = 1, type = FROZEN_TRANS, targetUid = 10230, pkgCmd = PKG_CMD_MAX
04-29 20:12:38.331  5139  5139 D SCROLL_DEBUG: delta=58 direction=false index=55
04-29 20:12:38.340  5139  5139 D SCROLL_DEBUG: delta=63 direction=false index=55
04-29 20:12:38.353  5139  5139 D SCROLL_DEBUG: delta=-203 direction=false index=56
04-29 20:12:38.370  5139  5139 D SCROLL_DEBUG: delta=55 direction=false index=56
04-29 20:12:38.374  5139  5139 D SCROLL_DEBUG: delta=54 direction=false index=56
04-29 20:12:38.387  5139  5139 D SCROLL_DEBUG: delta=51 direction=false index=56
04-29 20:12:38.395  5139  5139 D SCROLL_DEBUG: delta=55 direction=false index=56
04-29 20:12:38.409  5139  5139 D SCROLL_DEBUG: delta=-210 direction=false index=57
04-29 20:12:38.424  5139  5139 D SCROLL_DEBUG: delta=47 direction=false index=57
04-29 20:12:38.428  4579  4579 D BoundBrokerSvc: onRebind: Intent { act=com.google.android.gms.libs.gmscorelogger.service.START dat=chimera-action: cmp=com.google.android.gms/.chimera.PersistentDirectBootAwareApiService }
04-29 20:12:38.429  5139  5139 D SCROLL_DEBUG: delta=45 direction=false index=57
04-29 20:12:38.441  5139  5139 D SCROLL_DEBUG: delta=48 direction=false index=57
04-29 20:12:38.451  5139  5139 D SCROLL_DEBUG: delta=42 direction=false index=57
04-29 20:12:38.464  5139  5139 D SCROLL_DEBUG: delta=40 direction=false index=57
04-29 20:12:38.476 24389  5754 W adbd    : timed out while waiting for FUNCTIONFS_BIND, trying again
04-29 20:12:38.476 24389  5754 I adbd    : UsbFfs: connection terminated: monitor thread finished
04-29 20:12:38.477  5139  5139 D SCROLL_DEBUG: delta=-240 direction=false index=58
04-29 20:12:38.494  5139  5139 D SCROLL_DEBUG: delta=41 direction=false index=58
04-29 20:12:38.497  5139  5139 D SCROLL_DEBUG: delta=36 direction=false index=58
04-29 20:12:38.510  5139  5139 D SCROLL_DEBUG: delta=34 direction=false index=58
04-29 20:12:38.518  5139  5139 D SCROLL_DEBUG: delta=33 direction=false index=58
04-29 20:12:38.521 24389 24395 I adbd    : opening control endpoint /dev/usb-ffs/adb/ep0
04-29 20:12:38.532  5139  5139 D SCROLL_DEBUG: delta=32 direction=false index=58
04-29 20:12:38.543  5139  5139 D SCROLL_DEBUG: delta=33 direction=false index=58
04-29 20:12:38.554  5139  5139 D SCROLL_DEBUG: delta=30 direction=false index=58
04-29 20:12:38.572  5139  5139 D SCROLL_DEBUG: delta=-231 direction=false index=59
04-29 20:12:38.578  5139  5139 D SCROLL_DEBUG: delta=27 direction=false index=59
04-29 20:12:38.586  5139  5139 D SCROLL_DEBUG: delta=28 direction=false index=59
04-29 20:12:38.597  5139  5139 D SCROLL_DEBUG: delta=25 direction=false index=59
04-29 20:12:38.609  5139  5139 D SCROLL_DEBUG: delta=24 direction=false index=59
04-29 20:12:38.623  5139  5654 D CCodecBufferChannel: [c2.android.mp3.decoder#464] DEBUG: elapsed: n=4 [in=0 pipeline=0 out=0]
04-29 20:12:38.623  5139  5654 D PipelineWatcher: DEBUG: elapsed 0 / 4
04-29 20:12:38.623  5139  5139 D SCROLL_DEBUG: delta=23 direction=false index=59
04-29 20:12:38.634  5139  5139 D SCROLL_DEBUG: delta=21 direction=false index=59
04-29 20:12:38.644  5139  5139 D SCROLL_DEBUG: delta=23 direction=false index=59
04-29 20:12:38.656  5139  5139 D SCROLL_DEBUG: delta=21 direction=false index=59
04-29 20:12:38.666  5139  5139 D SCROLL_DEBUG: delta=19 direction=false index=59
04-29 20:12:38.679  5139  5139 D SCROLL_DEBUG: delta=19 direction=false index=59
04-29 20:12:38.696  5139  5139 D SCROLL_DEBUG: delta=-240 direction=false index=60
04-29 20:12:38.705  5139  5139 D SCROLL_DEBUG: delta=17 direction=false index=60
04-29 20:12:38.706  2755  3811 I OplusHansManager : uid=10428, pkg=ai.perplexity.app.android can transition from M to F
04-29 20:12:38.706  2755  3811 I OplusHansManager : uid=10428, pkg=ai.perplexity.app.android F enter()
04-29 20:12:38.707  2755  3811 I OplusHansManager : freeze uid: 10428 ai.perplexity.app.android pids: [25208, 24562] scene: LcdOn
04-29 20:12:38.709  5139  5139 D SCROLL_DEBUG: delta=16 direction=false index=60
04-29 20:12:38.721  5139  5139 D SCROLL_DEBUG: delta=16 direction=false index=60
04-29 20:12:38.732  5139  5139 D SCROLL_DEBUG: delta=15 direction=false index=60
04-29 20:12:38.745  5139  5139 D SCROLL_DEBUG: delta=16 direction=false index=60
04-29 20:12:38.757  5139  5139 D SCROLL_DEBUG: delta=14 direction=false index=60
04-29 20:12:38.767  5139  5139 D SCROLL_DEBUG: delta=13 direction=false index=60
04-29 20:12:38.778  5139  5139 D SCROLL_DEBUG: delta=13 direction=false index=60
04-29 20:12:38.790  5139  5139 D SCROLL_DEBUG: delta=12 direction=false index=60
04-29 20:12:38.802  5139  5139 D SCROLL_DEBUG: delta=12 direction=false index=60
04-29 20:12:38.812  5139  5139 D SCROLL_DEBUG: delta=11 direction=false index=60
04-29 20:12:38.822  5139  5139 D SCROLL_DEBUG: delta=11 direction=false index=60
04-29 20:12:38.824  2755  2827 D OplusFeatureBrightnessBarController: mDarkLevel: 0
04-29 20:12:38.836  5139  5139 D SCROLL_DEBUG: delta=10 direction=false index=60
04-29 20:12:38.839  2755  5604 E OplusZoomWindowManagerService: null stack in getZoomScaleRect
04-29 20:12:38.840  2755  3337 D OGG_Detector: D:done mCurrStatus: 0
04-29 20:12:38.840  3460  3460 D NoBackGesture: Start gesture: MotionEvent { action=ACTION_DOWN, actionButton=0, id[0]=0, x[0]=860.797, y[0]=1899.7916, toolType[0]=TOOL_TYPE_FINGER, buttonState=0, classification=NONE, metaState=0, flags=0x0, edgeFlags=0x0, pointerCount=1, historySize=0, eventTime=32631076, downTime=32631076, deviceId=5, source=0x1002, displayId=0, eventId=927982338 }
04-29 20:12:38.840  3460  3460 D NoBackGesture: Not in side gesture area
04-29 20:12:38.882  5139  5139 D SCROLL_DEBUG: delta=13 direction=false index=60
04-29 20:12:38.882  1386  1386 E vendor.qti.hardware.perf@2.2-service: Unknown params
04-29 20:12:38.883  1386  1386 E vendor.qti.hardware.perf@2.2-service: Unknown params
04-29 20:12:38.889  1436  1436 D ORMS_HAL: OrmsHalService write file /proc/sys/kernel/slide_boost_enabled - 0.
04-29 20:12:38.889  1436  1436 E ORMS_HAL: open /sys/devices/platform/soc/soc:oplus-omrg/oplus-omrg0/ruler_enable failed(No such file or directory)
04-29 20:12:38.890  1436  1436 E ORMS_HAL: open /sys/devices/platform/soc/soc:oplus-omrg/oplus-omrg0/ruler_enable failed(No such file or directory)
04-29 20:12:38.890  1436  1436 D ORMS_HAL: OrmsHalService write file /proc/sys/kernel/slide_boost_enabled - 1.
04-29 20:12:38.892  5139  5139 D SCROLL_DEBUG: delta=52 direction=false index=60
04-29 20:12:38.904  5139  5139 D SCROLL_DEBUG: delta=-125 direction=false index=61
04-29 20:12:38.909  3460  3460 D NoBackGesture: End gesture: MotionEvent { action=ACTION_UP, actionButton=0, id[0]=0, x[0]=891.82574, y[0]=1503.6266, toolType[0]=TOOL_TYPE_FINGER, buttonState=0, classification=NONE, metaState=0, flags=0x0, edgeFlags=0x0, pointerCount=1, historySize=0, eventTime=32631147, downTime=32631076, deviceId=5, source=0x1002, displayId=0, eventId=361973648 }
04-29 20:12:38.910  1386  1386 E vendor.qti.hardware.perf@2.2-service: Unknown params
04-29 20:12:38.910  1386  1386 E vendor.qti.hardware.perf@2.2-service: Unknown params
04-29 20:12:38.913  1436  1436 D ORMS_HAL: OrmsHalService write file /proc/sys/kernel/slide_boost_enabled - 0.
04-29 20:12:38.914  1436  1436 E ORMS_HAL: open /sys/devices/platform/soc/soc:oplus-omrg/oplus-omrg0/ruler_enable failed(No such file or directory)
04-29 20:12:38.914  1436  1436 E ORMS_HAL: open /sys/devices/platform/soc/soc:oplus-omrg/oplus-omrg0/ruler_enable failed(No such file or directory)
04-29 20:12:38.914  1436  1436 D ORMS_HAL: OrmsHalService write file /proc/sys/kernel/slide_boost_enabled - 1.
04-29 20:12:38.916  1436  1436 D ORMS_HAL: OrmsHalService write file /proc/sys/kernel/slide_boost_enabled - 0.
04-29 20:12:38.916  1436  1436 E ORMS_HAL: open /sys/devices/platform/soc/soc:oplus-omrg/oplus-omrg0/ruler_enable failed(No such file or directory)
04-29 20:12:38.917  1436  1436 E ORMS_HAL: open /sys/devices/platform/soc/soc:oplus-omrg/oplus-omrg0/ruler_enable failed(No such file or directory)
04-29 20:12:38.917  1436  1436 D ORMS_HAL: OrmsHalService write file /proc/sys/kernel/slide_boost_enabled - 1.
04-29 20:12:38.926  5139  5139 D SCROLL_DEBUG: delta=-19 direction=false index=62
04-29 20:12:38.934  5139  5139 I Quality : Skipped: false 1 cost 14.852159 refreshRate 0 processName com.vyn.player
04-29 20:12:38.934  5139  5139 D SCROLL_DEBUG: delta=1 direction=null index=62
04-29 20:12:38.948  5139  5139 D SCROLL_DEBUG: delta=143 direction=false index=63
04-29 20:12:38.963  5139  5139 D SCROLL_DEBUG: delta=-48 direction=false index=64
04-29 20:12:38.964  5139  5139 I Quality : Skipped: true 1 cost 11.26025 refreshRate 0 processName com.vyn.player
04-29 20:12:38.983  5139  5139 D SCROLL_DEBUG: delta=-97 direction=false index=66
04-29 20:12:38.995  5139  5139 D SCROLL_DEBUG: delta=-30 direction=false index=67
04-29 20:12:39.007  5139  5139 D SCROLL_DEBUG: delta=-51 direction=false index=68
04-29 20:12:39.012  5139  5139 D SCROLL_DEBUG: delta=208 direction=false index=68
04-29 20:12:39.023  5139  5139 D SCROLL_DEBUG: delta=-52 direction=false index=69
04-29 20:12:39.035  5139  5139 D SCROLL_DEBUG: delta=-35 direction=false index=70
04-29 20:12:39.046  5139  5139 D SCROLL_DEBUG: delta=-55 direction=false index=71
04-29 20:12:39.051  5139  5139 D SCROLL_DEBUG: delta=-75 direction=false index=72
04-29 20:12:39.065  5139  5139 D SCROLL_DEBUG: delta=201 direction=false index=72
04-29 20:12:39.075  5139  5139 D SCROLL_DEBUG: delta=-62 direction=false index=73
04-29 20:12:39.087  5139  5139 D SCROLL_DEBUG: delta=-43 direction=false index=74
04-29 20:12:39.100  5139  5139 D SCROLL_DEBUG: delta=-62 direction=false index=75
04-29 20:12:39.104  5139  5139 D SCROLL_DEBUG: delta=194 direction=false index=75
04-29 20:12:39.115  5139  5139 D SCROLL_DEBUG: delta=-66 direction=false index=76
04-29 20:12:39.134  5139  5139 D SCROLL_DEBUG: delta=-71 direction=false index=77
04-29 20:12:39.146  5139  5139 D SCROLL_DEBUG: delta=-70 direction=false index=78
04-29 20:12:39.151  5139  5139 D SCROLL_DEBUG: delta=187 direction=false index=78
04-29 20:12:39.163  5139  5139 D SCROLL_DEBUG: delta=-75 direction=false index=79
04-29 20:12:39.178  5139  5139 D SCROLL_DEBUG: delta=-60 direction=false index=80
04-29 20:12:39.184  5139  5139 D SCROLL_DEBUG: delta=-78 direction=false index=81
04-29 20:12:39.196  5139  5139 D SCROLL_DEBUG: delta=178 direction=false index=81
04-29 20:12:39.211  5139  5139 D SCROLL_DEBUG: delta=-83 direction=false index=82
04-29 20:12:39.216  5139  5139 D SCROLL_DEBUG: delta=-85 direction=false index=83
04-29 20:12:39.228  5139  5139 D SCROLL_DEBUG: delta=187 direction=false index=83
04-29 20:12:39.244  5139  5139 D SCROLL_DEBUG: delta=-90 direction=false index=84
04-29 20:12:39.249  5139  5139 D SCROLL_DEBUG: delta=-93 direction=false index=85
04-29 20:12:39.262  5139  5139 D SCROLL_DEBUG: delta=165 direction=false index=85
04-29 20:12:39.279  5139  5139 D SCROLL_DEBUG: delta=-97 direction=false index=86
04-29 20:12:39.284  5139  5139 D SCROLL_DEBUG: delta=175 direction=false index=86
04-29 20:12:39.290  5468  5468 W ThreadPoolForeg: type=1400 audit(0.0:260169): avc: denied { write } for name="traced_producer" dev="tmpfs" ino=35452 scontext=u:r:gmscore_app:s0:c512,c768 tcontext=u:object_r:traced_producer_socket:s0 tclass=sock_file permissive=0 app=com.google.android.gms
04-29 20:12:39.295  5139  5139 D SCROLL_DEBUG: delta=-122 direction=false index=87
04-29 20:12:39.315  5139  5139 D SCROLL_DEBUG: delta=-103 direction=false index=88
04-29 20:12:39.319  5139  5139 D SCROLL_DEBUG: delta=152 direction=false index=88
04-29 20:12:39.331  5139  5139 D SCROLL_DEBUG: delta=-114 direction=false index=89
04-29 20:12:39.339  5139  5139 D SCROLL_DEBUG: delta=148 direction=false index=89
04-29 20:12:39.354  5139  5139 D SCROLL_DEBUG: delta=-112 direction=false index=90
04-29 20:12:39.369  5139  5139 D SCROLL_DEBUG: delta=-116 direction=false index=91
04-29 20:12:39.373  5139  5139 D SCROLL_DEBUG: delta=143 direction=false index=91
04-29 20:12:39.385  5139  5139 D SCROLL_DEBUG: delta=-107 direction=false index=92
04-29 20:12:39.396  5139  5139 D SCROLL_DEBUG: delta=138 direction=false index=92
04-29 20:12:39.408  5139  5139 D SCROLL_DEBUG: delta=-125 direction=false index=93
04-29 20:12:39.413  1338 23531 D DlbDap2Process: process() called [717000] times with input channel mask 0x3 (ProcessingMode=1)
04-29 20:12:39.417  5139  5139 D SCROLL_DEBUG: delta=135 direction=false index=93
04-29 20:12:39.430  5139  5139 D SCROLL_DEBUG: delta=-121 direction=false index=94
04-29 20:12:39.440  5139  5139 D SCROLL_DEBUG: delta=130 direction=false index=94
04-29 20:12:39.453  5139  5139 D SCROLL_DEBUG: delta=-133 direction=false index=95
04-29 20:12:39.463  5139  5139 D SCROLL_DEBUG: delta=126 direction=false index=95
04-29 20:12:39.477  5139  5139 D SCROLL_DEBUG: delta=-126 direction=false index=96
04-29 20:12:39.485  5139  5139 D SCROLL_DEBUG: delta=122 direction=false index=96
04-29 20:12:39.495  5139  5139 D SCROLL_DEBUG: delta=-141 direction=false index=97
04-29 20:12:39.513  5139  5139 D SCROLL_DEBUG: delta=118 direction=false index=97
04-29 20:12:39.518  5139  5139 D SCROLL_DEBUG: delta=-144 direction=false index=98
04-29 20:12:39.524 24389  5761 W adbd    : timed out while waiting for FUNCTIONFS_BIND, trying again
04-29 20:12:39.524 24389  5761 I adbd    : UsbFfs: connection terminated: monitor thread finished
04-29 20:12:39.539  5139  5139 D SCROLL_DEBUG: delta=124 direction=false index=98
04-29 20:12:39.543  5139  5139 D SCROLL_DEBUG: delta=111 direction=false index=98
04-29 20:12:39.557  5139  5139 D SCROLL_DEBUG: delta=-169 direction=false index=99
04-29 20:12:39.561 24389 24395 I adbd    : opening control endpoint /dev/usb-ffs/adb/ep0
04-29 20:12:39.564  5139  5139 D SCROLL_DEBUG: delta=108 direction=false index=99
04-29 20:12:39.577  5139  5139 D SCROLL_DEBUG: delta=-152 direction=false index=100
04-29 20:12:39.588  5139  5139 D SCROLL_DEBUG: delta=113 direction=false index=100
04-29 20:12:39.596  5139  5139 D SCROLL_DEBUG: delta=-156 direction=false index=101
04-29 20:12:39.611  5139  5139 D SCROLL_DEBUG: delta=101 direction=false index=101
04-29 20:12:39.619  5139  5139 D SCROLL_DEBUG: delta=100 direction=false index=101
04-29 20:12:39.632  5139  5139 D SCROLL_DEBUG: delta=-173 direction=false index=102
04-29 20:12:39.645  5139  5139 D SCROLL_DEBUG: delta=97 direction=false index=102
04-29 20:12:39.653  5139  5139 D SCROLL_DEBUG: delta=94 direction=false index=102
04-29 20:12:39.669  5139  5139 D SCROLL_DEBUG: delta=-185 direction=false index=103
04-29 20:12:39.679  5139  5139 D SCROLL_DEBUG: delta=91 direction=false index=103
04-29 20:12:39.686  5139  5139 D SCROLL_DEBUG: delta=99 direction=false index=103
04-29 20:12:39.698  5139  5139 D SCROLL_DEBUG: delta=-171 direction=false index=104
04-29 20:12:39.713  5139  5139 D SCROLL_DEBUG: delta=88 direction=false index=104
04-29 20:12:39.720  5139  5139 D SCROLL_DEBUG: delta=86 direction=false index=104
04-29 20:12:39.737  5139  5139 D SCROLL_DEBUG: delta=-187 direction=false index=105
04-29 20:12:39.744  5139  5139 D SCROLL_DEBUG: delta=82 direction=false index=105
04-29 20:12:39.758  5139  5139 D SCROLL_DEBUG: delta=82 direction=false index=105
04-29 20:12:39.767  5139  5139 D SCROLL_DEBUG: delta=-198 direction=false index=106
04-29 20:12:39.781  5139  5139 D SCROLL_DEBUG: delta=79 direction=false index=106
04-29 20:12:39.789  5139  5139 D SCROLL_DEBUG: delta=84 direction=false index=106
04-29 20:12:39.797  5139  5139 D SCROLL_DEBUG: delta=77 direction=false index=106
04-29 20:12:39.811  5139  5139 D SCROLL_DEBUG: delta=-184 direction=false index=107
04-29 20:12:39.827  5139  5139 D SCROLL_DEBUG: delta=74 direction=false index=107
04-29 20:12:39.833  5139  5139 D SCROLL_DEBUG: delta=79 direction=false index=107
04-29 20:12:39.844  5139  5139 D SCROLL_DEBUG: delta=-187 direction=false index=108
04-29 20:12:39.858  5139  5139 D SCROLL_DEBUG: delta=70 direction=false index=108
04-29 20:12:39.870  5139  5139 D SCROLL_DEBUG: delta=69 direction=false index=108
04-29 20:12:39.877  5139  5139 D SCROLL_DEBUG: delta=69 direction=false index=108
04-29 20:12:39.888  5139  5139 D SCROLL_DEBUG: delta=-207 direction=false index=109
04-29 20:12:39.904  5139  5139 D SCROLL_DEBUG: delta=66 direction=false index=109
04-29 20:12:39.911  5139  5139 D SCROLL_DEBUG: delta=65 direction=false index=109
04-29 20:12:39.921  5139  5139 D SCROLL_DEBUG: delta=64 direction=false index=109
04-29 20:12:39.935  5139  5139 D SCROLL_DEBUG: delta=-211 direction=false index=110
04-29 20:12:39.947  5139  5139 D SCROLL_DEBUG: delta=62 direction=false index=110
04-29 20:12:39.960  5139  5139 D SCROLL_DEBUG: delta=60 direction=false index=110
04-29 20:12:39.966  5139  5139 D SCROLL_DEBUG: delta=60 direction=false index=110
04-29 20:12:39.979  5139  5139 D SCROLL_DEBUG: delta=58 direction=false index=110
04-29 20:12:39.990  5139  5139 D SCROLL_DEBUG: delta=-196 direction=false index=111
04-29 20:12:40.008  5139  5139 D SCROLL_DEBUG: delta=56 direction=false index=111
04-29 20:12:40.013  5139  5139 D SCROLL_DEBUG: delta=56 direction=false index=111
04-29 20:12:40.026  5139  5139 D SCROLL_DEBUG: delta=55 direction=false index=111
04-29 20:12:40.034  5139  5139 D SCROLL_DEBUG: delta=54 direction=false index=111
04-29 20:12:40.048  5139  5139 D SCROLL_DEBUG: delta=-273 direction=false index=112
04-29 20:12:40.051  2755  2827 D OplusFeatureBrightnessBarController: mDarkLevel: 0
04-29 20:12:40.064  5139  5139 D SCROLL_DEBUG: delta=53 direction=false index=112
04-29 20:12:40.068  5139  5139 D SCROLL_DEBUG: delta=50 direction=false index=112
04-29 20:12:40.078  5139  5139 D SCROLL_DEBUG: delta=51 direction=false index=112
04-29 20:12:40.089  5139  5139 D SCROLL_DEBUG: delta=53 direction=false index=112
04-29 20:12:40.103  5139  5139 D SCROLL_DEBUG: delta=-210 direction=false index=113
04-29 20:12:40.115  5139  5139 D SCROLL_DEBUG: delta=47 direction=false index=113
04-29 20:12:40.128  5139  5139 D SCROLL_DEBUG: delta=47 direction=false index=113
04-29 20:12:40.134  5139  5139 D SCROLL_DEBUG: delta=46 direction=false index=113
04-29 20:12:40.146  5139  5139 D SCROLL_DEBUG: delta=50 direction=false index=113
04-29 20:12:40.157  5139  5139 D SCROLL_DEBUG: delta=44 direction=false index=113
04-29 20:12:40.159  2755  3337 D OGG_Detector: D:done mCurrStatus: 0
04-29 20:12:40.159  2755  5639 E OplusZoomWindowManagerService: null stack in getZoomScaleRect
04-29 20:12:40.160  3460  3460 D NoBackGesture: Start gesture: MotionEvent { action=ACTION_DOWN, actionButton=0, id[0]=0, x[0]=809.74976, y[0]=1409.5874, toolType[0]=TOOL_TYPE_FINGER, buttonState=0, classification=NONE, metaState=0, flags=0x0, edgeFlags=0x0, pointerCount=1, historySize=0, eventTime=32632396, downTime=32632396, deviceId=5, source=0x1002, displayId=0, eventId=475724968 }
04-29 20:12:40.160  3460  3460 D NoBackGesture: Not in side gesture area
04-29 20:12:40.194  5139  5139 D SCROLL_DEBUG: delta=-3 direction=null index=113
04-29 20:12:40.203  1386  1386 E vendor.qti.hardware.perf@2.2-service: Unknown params
04-29 20:12:40.203  5139  5139 D SCROLL_DEBUG: delta=-12 direction=true index=113
04-29 20:12:40.204  1386  1386 E vendor.qti.hardware.perf@2.2-service: Unknown params
04-29 20:12:40.205  5139  5139 D ONBOARDING_FLOW: Start destination=home
04-29 20:12:40.225  5139  5139 I Quality : Skipped: false 1 cost 15.99307 refreshRate 0 processName com.vyn.player
04-29 20:12:40.228  1436  1436 D ORMS_HAL: OrmsHalService write file /proc/sys/kernel/slide_boost_enabled - 0.
04-29 20:12:40.229  1436  1436 E ORMS_HAL: open /sys/devices/platform/soc/soc:oplus-omrg/oplus-omrg0/ruler_enable failed(No such file or directory)
04-29 20:12:40.229  1436  1436 E ORMS_HAL: open /sys/devices/platform/soc/soc:oplus-omrg/oplus-omrg0/ruler_enable failed(No such file or directory)
04-29 20:12:40.229  1436  1436 D ORMS_HAL: OrmsHalService write file /proc/sys/kernel/slide_boost_enabled - 1.
04-29 20:12:40.232  5139  5139 D SCROLL_DEBUG: delta=-47 direction=true index=113
04-29 20:12:40.239  5139  5139 D SCROLL_DEBUG: delta=-25 direction=true index=113
04-29 20:12:40.247  5139  5139 D SCROLL_DEBUG: delta=-27 direction=true index=113
04-29 20:12:40.258  5139  5139 D SCROLL_DEBUG: delta=-29 direction=true index=113
04-29 20:12:40.270  5139  5139 D SCROLL_DEBUG: delta=-29 direction=true index=113
04-29 20:12:40.274  3460  3460 D NoBackGesture: End gesture: MotionEvent { action=ACTION_UP, actionButton=0, id[0]=0, x[0]=824.7636, y[0]=1595.6649, toolType[0]=TOOL_TYPE_FINGER, buttonState=0, classification=NONE, metaState=0, flags=0x0, edgeFlags=0x0, pointerCount=1, historySize=0, eventTime=32632512, downTime=32632396, deviceId=5, source=0x1002, displayId=0, eventId=505160060 }
04-29 20:12:40.276  1386  1386 E vendor.qti.hardware.perf@2.2-service: Unknown params
04-29 20:12:40.279  1436  1436 D ORMS_HAL: OrmsHalService write file /proc/sys/kernel/slide_boost_enabled - 0.
04-29 20:12:40.279  1436  1436 E ORMS_HAL: open /sys/devices/platform/soc/soc:oplus-omrg/oplus-omrg0/ruler_enable failed(No such file or directory)
04-29 20:12:40.281  1436  1436 E ORMS_HAL: open /sys/devices/platform/soc/soc:oplus-omrg/oplus-omrg0/ruler_enable failed(No such file or directory)
04-29 20:12:40.281  1386  1386 E vendor.qti.hardware.perf@2.2-service: Unknown params
04-29 20:12:40.281  1436  1436 D ORMS_HAL: OrmsHalService write file /proc/sys/kernel/slide_boost_enabled - 1.
04-29 20:12:40.283  1436  1436 D ORMS_HAL: OrmsHalService write file /proc/sys/kernel/slide_boost_enabled - 0.
04-29 20:12:40.283  1436  1436 E ORMS_HAL: open /sys/devices/platform/soc/soc:oplus-omrg/oplus-omrg0/ruler_enable failed(No such file or directory)
04-29 20:12:40.283  5139  5139 D SCROLL_DEBUG: delta=-14 direction=true index=113
04-29 20:12:40.283  1436  1436 E ORMS_HAL: open /sys/devices/platform/soc/soc:oplus-omrg/oplus-omrg0/ruler_enable failed(No such file or directory)
04-29 20:12:40.284  1436  1436 D ORMS_HAL: OrmsHalService write file /proc/sys/kernel/slide_boost_enabled - 1.
04-29 20:12:40.292  5139  5139 D SCROLL_DEBUG: delta=-33 direction=true index=113
04-29 20:12:40.307  5139  5139 D SCROLL_DEBUG: delta=226 direction=true index=112
04-29 20:12:40.315  5139  5139 D SCROLL_DEBUG: delta=-32 direction=true index=112
04-29 20:12:40.326  5139  5139 D SCROLL_DEBUG: delta=-31 direction=true index=112
04-29 20:12:40.338  5139  5139 D SCROLL_DEBUG: delta=-33 direction=true index=112
04-29 20:12:40.349  5139  5139 D SCROLL_DEBUG: delta=-28 direction=true index=112
04-29 20:12:40.352  5139  5139 D SCROLL_STATE: raw=true stable=true
04-29 20:12:40.389  5139  5139 D SCROLL_DEBUG: delta=-28 direction=true index=112
04-29 20:12:40.392  5139  5139 I Quality : Skipped: false 2 cost 25.963552 refreshRate 0 processName com.vyn.player
04-29 20:12:40.397  5139  5139 D SCROLL_DEBUG: delta=-76 direction=true index=112
04-29 20:12:40.407  5139  5139 D SCROLL_DEBUG: delta=308 direction=true index=111
04-29 20:12:40.415  5139  5139 D SCROLL_DEBUG: delta=-20 direction=true index=111
04-29 20:12:40.426  5139  5139 D SCROLL_DEBUG: delta=-19 direction=true index=111
04-29 20:12:40.438  5139  5139 D SCROLL_DEBUG: delta=-20 direction=true index=111
04-29 20:12:40.450  5139  5139 D SCROLL_DEBUG: delta=-17 direction=true index=111
04-29 20:12:40.453  1338  1338 D audio_hw_primary: out_standby: enter: stream (0xebd51800) usecase(0: deep-buffer-playback)
04-29 20:12:40.461  5139  5139 D SCROLL_DEBUG: delta=-16 direction=true index=111
04-29 20:12:40.467 23555 23555 I Finsky  : [2] SCH: job service start with id 9270.
04-29 20:12:40.472  5139  5139 D SCROLL_DEBUG: delta=-15 direction=true index=111
04-29 20:12:40.483 23555  1755 I Finsky  : [6375] SCH: Satisfied jobs for 9270 are: 12-1
04-29 20:12:40.485  5139  5139 D SCROLL_DEBUG: delta=-15 direction=true index=111
04-29 20:12:40.485 23555  2126 I Finsky  : [6387] SCH: Job 12-1 starting
04-29 20:12:40.486 23555 23555 I Finsky  : [2] WM::SCH: Logging work start for 12-1
04-29 20:12:40.487 23555 23555 I Finsky  : [2] [ContentSync] job started
04-29 20:12:40.495  5139  5139 D SCROLL_DEBUG: delta=-13 direction=true index=111
04-29 20:12:40.507  5139  5139 D SCROLL_DEBUG: delta=-12 direction=true index=111
04-29 20:12:40.518  5139  5139 D SCROLL_DEBUG: delta=-12 direction=true index=111
04-29 20:12:40.529  5139  5139 D SCROLL_DEBUG: delta=-11 direction=true index=111
04-29 20:12:40.540  5139  5139 D SCROLL_DEBUG: delta=-11 direction=true index=111
04-29 20:12:40.552  5139  5139 D SCROLL_DEBUG: delta=-9 direction=true index=111
04-29 20:12:40.562  5139  5139 D SCROLL_DEBUG: delta=-9 direction=true index=111
04-29 20:12:40.564 24389  5772 W adbd    : timed out while waiting for FUNCTIONFS_BIND, trying again
04-29 20:12:40.564 24389  5772 I adbd    : UsbFfs: connection terminated: monitor thread finished
04-29 20:12:40.574  5139  5139 D SCROLL_DEBUG: delta=-8 direction=true index=111
04-29 20:12:40.577  1338  1338 D audio_hw_primary: stop_output_stream: enter: usecase(0: deep-buffer-playback)
04-29 20:12:40.577  1338  1338 D audio_hw_primary: disable_audio_route: reset and update mixer path: deep-buffer-playback quat_i2s
04-29 20:12:40.579  1338  1338 E soundtrigger: audio_extn_sound_trigger_update_stream_status: invalid input device 0x0, for event 2
04-29 20:12:40.579  1338  1338 D soundtrigger: audio_extn_sound_trigger_update_stream_status: uc_info->id 0 of type 0 for Event 2, with Raise=1
04-29 20:12:40.579  1338  1338 I sound_trigger_platform: platform_stdev_check_and_update_concurrency: Received STREAM event, event type 2, usecase type 0
04-29 20:12:40.579  1338  1338 D sound_trigger_platform: platform_stdev_check_and_update_concurrency: dedicated path 1, reset backend 1, tx 0, rx 0,concurrency session allowed
04-29 20:12:40.579  1338  1338 D msm8974_platform: platform_split_snd_device: snd_device(2) num devices(0) new_snd_devices(0)
04-29 20:12:40.579  1338  1338 I msm8974_platform: platform_get_custom_mtmx_params: no matching param with id 0 ip_ch 2 op_ch 2 uc_id 0 snd_dev 2
04-29 20:12:40.579  1338  1338 D hardware_info: hw_info_append_hw_type : device_name = speaker
04-29 20:12:40.579  1338  1338 D audio_hw_primary: disable_snd_device: snd_device(2: speaker), snd_dev_ref_cnt 0
04-29 20:12:40.579  1338  1338 D audio_hw_primary: disable_snd_device: snd_device(2: speaker)
04-29 20:12:40.579  1338  1338 D msm8974_platform: platform_check_backend_tag_match: be_tag1 = quat_i2s, be_tag2 = quat_i2s
04-29 20:12:40.579  1338  1338 D msm8974_platform: platform_check_backend_tag_match: be_itf1 = QUAT_MI2S_RX, be_itf2 = QUAT_MI2S_RX, match 1
04-29 20:12:40.579  1338  1338 D oplus_spk_protection: oplus_extn_spkr_prot_stop_processing: Entry
04-29 20:12:40.585  5139  5139 D SCROLL_DEBUG: delta=-9 direction=true index=111
04-29 20:12:40.588  1338  1338 D hardware_info: hw_info_append_hw_type : device_name = vi-feedback
04-29 20:12:40.588  1338  1338 D audio_hw_primary: disable_snd_device: snd_device(248: vi-feedback), snd_dev_ref_cnt 0
04-29 20:12:40.588  1338  1338 D audio_hw_primary: disable_snd_device: snd_device(248: vi-feedback)
04-29 20:12:40.588  1338  1338 E msm8974_platform: platform_check_backend_tag_match: Invalid snd_device = vi-feedback
04-29 20:12:40.588  1338  1338 D msm8974_platform: platform_split_snd_device: snd_device(248) num devices(0) new_snd_devices(0)
04-29 20:12:40.588  1338  1338 I soundtrigger: audio_extn_sound_trigger_update_device_status: device 0xf8 of type 1 for Event 0, with Raise=0
04-29 20:12:40.588  1338  1338 D audio_hw_primary: disable_audio_route: reset and update mixer path: spkr-vi-record
04-29 20:12:40.589  1338  1338 D soundtrigger: audio_extn_sound_trigger_update_stream_status: uc_info->id 53 of type 1 for Event 2, with Raise=0
04-29 20:12:40.589  1338  1338 D oplus_spk_protection: oplus_extn_spkr_prot_stop_processing: Exit
04-29 20:12:40.589  1338  1338 D msm8974_platform: platform_split_snd_device: snd_device(2) num devices(0) new_snd_devices(0)
04-29 20:12:40.589  1338  1338 I soundtrigger: audio_extn_sound_trigger_update_device_status: device 0x2 of type 0 for Event 0, with Raise=0
04-29 20:12:40.589  1338  1338 D audio_hw_notify_sensor: notify_audio_state: notify state(0) success
04-29 20:12:40.589  1338  1338 D audio_hw_primary: disable_snd_device:NotifyAudioState AUDIO_ULTRASOUND_DISABLE !!
04-29 20:12:40.589  1338  1338 D audio_hw_primary: stop_output_stream: exit: status(0)
04-29 20:12:40.589  1338  1338 D audio_hw_primary: out_standby: exit
04-29 20:12:40.589  1366  3039 I sensors-hal: AudioStateEventCallBack:1310, _audioState : 0, _preAudioState : 1
04-29 20:12:40.589  1366  3039 I sensors-hal: AudioStateEventCallBack:1313, not active, return
04-29 20:12:40.596  5139  5139 D SCROLL_DEBUG: delta=-7 direction=true index=111
04-29 20:12:40.608  5139  5139 D SCROLL_DEBUG: delta=-6 direction=true index=111
04-29 20:12:40.611 24389 24395 I adbd    : opening control endpoint /dev/usb-ffs/adb/ep0
04-29 20:12:40.624  5139  5139 D SCROLL_DEBUG: delta=-7 direction=true index=111
04-29 20:12:40.629  5139  5139 D SCROLL_DEBUG: delta=-5 direction=null index=111
04-29 20:12:40.639  5139  5139 D SCROLL_DEBUG: delta=-6 direction=true index=111
04-29 20:12:40.653  5139  5139 D SCROLL_DEBUG: delta=-5 direction=null index=111
04-29 20:12:40.664  5139  5139 D SCROLL_DEBUG: delta=-5 direction=null index=111
04-29 20:12:40.675  5139  5139 D SCROLL_DEBUG: delta=-4 direction=null index=111
04-29 20:12:40.684  1436  1436 D ORMS_HAL: OrmsHalService write file /proc/sys/kernel/slide_boost_enabled - 0.
04-29 20:12:40.685  1436  1436 E ORMS_HAL: open /sys/devices/platform/soc/soc:oplus-omrg/oplus-omrg0/ruler_enable failed(No such file or directory)
04-29 20:12:40.686  5139  5139 D SCROLL_DEBUG: delta=-5 direction=null index=111
04-29 20:12:40.686  1436  1436 E ORMS_HAL: open /sys/devices/platform/soc/soc:oplus-omrg/oplus-omrg0/ruler_enable failed(No such file or directory)
04-29 20:12:40.686  1436  1436 D ORMS_HAL: OrmsHalService write file /proc/sys/kernel/slide_boost_enabled - 1.
04-29 20:12:40.697  5139  5139 D SCROLL_DEBUG: delta=-3 direction=null index=111
04-29 20:12:40.707  5139  5139 D SCROLL_DEBUG: delta=-3 direction=null index=111
04-29 20:12:40.710  7214 25363 D IHansComunication: HansComunication::configCheckedUid-- 10428, type = 0
04-29 20:12:40.710  7214 25363 D IHansComunication: HANS sendMessageToKernel: threadId = 487650737328, netLinkSetup = 1, type = FROZEN_TRANS, targetUid = 10428, pkgCmd = PKG_CMD_MAX
04-29 20:12:40.719  5139  5139 D SCROLL_DEBUG: delta=-3 direction=null index=111
04-29 20:12:40.723 23555 23586 I android.vendin: Waiting for a blocking GC ProfileSaver
04-29 20:12:40.731  5139  5139 D SCROLL_DEBUG: delta=-3 direction=null index=111
04-29 20:12:40.741 23555 23555 W Finsky  : [2] STU: Failed to get storage stats for package 'com.google.mainline.primary.libs' (1601: Error getting stats: android.content.pm.PackageManager.NameNotFoundException)
04-29 20:12:40.742  5139  5139 D SCROLL_DEBUG: delta=-3 direction=null index=111
04-29 20:12:40.752  5139  5139 D SCROLL_DEBUG: delta=-2 direction=null index=111
04-29 20:12:40.763  5139  5139 D SCROLL_DEBUG: delta=-2 direction=null index=111
04-29 20:12:40.774  5139  5139 D SCROLL_DEBUG: delta=-2 direction=null index=111
04-29 20:12:40.785  5139  5139 D SCROLL_DEBUG: delta=-1 direction=null index=111
04-29 20:12:40.797  5139  5139 D SCROLL_DEBUG: delta=-1 direction=null index=111
04-29 20:12:40.808  5139  5139 D SCROLL_DEBUG: delta=-1 direction=null index=111
04-29 20:12:40.819  5139  5139 D SCROLL_DEBUG: delta=-1 direction=null index=111
04-29 20:12:40.831  5139  5139 D SCROLL_DEBUG: delta=-1 direction=null index=111
04-29 20:12:40.834  1410  1410 D vendor.oplus.hardware.charger@1.0-service: wireless adapter power -2147483648
04-29 20:12:40.837  2755  2814 I OplusHansManager : unfreeze uid: 10364 com.openai.chatgpt pids: [1254, 31559] reason: Broadcast scene: LcdOn
04-29 20:12:40.838  2755  3811 I OplusHansManager : uid=10364, pkg=com.openai.chatgpt, transition from Frozen to Middle, reason=Broadcast
04-29 20:12:40.838  2755  3811 I OplusHansManager : uid=10364, pkg=com.openai.chatgpt F exit(), reason=Broadcast
04-29 20:12:40.839  7214  7239 E IHansComunication: HANS printMessageBody: RCVed message body: type = 0, port = 86870, caller_pid = 2755, caller_uid = 1000, target_pid = 31559, target_uid = 10364, pkg_cmd = -1
04-29 20:12:40.841  2755  2814 I OplusHansManager : unfreeze uid: 10365 com.anthropic.claude pids: [10869, 10649] reason: Broadcast scene: LcdOn
04-29 20:12:40.841  2755  3811 I OplusHansManager : uid=10365, pkg=com.anthropic.claude, transition from Frozen to Middle, reason=Broadcast
04-29 20:12:40.841  2755  3811 I OplusHansManager : uid=10365, pkg=com.anthropic.claude F exit(), reason=Broadcast
04-29 20:12:40.842  2755  4857 D OplusProxyWakeLock: remove uid: 10364 wiht all pids from wakelockUidInfo list
04-29 20:12:40.842  2755  4857 D OplusProxyWakeLock: remove uid: 10365 wiht all pids from wakelockUidInfo list
04-29 20:12:40.842  2755  3812 I OplusHansManager : forceUnfreezeByPid pid= 31559 reason= unfreezeForKernel: AsyncBinder
04-29 20:12:40.842  3608  3608 D Cloud.DeviceStatusDispatcher: onReceive action=android.intent.action.BATTERY_CHANGED
04-29 20:12:40.865  5139  5139 D SCROLL_DEBUG: delta=-1 direction=null index=111
04-29 20:12:40.873 23555 23555 W Finsky  : [2] STU: Failed to get storage stats for package 'com.google.android.art' (1601: Error getting stats: android.content.pm.PackageManager.NameNotFoundException)
04-29 20:12:40.910 23555 23555 W Finsky  : [2] STU: Failed to get storage stats for package 'com.google.android.mediaprovider' (1601: Error getting stats: android.content.pm.PackageManager.NameNotFoundException)
04-29 20:12:40.928 23555 23555 W Finsky  : [2] STU: Failed to get storage stats for package 'com.google.android.resolv' (1601: Error getting stats: android.content.pm.PackageManager.NameNotFoundException)
04-29 20:12:40.949 23555 23586 I android.vendin: WaitForGcToComplete blocked ProfileSaver on Background for 225.324ms
04-29 20:12:40.953 23555 23555 W Finsky  : [2] STU: Failed to get storage stats for package 'com.google.android.media' (1601: Error getting stats: android.content.pm.PackageManager.NameNotFoundException)
04-29 20:12:40.953  3460  3460 D NoBackGesture: Start gesture: MotionEvent { action=ACTION_DOWN, actionButton=0, id[0]=0, x[0]=853.7905, y[0]=1868.7787, toolType[0]=TOOL_TYPE_FINGER, buttonState=0, classification=NONE, metaState=0, flags=0x0, edgeFlags=0x0, pointerCount=1, historySize=0, eventTime=32633190, downTime=32633190, deviceId=5, source=0x1002, displayId=0, eventId=506995454 }
04-29 20:12:40.953  3460  3460 D NoBackGesture: Not in side gesture area
04-29 20:12:40.954  2755  5520 E OplusZoomWindowManagerService: null stack in getZoomScaleRect
04-29 20:12:40.961  2755  3337 D OGG_Detector: D:done mCurrStatus: 0
04-29 20:12:40.986 31559 31559 E ANR_LOG : >>> msg's executing time is too long
04-29 20:12:40.987 31559 31559 E ANR_LOG : Blocked msg = { when=-5s82ms what=0 target=android.app.ActivityThread$H callback=android.app.LoadedApk$ReceiverDispatcher$Args$$ExternalSyntheticLambda0 } , cost  = 5078 ms
04-29 20:12:40.987 31559 31559 E ANR_LOG : >>>Current msg List is:
04-29 20:12:40.987 31559 31559 E ANR_LOG : Current msg <1> = { when=-144ms what=0 target=android.app.ActivityThread$H callback=android.app.LoadedApk$ReceiverDispatcher$Args$$ExternalSyntheticLambda0 }
04-29 20:12:40.987 31559 31559 E ANR_LOG : >>>CURRENT MSG DUMP OVER<<<
04-29 20:12:41.003  1386  1386 E vendor.qti.hardware.perf@2.2-service: Unknown params
04-29 20:12:41.004  1386  1386 E vendor.qti.hardware.perf@2.2-service: Unknown params
04-29 20:12:41.014  5139  5139 D SCROLL_DEBUG: delta=6 direction=false index=111
04-29 20:12:41.016  5139  5139 D ONBOARDING_FLOW: Start destination=home
04-29 20:12:41.037  5139  5139 I Quality : Skipped: false 1 cost 19.463505 refreshRate 0 processName com.vyn.player
04-29 20:12:41.039  1436  1436 D ORMS_HAL: OrmsHalService write file /proc/sys/kernel/slide_boost_enabled - 0.
04-29 20:12:41.039  1436  1436 E ORMS_HAL: open /sys/devices/platform/soc/soc:oplus-omrg/oplus-omrg0/ruler_enable failed(No such file or directory)
04-29 20:12:41.040  1436  1436 E ORMS_HAL: open /sys/devices/platform/soc/soc:oplus-omrg/oplus-omrg0/ruler_enable failed(No such file or directory)
04-29 20:12:41.040  1436  1436 D ORMS_HAL: OrmsHalService write file /proc/sys/kernel/slide_boost_enabled - 1.
04-29 20:12:41.045  3460  3460 D NoBackGesture: End gesture: MotionEvent { action=ACTION_UP, actionButton=0, id[0]=0, x[0]=848.7859, y[0]=1719.7166, toolType[0]=TOOL_TYPE_FINGER, buttonState=0, classification=NONE, metaState=0, flags=0x0, edgeFlags=0x0, pointerCount=1, historySize=0, eventTime=32633283, downTime=32633190, deviceId=5, source=0x1002, displayId=0, eventId=199505558 }
04-29 20:12:41.046  1386  1386 E vendor.qti.hardware.perf@2.2-service: Unknown params
04-29 20:12:41.046  1386  1386 E vendor.qti.hardware.perf@2.2-service: Unknown params
04-29 20:12:41.051  5139  5139 D SCROLL_DEBUG: delta=63 direction=false index=111
04-29 20:12:41.058  1436  1436 D ORMS_HAL: OrmsHalService write file /proc/sys/kernel/slide_boost_enabled - 0.
