--------- beginning of main
04-29 19:02:47.270  2755  3811 I OplusHansManager : uid=10364, pkg=com.openai.chatgpt can transition from M to F
04-29 19:02:47.270  2755  3811 I OplusHansManager : uid=10364, pkg=com.openai.chatgpt F enter()
04-29 19:02:47.272  2755  3811 I OplusHansManager : freeze uid: 10364 com.openai.chatgpt pids: [1254, 31559] scene: LcdOn
04-29 19:02:47.275  2755  3811 I OplusHansManager : uid=10365, pkg=com.anthropic.claude can transition from M to F
04-29 19:02:47.275  2755  3811 I OplusHansManager : uid=10365, pkg=com.anthropic.claude F enter()
04-29 19:02:47.277  2755  3811 I OplusHansManager : freeze uid: 10365 com.anthropic.claude pids: [10869, 10649] scene: LcdOn
04-29 19:02:47.278  1346  8099 D vendor.qti.bluetooth@1.0-wake_lock: Release wakelock is released 
--------- beginning of system
04-29 19:02:47.289  2755  2827 D OplusFeatureBrightnessBarController: mDarkLevel: 0
04-29 19:02:47.722  1346  8374 I vendor.qti.bluetooth@1.0-ibs_handler: ProcessIbsCmd: Received IBS_WAKE_IND: 0xFD
04-29 19:02:47.722  1346  8374 D vendor.qti.bluetooth@1.0-ibs_handler: SerialClockVote: vote for UART CLK ON
04-29 19:02:47.723  1346  8374 D vendor.qti.bluetooth@1.0-wake_lock: Acquire wakelock is acquired 
04-29 19:02:47.723  1346  8374 I vendor.qti.bluetooth@1.0-ibs_handler: ProcessIbsCmd: Writing IBS_WAKE_ACK
04-29 19:02:47.765  1346  8374 I vendor.qti.bluetooth@1.0-ibs_handler: ProcessIbsCmd: Received IBS_SLEEP_IND: 0xFE
04-29 19:02:47.765  1346  8374 D vendor.qti.bluetooth@1.0-ibs_handler: SerialClockVote: vote for UART CLK OFF
04-29 19:02:47.803  5468  5468 W ThreadPoolForeg: type=1400 audit(0.0:257434): avc: denied { write } for name="traced_producer" dev="tmpfs" ino=35452 scontext=u:r:gmscore_app:s0:c512,c768 tcontext=u:object_r:traced_producer_socket:s0 tclass=sock_file permissive=0 app=com.google.android.gms
04-29 19:02:47.916  1346  8099 D vendor.qti.bluetooth@1.0-wake_lock: Release wakelock is released 
04-29 19:02:48.129 24389 14912 W adbd    : timed out while waiting for FUNCTIONFS_BIND, trying again
04-29 19:02:48.129 24389 14912 I adbd    : UsbFfs: connection terminated: monitor thread finished
04-29 19:02:48.167 24389 24395 I adbd    : opening control endpoint /dev/usb-ffs/adb/ep0
04-29 19:02:48.520  2755  2827 D OplusFeatureBrightnessBarController: mDarkLevel: 0
04-29 19:02:48.532  2755  5707 I ActivityManager: Killing 12242:com.oneplus.chargingpilar/u0a334 (adj 999): empty #31
04-29 19:02:48.536  2755  2809 I libprocessgroup: Successfully killed process cgroup uid 10334 pid 12242 in 0ms
04-29 19:02:48.536   768   768 I hwservicemanager: getTransport: Cannot find entry vendor.qti.hardware.iop@2.0::IIop/default in either framework or device VINTF manifest.
04-29 19:02:48.549  1346  8374 I vendor.qti.bluetooth@1.0-ibs_handler: ProcessIbsCmd: Received IBS_WAKE_IND: 0xFD
04-29 19:02:48.549  1346  8374 D vendor.qti.bluetooth@1.0-ibs_handler: SerialClockVote: vote for UART CLK ON
04-29 19:02:48.550  1346  8374 D vendor.qti.bluetooth@1.0-wake_lock: Acquire wakelock is acquired 
04-29 19:02:48.550  1346  8374 I vendor.qti.bluetooth@1.0-ibs_handler: ProcessIbsCmd: Writing IBS_WAKE_ACK
04-29 19:02:48.554  4579  7217 I NearbyDiscovery: (REDACTED) BloomFilterAdvManager: Detected bloom filter but too far away, ignoring. %sm, %s
04-29 19:02:48.565   768   768 I hwservicemanager: getTransport: Cannot find entry vendor.qti.hardware.iop@2.0::IIop/default in either framework or device VINTF manifest.
04-29 19:02:48.565  1218  1218 I Zygote  : Process 12242 exited due to signal 9 (Killed)
04-29 19:02:48.567  6877  6895 V DeepThinker: ProcessManager: onProcessDied pid:12242, uid:10334
04-29 19:02:48.591  1346  8374 I vendor.qti.bluetooth@1.0-ibs_handler: ProcessIbsCmd: Received IBS_SLEEP_IND: 0xFE
04-29 19:02:48.591  1346  8374 D vendor.qti.bluetooth@1.0-ibs_handler: SerialClockVote: vote for UART CLK OFF
04-29 19:02:48.654 14935 14935 D ProcessState: Binder ioctl to enable oneway spam detection failed: Invalid argument
04-29 19:02:48.656 14935 14935 E Parcel  : Attempt to read from protected data in Parcel 0x7fde99f330
04-29 19:02:48.656 14935 14935 E Parcel  : Attempt to read from protected data in Parcel 0x7fde99f330
04-29 19:02:48.656 14935 14935 E Parcel  : Attempt to read from protected data in Parcel 0x7fde99f330
04-29 19:02:48.656 14935 14935 E Parcel  : Attempt to read from protected data in Parcel 0x7fde99f330
04-29 19:02:48.656 14935 14935 E Parcel  : Attempt to read from protected data in Parcel 0x7fde99f330
04-29 19:02:48.673 14938 14938 W getenforce: type=1400 audit(0.0:257435): avc: denied { read } for name="enforce" dev="selinuxfs" ino=4 scontext=u:r:untrusted_app:s0:c126,c257,c512,c768 tcontext=u:object_r:selinuxfs:s0 tclass=file permissive=0 app=in.amazon.mShop.android.shopping
04-29 19:02:48.683 30331 30331 W Thread-200: type=1400 audit(0.0:257436): avc: denied { read } for name="enforce" dev="selinuxfs" ino=4 scontext=u:r:untrusted_app:s0:c126,c257,c512,c768 tcontext=u:object_r:selinuxfs:s0 tclass=file permissive=0 app=in.amazon.mShop.android.shopping
04-29 19:02:48.683 30331 30331 W Thread-200: type=1400 audit(0.0:257437): avc: denied { read } for name="cache" dev="dm-20" ino=103 scontext=u:r:untrusted_app:s0:c126,c257,c512,c768 tcontext=u:object_r:cache_file:s0 tclass=lnk_file permissive=0 app=in.amazon.mShop.android.shopping
04-29 19:02:48.683 30331 30331 W Thread-200: type=1400 audit(0.0:257438): avc: denied { read } for name="cache" dev="dm-20" ino=103 scontext=u:r:untrusted_app:s0:c126,c257,c512,c768 tcontext=u:object_r:cache_file:s0 tclass=lnk_file permissive=0 app=in.amazon.mShop.android.shopping
04-29 19:02:48.706  1484  1715 D VRR [OTI]: handleIdle from 1 to 0
04-29 19:02:48.706  1484  1715 D VRR [OTI-HW]: isStateReady 0
04-29 19:02:48.706  1484  1715 D VRR [OTI-HW]: rate range: min {id=0, hwcId=0, fps=60.00, width=1080, height=2400 group=0} cur {id=1, hwcId=1, fps=90.00, width=1080, height=2400 group=0} max {id=1, hwcId=1, fps=90.00, width=1080, height=2400 group=0}
04-29 19:02:48.706  1484  1715 D VRR [OTI-HW]: keep rate.
04-29 19:02:48.707  2755  3337 D OGG_Detector: D:done mCurrStatus: 0
04-29 19:02:48.709  2755  5706 E OplusZoomWindowManagerService: null stack in getZoomScaleRect
04-29 19:02:48.710  3460  3460 D NoBackGesture: Start gesture: MotionEvent { action=ACTION_DOWN, actionButton=0, id[0]=0, x[0]=790.7321, y[0]=1815.7566, toolType[0]=TOOL_TYPE_FINGER, buttonState=0, classification=NONE, metaState=0, flags=0x0, edgeFlags=0x0, pointerCount=1, historySize=0, eventTime=29599612, downTime=29599612, deviceId=5, source=0x1002, displayId=0, eventId=130595817 }
04-29 19:02:48.710  3460  3460 D NoBackGesture: Not in side gesture area
04-29 19:02:48.742  1346  8099 D vendor.qti.bluetooth@1.0-wake_lock: Release wakelock is released 
04-29 19:02:48.745  1386  1386 E vendor.qti.hardware.perf@2.2-service: Unknown params
04-29 19:02:48.747  1386  1386 E vendor.qti.hardware.perf@2.2-service: Unknown params
04-29 19:02:48.765 14942 14942 D ProcessState: Binder ioctl to enable oneway spam detection failed: Invalid argument
04-29 19:02:48.766 14942 14942 E Parcel  : Attempt to read from protected data in Parcel 0x7ff5cbb8b0
04-29 19:02:48.766 14942 14942 E Parcel  : Attempt to read from protected data in Parcel 0x7ff5cbb8b0
04-29 19:02:48.766 14942 14942 E Parcel  : Attempt to read from protected data in Parcel 0x7ff5cbb8b0
04-29 19:02:48.766 14942 14942 E Parcel  : Attempt to read from protected data in Parcel 0x7ff5cbb8b0
04-29 19:02:48.766 14942 14942 E Parcel  : Attempt to read from protected data in Parcel 0x7ff5cbb8b0
04-29 19:02:48.774 14122 14122 D SCROLL_DEBUG: delta=8 direction=false index=0
04-29 19:02:48.778  1386  1386 E vendor.qti.hardware.perf@2.2-service: Unknown params
04-29 19:02:48.778  1386  1386 E vendor.qti.hardware.perf@2.2-service: Unknown params
04-29 19:02:48.779  3460  3460 D NoBackGesture: End gesture: MotionEvent { action=ACTION_UP, actionButton=0, id[0]=0, x[0]=874.80994, y[0]=1507.6282, toolType[0]=TOOL_TYPE_FINGER, buttonState=0, classification=NONE, metaState=0, flags=0x0, edgeFlags=0x0, pointerCount=1, historySize=0, eventTime=29599683, downTime=29599612, deviceId=5, source=0x1002, displayId=0, eventId=25363154 }
04-29 19:02:48.779  1436  1436 E ORMS_HAL: open /sys/devices/platform/soc/soc:oplus-omrg/oplus-omrg0/ruler_enable failed(No such file or directory)
04-29 19:02:48.780  1436  1436 D ORMS_HAL: OrmsHalService write file /proc/sys/kernel/slide_boost_enabled - 1.
04-29 19:02:48.791  1436  1436 D ORMS_HAL: OrmsHalService write file /proc/sys/kernel/slide_boost_enabled - 0.
04-29 19:02:48.792  1436  1436 E ORMS_HAL: open /sys/devices/platform/soc/soc:oplus-omrg/oplus-omrg0/ruler_enable failed(No such file or directory)
04-29 19:02:48.794  1436  1436 E ORMS_HAL: open /sys/devices/platform/soc/soc:oplus-omrg/oplus-omrg0/ruler_enable failed(No such file or directory)
04-29 19:02:48.794  1436  1436 D ORMS_HAL: OrmsHalService write file /proc/sys/kernel/slide_boost_enabled - 1.
04-29 19:02:48.797 14122 14122 I Quality : Skipped: true 3 cost 34.54928 refreshRate 0 processName com.vyn.player
04-29 19:02:48.809 14949 14949 D ProcessState: Binder ioctl to enable oneway spam detection failed: Invalid argument
04-29 19:02:48.810 14949 14949 E Parcel  : Attempt to read from protected data in Parcel 0x7fdfdc1e20
04-29 19:02:48.810 14949 14949 E Parcel  : Attempt to read from protected data in Parcel 0x7fdfdc1e20
04-29 19:02:48.810 14949 14949 E Parcel  : Attempt to read from protected data in Parcel 0x7fdfdc1e20
04-29 19:02:48.810 14949 14949 E Parcel  : Attempt to read from protected data in Parcel 0x7fdfdc1e20
04-29 19:02:48.810 14949 14949 E Parcel  : Attempt to read from protected data in Parcel 0x7fdfdc1e20
04-29 19:02:48.815 14122 14122 D SCROLL_DEBUG: delta=18 direction=false index=1
04-29 19:02:48.820 14122 14122 I Quality : Skipped: true 1 cost 12.031593 refreshRate 0 processName com.vyn.player
04-29 19:02:48.840 14122 14122 D SCROLL_DEBUG: delta=3 direction=false index=2
04-29 19:02:48.847 14122 14122 D SCROLL_DEBUG: delta=130 direction=false index=2
04-29 19:02:48.850 14953 14953 D ProcessState: Binder ioctl to enable oneway spam detection failed: Invalid argument
04-29 19:02:48.852 14953 14953 E Parcel  : Attempt to read from protected data in Parcel 0x7fdba2bcc0
04-29 19:02:48.852 14953 14953 E Parcel  : Attempt to read from protected data in Parcel 0x7fdba2bcc0
04-29 19:02:48.852 14953 14953 E Parcel  : Attempt to read from protected data in Parcel 0x7fdba2bcc0
04-29 19:02:48.852 14953 14953 E Parcel  : Attempt to read from protected data in Parcel 0x7fdba2bcc0
04-29 19:02:48.852 14953 14953 E Parcel  : Attempt to read from protected data in Parcel 0x7fdba2bcc0
04-29 19:02:48.864 14122 14122 D SCROLL_DEBUG: delta=-117 direction=false index=3
04-29 19:02:48.865 14122 14122 I Quality : Skipped: true 1 cost 11.950575 refreshRate 0 processName com.vyn.player
04-29 19:02:48.882 14122 14122 D SCROLL_DEBUG: delta=-1 direction=false index=4
04-29 19:02:48.889 14122 14122 D SCROLL_DEBUG: delta=127 direction=false index=4
04-29 19:02:48.893 14957 14957 D ProcessState: Binder ioctl to enable oneway spam detection failed: Invalid argument
04-29 19:02:48.895 14957 14957 E Parcel  : Attempt to read from protected data in Parcel 0x7fc761b6b0
04-29 19:02:48.895 14957 14957 E Parcel  : Attempt to read from protected data in Parcel 0x7fc761b6b0
04-29 19:02:48.895 14957 14957 E Parcel  : Attempt to read from protected data in Parcel 0x7fc761b6b0
04-29 19:02:48.895 14957 14957 E Parcel  : Attempt to read from protected data in Parcel 0x7fc761b6b0
04-29 19:02:48.895 14957 14957 E Parcel  : Attempt to read from protected data in Parcel 0x7fc761b6b0
04-29 19:02:48.906 14122 14122 D SCROLL_DEBUG: delta=-121 direction=false index=5
04-29 19:02:48.912 14122 14122 D SCROLL_DEBUG: delta=125 direction=false index=5
04-29 19:02:48.930 14122 14122 D SCROLL_DEBUG: delta=-124 direction=false index=6
04-29 19:02:48.936 14961 14961 D ProcessState: Binder ioctl to enable oneway spam detection failed: Invalid argument
04-29 19:02:48.937 14961 14961 E Parcel  : Attempt to read from protected data in Parcel 0x7fff76bcf0
04-29 19:02:48.937 14961 14961 E Parcel  : Attempt to read from protected data in Parcel 0x7fff76bcf0
04-29 19:02:48.937 14961 14961 E Parcel  : Attempt to read from protected data in Parcel 0x7fff76bcf0
04-29 19:02:48.937 14961 14961 E Parcel  : Attempt to read from protected data in Parcel 0x7fff76bcf0
04-29 19:02:48.937 14961 14961 E Parcel  : Attempt to read from protected data in Parcel 0x7fff76bcf0
04-29 19:02:48.937 14122 14122 D SCROLL_DEBUG: delta=122 direction=false index=6
04-29 19:02:48.943 14122 14122 D SCROLL_DEBUG: delta=-139 direction=false index=7
04-29 19:02:48.960 14122 14122 D SCROLL_DEBUG: delta=119 direction=false index=7
04-29 19:02:48.966 14122 14122 D SCROLL_DEBUG: delta=-131 direction=false index=8
04-29 19:02:48.978 14965 14965 D ProcessState: Binder ioctl to enable oneway spam detection failed: Invalid argument
04-29 19:02:48.980 14965 14965 E Parcel  : Attempt to read from protected data in Parcel 0x7fee4a70f0
04-29 19:02:48.980 14965 14965 E Parcel  : Attempt to read from protected data in Parcel 0x7fee4a70f0
04-29 19:02:48.980 14965 14965 E Parcel  : Attempt to read from protected data in Parcel 0x7fee4a70f0
04-29 19:02:48.980 14965 14965 E Parcel  : Attempt to read from protected data in Parcel 0x7fee4a70f0
04-29 19:02:48.980 14965 14965 E Parcel  : Attempt to read from protected data in Parcel 0x7fee4a70f0
04-29 19:02:48.984 14122 14122 D SCROLL_DEBUG: delta=115 direction=false index=8
04-29 19:02:48.989 14122 14122 D SCROLL_DEBUG: delta=113 direction=false index=8
04-29 19:02:49.005 14122 14122 D SCROLL_DEBUG: delta=-147 direction=false index=9
04-29 19:02:49.011 14122 14122 D SCROLL_DEBUG: delta=109 direction=false index=9
04-29 19:02:49.016 14122 14122 D SCROLL_DEBUG: delta=-141 direction=false index=10
04-29 19:02:49.025 14969 14969 D ProcessState: Binder ioctl to enable oneway spam detection failed: Invalid argument
04-29 19:02:49.026 14969 14969 E Parcel  : Attempt to read from protected data in Parcel 0x7fe4a78580
04-29 19:02:49.026 14969 14969 E Parcel  : Attempt to read from protected data in Parcel 0x7fe4a78580
04-29 19:02:49.026 14969 14969 E Parcel  : Attempt to read from protected data in Parcel 0x7fe4a78580
04-29 19:02:49.026 14969 14969 E Parcel  : Attempt to read from protected data in Parcel 0x7fe4a78580
04-29 19:02:49.026 14969 14969 E Parcel  : Attempt to read from protected data in Parcel 0x7fe4a78580
04-29 19:02:49.035 14122 14122 D SCROLL_DEBUG: delta=106 direction=false index=10
04-29 19:02:49.039 14122 14122 D SCROLL_DEBUG: delta=103 direction=false index=10
04-29 19:02:49.049 14122 14122 D SCROLL_DEBUG: delta=-178 direction=false index=11
04-29 19:02:49.067 14973 14973 D ProcessState: Binder ioctl to enable oneway spam detection failed: Invalid argument
04-29 19:02:49.068 14122 14122 D SCROLL_DEBUG: delta=100 direction=false index=11
04-29 19:02:49.069 14973 14973 E Parcel  : Attempt to read from protected data in Parcel 0x7ffe74fb50
04-29 19:02:49.069 14973 14973 E Parcel  : Attempt to read from protected data in Parcel 0x7ffe74fb50
04-29 19:02:49.069 14973 14973 E Parcel  : Attempt to read from protected data in Parcel 0x7ffe74fb50
04-29 19:02:49.069 14973 14973 E Parcel  : Attempt to read from protected data in Parcel 0x7ffe74fb50
04-29 19:02:49.069 14973 14973 E Parcel  : Attempt to read from protected data in Parcel 0x7ffe74fb50
04-29 19:02:49.073 14122 14122 D SCROLL_DEBUG: delta=-152 direction=false index=12
04-29 19:02:49.090 14122 14122 D SCROLL_DEBUG: delta=95 direction=false index=12
04-29 19:02:49.095 14122 14122 D SCROLL_DEBUG: delta=93 direction=false index=12
04-29 19:02:49.106 14122 14122 D SCROLL_DEBUG: delta=-187 direction=false index=13
04-29 19:02:49.111 14977 14977 D ProcessState: Binder ioctl to enable oneway spam detection failed: Invalid argument
04-29 19:02:49.113 14977 14977 E Parcel  : Attempt to read from protected data in Parcel 0x7fd15817d0
04-29 19:02:49.113 14977 14977 E Parcel  : Attempt to read from protected data in Parcel 0x7fd15817d0
04-29 19:02:49.113 14977 14977 E Parcel  : Attempt to read from protected data in Parcel 0x7fd15817d0
04-29 19:02:49.113 14977 14977 E Parcel  : Attempt to read from protected data in Parcel 0x7fd15817d0
04-29 19:02:49.113 14977 14977 E Parcel  : Attempt to read from protected data in Parcel 0x7fd15817d0
04-29 19:02:49.124 14122 14122 D SCROLL_DEBUG: delta=97 direction=false index=13
04-29 19:02:49.128 14122 14122 D SCROLL_DEBUG: delta=88 direction=false index=13
04-29 19:02:49.140 14122 14122 D SCROLL_DEBUG: delta=-193 direction=false index=14
04-29 19:02:49.154 14982 14982 D ProcessState: Binder ioctl to enable oneway spam detection failed: Invalid argument
04-29 19:02:49.155 14982 14982 E Parcel  : Attempt to read from protected data in Parcel 0x7fed2fad90
04-29 19:02:49.155 14982 14982 E Parcel  : Attempt to read from protected data in Parcel 0x7fed2fad90
04-29 19:02:49.156 14982 14982 E Parcel  : Attempt to read from protected data in Parcel 0x7fed2fad90
04-29 19:02:49.156 14982 14982 E Parcel  : Attempt to read from protected data in Parcel 0x7fed2fad90
04-29 19:02:49.156 14982 14982 E Parcel  : Attempt to read from protected data in Parcel 0x7fed2fad90
04-29 19:02:49.157 14122 14122 D SCROLL_DEBUG: delta=83 direction=false index=14
04-29 19:02:49.161 14122 14122 D SCROLL_DEBUG: delta=82 direction=false index=14
04-29 19:02:49.172 24389 14918 W adbd    : timed out while waiting for FUNCTIONFS_BIND, trying again
04-29 19:02:49.172 24389 14918 I adbd    : UsbFfs: connection terminated: monitor thread finished
04-29 19:02:49.176 14122 14122 D SCROLL_DEBUG: delta=-174 direction=false index=15
04-29 19:02:49.188 14122 14122 D SCROLL_DEBUG: delta=78 direction=false index=15
04-29 19:02:49.194 14122 14122 D SCROLL_DEBUG: delta=76 direction=false index=15
04-29 19:02:49.198 14986 14986 D ProcessState: Binder ioctl to enable oneway spam detection failed: Invalid argument
04-29 19:02:49.199 14986 14986 E Parcel  : Attempt to read from protected data in Parcel 0x7fd8428a70
04-29 19:02:49.199 14986 14986 E Parcel  : Attempt to read from protected data in Parcel 0x7fd8428a70
04-29 19:02:49.199 14986 14986 E Parcel  : Attempt to read from protected data in Parcel 0x7fd8428a70
04-29 19:02:49.199 14986 14986 E Parcel  : Attempt to read from protected data in Parcel 0x7fd8428a70
04-29 19:02:49.199 14986 14986 E Parcel  : Attempt to read from protected data in Parcel 0x7fd8428a70
04-29 19:02:49.208  1346  8374 I vendor.qti.bluetooth@1.0-ibs_handler: ProcessIbsCmd: Received IBS_WAKE_IND: 0xFD
04-29 19:02:49.208  1346  8374 D vendor.qti.bluetooth@1.0-ibs_handler: SerialClockVote: vote for UART CLK ON
04-29 19:02:49.208 14122 14122 D SCROLL_DEBUG: delta=75 direction=false index=15
04-29 19:02:49.209  1346  8374 D vendor.qti.bluetooth@1.0-wake_lock: Acquire wakelock is acquired 
04-29 19:02:49.209  1346  8374 I vendor.qti.bluetooth@1.0-ibs_handler: ProcessIbsCmd: Writing IBS_WAKE_ACK
04-29 19:02:49.214  4579  7217 I NearbyDiscovery: (REDACTED) BloomFilterAdvManager: Detected bloom filter but too far away, ignoring. %sm, %s
04-29 19:02:49.218 14122 14122 D SCROLL_DEBUG: delta=-206 direction=false index=16
04-29 19:02:49.224 30331 30615 I MlsIntegration: Treatment for Weblab MLS_USE_PSEUDO_DEVICE_ID_ANDROID_1109242 is C_default (changed?: false)
04-29 19:02:49.224 30331 30615 I MlsIntegration: Treatment for Weblab MLS_ANDROID_ZAZ_MIGRATION_1364350 is C_default (changed?: false)
04-29 19:02:49.224 30331 30615 I MlsIntegration: Treatment for Weblab MLS_ENABLE_DEBUG_LOGS_1366122 is C_default (changed?: false)
04-29 19:02:49.234 14122 14122 D SCROLL_DEBUG: delta=78 direction=false index=16
04-29 19:02:49.239 14122 14122 D SCROLL_DEBUG: delta=70 direction=false index=16
04-29 19:02:49.244 14991 14991 D ProcessState: Binder ioctl to enable oneway spam detection failed: Invalid argument
04-29 19:02:49.245 14991 14991 E Parcel  : Attempt to read from protected data in Parcel 0x7fecf2c550
04-29 19:02:49.246 14991 14991 E Parcel  : Attempt to read from protected data in Parcel 0x7fecf2c550
04-29 19:02:49.246 14991 14991 E Parcel  : Attempt to read from protected data in Parcel 0x7fecf2c550
04-29 19:02:49.246 14991 14991 E Parcel  : Attempt to read from protected data in Parcel 0x7fecf2c550
04-29 19:02:49.246 14991 14991 E Parcel  : Attempt to read from protected data in Parcel 0x7fecf2c550
04-29 19:02:49.250  1346  8374 I vendor.qti.bluetooth@1.0-ibs_handler: ProcessIbsCmd: Received IBS_SLEEP_IND: 0xFE
04-29 19:02:49.250  1346  8374 D vendor.qti.bluetooth@1.0-ibs_handler: SerialClockVote: vote for UART CLK OFF
04-29 19:02:49.254 14122 14122 D SCROLL_DEBUG: delta=68 direction=false index=16
04-29 19:02:49.263 14122 14122 D SCROLL_DEBUG: delta=-213 direction=false index=17
04-29 19:02:49.275  7214  7242 D IHansComunication: HansComunication::configCheckedUid-- 10364, type = 0
04-29 19:02:49.275  7214  7242 D IHansComunication: HANS sendMessageToKernel: threadId = 487650737328, netLinkSetup = 1, type = FROZEN_TRANS, targetUid = 10364, pkgCmd = PKG_CMD_MAX
04-29 19:02:49.278  7214  7242 D IHansComunication: HansComunication::configCheckedUid-- 10365, type = 0
04-29 19:02:49.278  7214  7242 D IHansComunication: HANS sendMessageToKernel: threadId = 487650737328, netLinkSetup = 1, type = FROZEN_TRANS, targetUid = 10365, pkgCmd = PKG_CMD_MAX
04-29 19:02:49.279 14122 14122 D SCROLL_DEBUG: delta=65 direction=false index=17
04-29 19:02:49.284 14122 14122 D SCROLL_DEBUG: delta=70 direction=false index=17
04-29 19:02:49.289 14996 14996 D ProcessState: Binder ioctl to enable oneway spam detection failed: Invalid argument
04-29 19:02:49.290 14996 14996 E Parcel  : Attempt to read from protected data in Parcel 0x7ff4d79ed0
04-29 19:02:49.290 14996 14996 E Parcel  : Attempt to read from protected data in Parcel 0x7ff4d79ed0
04-29 19:02:49.290 14996 14996 E Parcel  : Attempt to read from protected data in Parcel 0x7ff4d79ed0
04-29 19:02:49.290 14996 14996 E Parcel  : Attempt to read from protected data in Parcel 0x7ff4d79ed0
04-29 19:02:49.290 14996 14996 E Parcel  : Attempt to read from protected data in Parcel 0x7ff4d79ed0
04-29 19:02:49.299 14122 14122 D SCROLL_DEBUG: delta=62 direction=false index=17
04-29 19:02:49.307 14122 14122 D SCROLL_DEBUG: delta=-218 direction=false index=18
04-29 19:02:49.323 24389 24395 I adbd    : opening control endpoint /dev/usb-ffs/adb/ep0
04-29 19:02:49.325 14122 14122 D SCROLL_DEBUG: delta=59 direction=false index=18
04-29 19:02:49.330 14122 14122 D SCROLL_DEBUG: delta=63 direction=false index=18
04-29 19:02:49.333 15000 15000 D ProcessState: Binder ioctl to enable oneway spam detection failed: Invalid argument
04-29 19:02:49.334 15000 15000 E Parcel  : Attempt to read from protected data in Parcel 0x7ff46ccf20
04-29 19:02:49.334 15000 15000 E Parcel  : Attempt to read from protected data in Parcel 0x7ff46ccf20
04-29 19:02:49.334 15000 15000 E Parcel  : Attempt to read from protected data in Parcel 0x7ff46ccf20
04-29 19:02:49.334 15000 15000 E Parcel  : Attempt to read from protected data in Parcel 0x7ff46ccf20
04-29 19:02:49.334 15000 15000 E Parcel  : Attempt to read from protected data in Parcel 0x7ff46ccf20
04-29 19:02:49.337  3460  3460 D NoBackGesture: Start gesture: MotionEvent { action=ACTION_DOWN, actionButton=0, id[0]=0, x[0]=799.7405, y[0]=1562.6511, toolType[0]=TOOL_TYPE_FINGER, buttonState=0, classification=NONE, metaState=0, flags=0x0, edgeFlags=0x0, pointerCount=1, historySize=0, eventTime=29600243, downTime=29600243, deviceId=5, source=0x1002, displayId=0, eventId=952980146 }
04-29 19:02:49.337  3460  3460 D NoBackGesture: Not in side gesture area
04-29 19:02:49.337  2755  3337 D OGG_Detector: D:done mCurrStatus: 0
04-29 19:02:49.343  2755  5707 E OplusZoomWindowManagerService: null stack in getZoomScaleRect
04-29 19:02:49.351 14122 14122 D SCROLL_DEBUG: delta=57 direction=false index=18
04-29 19:02:49.380 15005 15005 D ProcessState: Binder ioctl to enable oneway spam detection failed: Invalid argument
04-29 19:02:49.382 15005 15005 E Parcel  : Attempt to read from protected data in Parcel 0x7fc5f812d0
04-29 19:02:49.382 15005 15005 E Parcel  : Attempt to read from protected data in Parcel 0x7fc5f812d0
04-29 19:02:49.382 15005 15005 E Parcel  : Attempt to read from protected data in Parcel 0x7fc5f812d0
04-29 19:02:49.382 15005 15005 E Parcel  : Attempt to read from protected data in Parcel 0x7fc5f812d0
04-29 19:02:49.382 15005 15005 E Parcel  : Attempt to read from protected data in Parcel 0x7fc5f812d0
04-29 19:02:49.401  1346  8099 D vendor.qti.bluetooth@1.0-wake_lock: Release wakelock is released 
04-29 19:02:49.435 15009 15009 D ProcessState: Binder ioctl to enable oneway spam detection failed: Invalid argument
04-29 19:02:49.437 15009 15009 E Parcel  : Attempt to read from protected data in Parcel 0x7fef5dc290
04-29 19:02:49.437 15009 15009 E Parcel  : Attempt to read from protected data in Parcel 0x7fef5dc290
04-29 19:02:49.437 15009 15009 E Parcel  : Attempt to read from protected data in Parcel 0x7fef5dc290
04-29 19:02:49.437 15009 15009 E Parcel  : Attempt to read from protected data in Parcel 0x7fef5dc290
04-29 19:02:49.437 15009 15009 E Parcel  : Attempt to read from protected data in Parcel 0x7fef5dc290
04-29 19:02:49.487 15014 15014 D ProcessState: Binder ioctl to enable oneway spam detection failed: Invalid argument
04-29 19:02:49.489 15014 15014 E Parcel  : Attempt to read from protected data in Parcel 0x7fd72e42d0
04-29 19:02:49.489 15014 15014 E Parcel  : Attempt to read from protected data in Parcel 0x7fd72e42d0
04-29 19:02:49.489 15014 15014 E Parcel  : Attempt to read from protected data in Parcel 0x7fd72e42d0
04-29 19:02:49.489 15014 15014 E Parcel  : Attempt to read from protected data in Parcel 0x7fd72e42d0
04-29 19:02:49.489 15014 15014 E Parcel  : Attempt to read from protected data in Parcel 0x7fd72e42d0
04-29 19:02:49.518  3460  3460 D NoBackGesture: End gesture: MotionEvent { action=ACTION_UP, actionButton=0, id[0]=0, x[0]=799.7405, y[0]=1562.6511, toolType[0]=TOOL_TYPE_FINGER, buttonState=0, classification=NONE, metaState=0, flags=0x0, edgeFlags=0x0, pointerCount=1, historySize=0, eventTime=29600424, downTime=29600243, deviceId=5, source=0x1002, displayId=0, eventId=609369970 }
04-29 19:02:49.543 15018 15018 D ProcessState: Binder ioctl to enable oneway spam detection failed: Invalid argument
04-29 19:02:49.546 15018 15018 E Parcel  : Attempt to read from protected data in Parcel 0x7fc40c5130
04-29 19:02:49.547 15018 15018 E Parcel  : Attempt to read from protected data in Parcel 0x7fc40c5130
04-29 19:02:49.547 15018 15018 E Parcel  : Attempt to read from protected data in Parcel 0x7fc40c5130
04-29 19:02:49.547 15018 15018 E Parcel  : Attempt to read from protected data in Parcel 0x7fc40c5130
04-29 19:02:49.547 15018 15018 E Parcel  : Attempt to read from protected data in Parcel 0x7fc40c5130
04-29 19:02:49.603 15022 15022 D ProcessState: Binder ioctl to enable oneway spam detection failed: Invalid argument
04-29 19:02:49.605 15022 15022 E Parcel  : Attempt to read from protected data in Parcel 0x7ffa42a540
04-29 19:02:49.605 15022 15022 E Parcel  : Attempt to read from protected data in Parcel 0x7ffa42a540
04-29 19:02:49.605 15022 15022 E Parcel  : Attempt to read from protected data in Parcel 0x7ffa42a540
04-29 19:02:49.605 15022 15022 E Parcel  : Attempt to read from protected data in Parcel 0x7ffa42a540
04-29 19:02:49.605 15022 15022 E Parcel  : Attempt to read from protected data in Parcel 0x7ffa42a540
04-29 19:02:49.652 15026 15026 D ProcessState: Binder ioctl to enable oneway spam detection failed: Invalid argument
04-29 19:02:49.654 15026 15026 E Parcel  : Attempt to read from protected data in Parcel 0x7fd45d50d0
04-29 19:02:49.654 15026 15026 E Parcel  : Attempt to read from protected data in Parcel 0x7fd45d50d0
04-29 19:02:49.654 15026 15026 E Parcel  : Attempt to read from protected data in Parcel 0x7fd45d50d0
04-29 19:02:49.654 15026 15026 E Parcel  : Attempt to read from protected data in Parcel 0x7fd45d50d0
04-29 19:02:49.654 15026 15026 E Parcel  : Attempt to read from protected data in Parcel 0x7fd45d50d0
04-29 19:02:49.697  3460  3460 D NoBackGesture: Start gesture: MotionEvent { action=ACTION_DOWN, actionButton=0, id[0]=0, x[0]=788.7303, y[0]=1522.6345, toolType[0]=TOOL_TYPE_FINGER, buttonState=0, classification=NONE, metaState=0, flags=0x0, edgeFlags=0x0, pointerCount=1, historySize=0, eventTime=29600600, downTime=29600600, deviceId=5, source=0x1002, displayId=0, eventId=865390235 }
04-29 19:02:49.697  3460  3460 D NoBackGesture: Not in side gesture area
04-29 19:02:49.697  2755  3337 D OGG_Detector: D:done mCurrStatus: 0
04-29 19:02:49.698  2755  5706 E OplusZoomWindowManagerService: null stack in getZoomScaleRect
04-29 19:02:49.703 15040 15040 D ProcessState: Binder ioctl to enable oneway spam detection failed: Invalid argument
04-29 19:02:49.704 15040 15040 E Parcel  : Attempt to read from protected data in Parcel 0x7feb6cf3c0
04-29 19:02:49.704 15040 15040 E Parcel  : Attempt to read from protected data in Parcel 0x7feb6cf3c0
04-29 19:02:49.704 15040 15040 E Parcel  : Attempt to read from protected data in Parcel 0x7feb6cf3c0
04-29 19:02:49.704 15040 15040 E Parcel  : Attempt to read from protected data in Parcel 0x7feb6cf3c0
04-29 19:02:49.704 15040 15040 E Parcel  : Attempt to read from protected data in Parcel 0x7feb6cf3c0
04-29 19:02:49.758  3460  3460 D NoBackGesture: End gesture: MotionEvent { action=ACTION_UP, actionButton=0, id[0]=0, x[0]=788.7303, y[0]=1522.6345, toolType[0]=TOOL_TYPE_FINGER, buttonState=0, classification=NONE, metaState=0, flags=0x0, edgeFlags=0x0, pointerCount=1, historySize=0, eventTime=29600664, downTime=29600600, deviceId=5, source=0x1002, displayId=0, eventId=252046432 }
04-29 19:02:49.761 15048 15048 D ProcessState: Binder ioctl to enable oneway spam detection failed: Invalid argument
04-29 19:02:49.763 15048 15048 E Parcel  : Attempt to read from protected data in Parcel 0x7ff62b5380
04-29 19:02:49.763 15048 15048 E Parcel  : Attempt to read from protected data in Parcel 0x7ff62b5380
04-29 19:02:49.763 15048 15048 E Parcel  : Attempt to read from protected data in Parcel 0x7ff62b5380
04-29 19:02:49.763 15048 15048 E Parcel  : Attempt to read from protected data in Parcel 0x7ff62b5380
04-29 19:02:49.763 15048 15048 E Parcel  : Attempt to read from protected data in Parcel 0x7ff62b5380
04-29 19:02:49.766 14122 14122 D PLAYER_DEBUG: Clicked=Aaye Ho Meri Zindagi Mein  -  Male - PagalNew , resolvedIndex=23, total=313
04-29 19:02:49.766 14122 14122 D PlayerController: playSongs() startIndex=23 boundedIndex=23 size=313
04-29 19:02:49.766 14122 14122 D PLAYER_DEBUG: FINAL INDEX SET = 23
04-29 19:02:49.813 15053 15053 D ProcessState: Binder ioctl to enable oneway spam detection failed: Invalid argument
04-29 19:02:49.814 15053 15053 E Parcel  : Attempt to read from protected data in Parcel 0x7fe806b740
04-29 19:02:49.814 15053 15053 E Parcel  : Attempt to read from protected data in Parcel 0x7fe806b740
04-29 19:02:49.814 15053 15053 E Parcel  : Attempt to read from protected data in Parcel 0x7fe806b740
04-29 19:02:49.814 15053 15053 E Parcel  : Attempt to read from protected data in Parcel 0x7fe806b740
04-29 19:02:49.814 15053 15053 E Parcel  : Attempt to read from protected data in Parcel 0x7fe806b740
04-29 19:02:49.849 14122 14122 D PLAYER_DEBUG: Queue size=313, currentIndex=23, playing=Aaye Ho Meri Zindagi Mein  -  Male - PagalNew 
04-29 19:02:49.851 14122 14122 I Quality : Skipped: true 8 cost 89.59351 refreshRate 0 processName com.vyn.player
04-29 19:02:49.859 15058 15058 D ProcessState: Binder ioctl to enable oneway spam detection failed: Invalid argument
04-29 19:02:49.860 15058 15058 E Parcel  : Attempt to read from protected data in Parcel 0x7fca662a00
04-29 19:02:49.860 15058 15058 E Parcel  : Attempt to read from protected data in Parcel 0x7fca662a00
04-29 19:02:49.860 15058 15058 E Parcel  : Attempt to read from protected data in Parcel 0x7fca662a00
04-29 19:02:49.860 15058 15058 E Parcel  : Attempt to read from protected data in Parcel 0x7fca662a00
04-29 19:02:49.860 15058 15058 E Parcel  : Attempt to read from protected data in Parcel 0x7fca662a00
04-29 19:02:49.887 14122 14122 I Quality : Skipped: false 2 cost 25.170069 refreshRate 0 processName com.vyn.player
04-29 19:02:49.906 15062 15062 D ProcessState: Binder ioctl to enable oneway spam detection failed: Invalid argument
04-29 19:02:49.907 15062 15062 E Parcel  : Attempt to read from protected data in Parcel 0x7ff4b0ede0
04-29 19:02:49.907 15062 15062 E Parcel  : Attempt to read from protected data in Parcel 0x7ff4b0ede0
04-29 19:02:49.907 15062 15062 E Parcel  : Attempt to read from protected data in Parcel 0x7ff4b0ede0
04-29 19:02:49.907 15062 15062 E Parcel  : Attempt to read from protected data in Parcel 0x7ff4b0ede0
04-29 19:02:49.907 15062 15062 E Parcel  : Attempt to read from protected data in Parcel 0x7ff4b0ede0
04-29 19:02:49.914 14122 14122 I Quality : Skipped: true 1 cost 17.902843 refreshRate 0 processName com.vyn.player
04-29 19:02:49.942 14122 14122 I Quality : Skipped: false 2 cost 23.299065 refreshRate 0 processName com.vyn.player
04-29 19:02:49.951 15069 15069 D ProcessState: Binder ioctl to enable oneway spam detection failed: Invalid argument
04-29 19:02:49.952 15069 15069 E Parcel  : Attempt to read from protected data in Parcel 0x7fff15fe30
04-29 19:02:49.952 15069 15069 E Parcel  : Attempt to read from protected data in Parcel 0x7fff15fe30
04-29 19:02:49.952 15069 15069 E Parcel  : Attempt to read from protected data in Parcel 0x7fff15fe30
04-29 19:02:49.952 15069 15069 E Parcel  : Attempt to read from protected data in Parcel 0x7fff15fe30
04-29 19:02:49.952 15069 15069 E Parcel  : Attempt to read from protected data in Parcel 0x7fff15fe30
04-29 19:02:49.996 15073 15073 D ProcessState: Binder ioctl to enable oneway spam detection failed: Invalid argument
04-29 19:02:49.998 15073 15073 E Parcel  : Attempt to read from protected data in Parcel 0x7fc1a0cac0
04-29 19:02:49.998 15073 15073 E Parcel  : Attempt to read from protected data in Parcel 0x7fc1a0cac0
04-29 19:02:49.998 15073 15073 E Parcel  : Attempt to read from protected data in Parcel 0x7fc1a0cac0
04-29 19:02:49.998 15073 15073 E Parcel  : Attempt to read from protected data in Parcel 0x7fc1a0cac0
04-29 19:02:49.998 15073 15073 E Parcel  : Attempt to read from protected data in Parcel 0x7fc1a0cac0
04-29 19:02:50.026  1346  8374 I vendor.qti.bluetooth@1.0-ibs_handler: ProcessIbsCmd: Received IBS_WAKE_IND: 0xFD
04-29 19:02:50.026  1346  8374 D vendor.qti.bluetooth@1.0-ibs_handler: SerialClockVote: vote for UART CLK ON
04-29 19:02:50.027  1346  8374 D vendor.qti.bluetooth@1.0-wake_lock: Acquire wakelock is acquired 
04-29 19:02:50.027  1346  8374 I vendor.qti.bluetooth@1.0-ibs_handler: ProcessIbsCmd: Writing IBS_WAKE_ACK
04-29 19:02:50.032  4579  7217 I NearbyDiscovery: (REDACTED) BloomFilterAdvManager: Detected bloom filter but too far away, ignoring. %sm, %s
04-29 19:02:50.051 15077 15077 D ProcessState: Binder ioctl to enable oneway spam detection failed: Invalid argument
04-29 19:02:50.052 15077 15077 E Parcel  : Attempt to read from protected data in Parcel 0x7ff4798d80
04-29 19:02:50.052 15077 15077 E Parcel  : Attempt to read from protected data in Parcel 0x7ff4798d80
04-29 19:02:50.052 15077 15077 E Parcel  : Attempt to read from protected data in Parcel 0x7ff4798d80
04-29 19:02:50.052 15077 15077 E Parcel  : Attempt to read from protected data in Parcel 0x7ff4798d80
04-29 19:02:50.052 15077 15077 E Parcel  : Attempt to read from protected data in Parcel 0x7ff4798d80
04-29 19:02:50.067  1346  8374 I vendor.qti.bluetooth@1.0-ibs_handler: ProcessIbsCmd: Received IBS_SLEEP_IND: 0xFE
04-29 19:02:50.067  1346  8374 D vendor.qti.bluetooth@1.0-ibs_handler: SerialClockVote: vote for UART CLK OFF
04-29 19:02:50.099 15081 15081 D ProcessState: Binder ioctl to enable oneway spam detection failed: Invalid argument
04-29 19:02:50.101  1338 29483 D audio_hw_primary: adev_get_parameters:offloadVariableRateSupported
04-29 19:02:50.101  1338 29483 D audio_hw_spkr_prot: fbsp_get_parameters: Speaker protection disabled
04-29 19:02:50.101  1338 29483 D soundtrigger: audio_extn_sound_trigger_get_parameters input string<offloadVariableRateSupported=>
04-29 19:02:50.101  1338 29483 D soundtrigger: extract_sm_handle input string <offloadVariableRateSupported=> param string <offloadVariableRateSupported=>
04-29 19:02:50.101  1338 29483 D audio_hw_extn: audio_extn_fm_get_parameters: Enter
04-29 19:02:50.101  1338 29483 D audio_hw_extn: audio_extn_get_parameters: returns 
04-29 19:02:50.101  1338 29483 D audio_hw_primary: adev_get_parameters: exit: returns - 
04-29 19:02:50.101 15081 15081 E Parcel  : Attempt to read from protected data in Parcel 0x7fc76097a0
04-29 19:02:50.101 15081 15081 E Parcel  : Attempt to read from protected data in Parcel 0x7fc76097a0
04-29 19:02:50.101 15081 15081 E Parcel  : Attempt to read from protected data in Parcel 0x7fc76097a0
04-29 19:02:50.101 15081 15081 E Parcel  : Attempt to read from protected data in Parcel 0x7fc76097a0
04-29 19:02:50.101 15081 15081 E Parcel  : Attempt to read from protected data in Parcel 0x7fc76097a0
04-29 19:02:50.101  1476 29489 I hash_map_utils: system/bt/osi/src/hash_map_utils.cc:81 hash_map_utils_dump_string_keys_string_values: key: 'offloadVariableRateSupported' value: ''
04-29 19:02:50.125 14122 14358 W AudioCapabilities: Unsupported mime audio/ffmpeg
04-29 19:02:50.127 14122 14358 W VideoCapabilities: Unsupported mime video/ffmpeg
04-29 19:02:50.133 14122 14358 W VideoCapabilities: Unrecognized profile/level 0/3 for video/mpeg2
04-29 19:02:50.133 14122 14358 W VideoCapabilities: Unrecognized profile/level 0/3 for video/mpeg2
04-29 19:02:50.148 15085 15085 D ProcessState: Binder ioctl to enable oneway spam detection failed: Invalid argument
04-29 19:02:50.150 15085 15085 E Parcel  : Attempt to read from protected data in Parcel 0x7fc057e950
04-29 19:02:50.150 15085 15085 E Parcel  : Attempt to read from protected data in Parcel 0x7fc057e950
04-29 19:02:50.150 15085 15085 E Parcel  : Attempt to read from protected data in Parcel 0x7fc057e950
04-29 19:02:50.150 15085 15085 E Parcel  : Attempt to read from protected data in Parcel 0x7fc057e950
04-29 19:02:50.150 15085 15085 E Parcel  : Attempt to read from protected data in Parcel 0x7fc057e950
04-29 19:02:50.194 14122 14358 I DMCodecAdapterFactory: Creating an asynchronous MediaCodec adapter for track type audio
04-29 19:02:50.198 15089 15089 D ProcessState: Binder ioctl to enable oneway spam detection failed: Invalid argument
04-29 19:02:50.200 15089 15089 E Parcel  : Attempt to read from protected data in Parcel 0x7ffad33000
04-29 19:02:50.200 15089 15089 E Parcel  : Attempt to read from protected data in Parcel 0x7ffad33000
04-29 19:02:50.200 15089 15089 E Parcel  : Attempt to read from protected data in Parcel 0x7ffad33000
04-29 19:02:50.200 15089 15089 E Parcel  : Attempt to read from protected data in Parcel 0x7ffad33000
04-29 19:02:50.200 15089 15089 E Parcel  : Attempt to read from protected data in Parcel 0x7ffad33000
04-29 19:02:50.210 14122 14358 D OplusCCodec: OplusCCodec [122]: (0xb400007c3f9dccc0)
04-29 19:02:50.211 14122 14358 W libc    : Access denied finding property "vendor.oplus.media.vpp.stutter"
04-29 19:02:50.211 14122 15090 D CCodec  : allocate(c2.android.mp3.decoder)
04-29 19:02:50.216 14122 15090 I Codec2Client: Available Codec2 services: "default" "software"
04-29 19:02:50.218  1346  8099 D vendor.qti.bluetooth@1.0-wake_lock: Release wakelock is released 
04-29 19:02:50.219 14122 15090 I CCodec  : setting up 'default' as default (vendor) store
04-29 19:02:50.238  2024 28825 I hw-BpHwBinder: onLastStrongRef automatically unlinking death recipients
04-29 19:02:50.238  2024 28825 D BufferPoolAccessor2.0: bufferpool2 0xb40000718a00ea28 : 0(0 size) total buffers - 0(0 size) used buffers - 0/0 (recycle/alloc) - 0/0 (fetch/transfer)
04-29 19:02:50.238  2024 28825 D BufferPoolAccessor2.0: bufferpool2 0xb40000716faf1a28 : 0(0 size) total buffers - 0(0 size) used buffers - 0/0 (recycle/alloc) - 0/0 (fetch/transfer)
04-29 19:02:50.238  2024 28825 D BufferPoolAccessor2.0: bufferpool2 0xb400007191361c28 : 4(16384 size) total buffers - 4(16384 size) used buffers - 9/13 (recycle/alloc) - 4/13 (fetch/transfer)
04-29 19:02:50.238  1886 25880 D BufferPoolAccessor2.0: bufferpool2 0xe5594718 : 0(0 size) total buffers - 0(0 size) used buffers - 3/9 (recycle/alloc) - 5/6 (fetch/transfer)
04-29 19:02:50.238  1886 25880 D BufferPoolAccessor2.0: Destruction - bufferpool2 0xe5594718 cached: 0/0M, 0/0% in use; allocs: 9, 33% recycled; transfers: 6, 17% unfetched
04-29 19:02:50.240 14122 15090 I CCodec  : Created component [c2.android.mp3.decoder]
04-29 19:02:50.240 14122 15090 D CCodecConfig: read media type: audio/mpeg
04-29 19:02:50.243 14122 15090 D ReflectedParamUpdater: extent() != 1 for single value type: algo.buffers.max-count.values
04-29 19:02:50.243 14122 15090 D ReflectedParamUpdater: extent() != 1 for single value type: output.subscribed-indices.values
04-29 19:02:50.243 14122 15090 D ReflectedParamUpdater: extent() != 1 for single value type: input.buffers.allocator-ids.values
04-29 19:02:50.244 14122 15090 D ReflectedParamUpdater: extent() != 1 for single value type: output.buffers.allocator-ids.values
04-29 19:02:50.244 14122 15090 D ReflectedParamUpdater: extent() != 1 for single value type: algo.buffers.allocator-ids.values
04-29 19:02:50.244 14122 15090 D ReflectedParamUpdater: extent() != 1 for single value type: output.buffers.pool-ids.values
04-29 19:02:50.244 14122 15090 D ReflectedParamUpdater: extent() != 1 for single value type: algo.buffers.pool-ids.values
04-29 19:02:50.247 14122 15090 I CCodecConfig: query failed after returning 7 values (BAD_INDEX)
04-29 19:02:50.247 14122 15090 D CCodecConfig: c2 config diff is Dict {
04-29 19:02:50.247 14122 15090 D CCodecConfig:   c2::u32 coded.bitrate.value = 64000
04-29 19:02:50.247 14122 15090 D CCodecConfig:   c2::u32 input.buffers.max-size.value = 8192
04-29 19:02:50.247 14122 15090 D CCodecConfig:   c2::u32 input.delay.value = 0
04-29 19:02:50.247 14122 15090 D CCodecConfig:   string input.media-type.value = "audio/mpeg"
04-29 19:02:50.247 14122 15090 D CCodecConfig:   string output.media-type.value = "audio/raw"
04-29 19:02:50.247 14122 15090 D CCodecConfig:   c2::u32 raw.channel-count.value = 2
04-29 19:02:50.247 14122 15090 D CCodecConfig:   c2::u32 raw.sample-rate.value = 44100
04-29 19:02:50.247 14122 15090 D CCodecConfig: }
04-29 19:02:50.248 15098 15098 D ProcessState: Binder ioctl to enable oneway spam detection failed: Invalid argument
04-29 19:02:50.249 15098 15098 E Parcel  : Attempt to read from protected data in Parcel 0x7fccf95a40
04-29 19:02:50.249 15098 15098 E Parcel  : Attempt to read from protected data in Parcel 0x7fccf95a40
04-29 19:02:50.249 15098 15098 E Parcel  : Attempt to read from protected data in Parcel 0x7fccf95a40
04-29 19:02:50.249 15098 15098 E Parcel  : Attempt to read from protected data in Parcel 0x7fccf95a40
04-29 19:02:50.249 15098 15098 E Parcel  : Attempt to read from protected data in Parcel 0x7fccf95a40
04-29 19:02:50.250 14122 15090 I MediaCodec: MediaCodec will operate in async mode
04-29 19:02:50.251 14122 14358 I MediaCodec: [c2.android.mp3.decoder] configure, format : AMessage(what = 0x00000000) = {
04-29 19:02:50.251 14122 14358 I MediaCodec:   string log-session-id = "UVGKa5Vg1hwvUc55"
04-29 19:02:50.251 14122 14358 I MediaCodec:   int32_t sample-rate = 44100
04-29 19:02:50.251 14122 14358 I MediaCodec:   string mime = "audio/mpeg"
04-29 19:02:50.251 14122 14358 I MediaCodec:   int32_t channel-count = 2
04-29 19:02:50.251 14122 14358 I MediaCodec:   int32_t priority = 0
04-29 19:02:50.251 14122 14358 I MediaCodec:   int32_t max-input-size = 4096
04-29 19:02:50.251 14122 14358 I MediaCodec: }
04-29 19:02:50.251 14122 15090 D ListServiceUtils: mListServiceUtils::init CallingPid 14122
04-29 19:02:50.254 14122 15090 D ListServiceUtils: mListServiceUtils::init this 0xb400007c3fb14a80
04-29 19:02:50.254  1920  3487 D MMListService: getListValueByUid module:sr-osie-whitelist, uid:10506
04-29 19:02:50.254 14122 15090 V ListServiceUtils: checkInListByUid module:sr-osie-whitelist uid:10506 cost 268us return (null)
04-29 19:02:50.254 14122 15090 D OplusCCodec: debug enabled , debugType :0
04-29 19:02:50.254 14122 15090 D OplusCCodec: [initiateConfigureComponent:L328] OplusFeedbackInfo  mFeedbackID:-5476376613239272256
04-29 19:02:50.256 14122 15090 D CCodec  : [c2.android.mp3.decoder] buffers are bound to CCodec for this session
04-29 19:02:50.257 14122 15090 D CCodecConfig: no c2 equivalents for log-session-id
04-29 19:02:50.257 14122 15090 D CCodecConfig: no c2 equivalents for flags
04-29 19:02:50.258  2024 28825 E Codec2-ComponentInterface: We have a failed config
04-29 19:02:50.258 14122 15090 D CCodecConfig: config failed => CORRUPTED
04-29 19:02:50.258 14122 15090 W Codec2Client: query -- param skipped: index = 1107298332.
04-29 19:02:50.258 14122 15090 D CCodec  : client requested max input size 4096, which is smaller than what component recommended (8192); overriding with component recommendation.
04-29 19:02:50.258 14122 15090 W CCodec  : This behavior is subject to change. It is recommended that app developers double check whether the requested max input size is in reasonable range.
04-29 19:02:50.258 14122 15090 D CCodec  : setup formats input: AMessage(what = 0x00000000) = {
04-29 19:02:50.258 14122 15090 D CCodec  :   int32_t bitrate = 64000
04-29 19:02:50.258 14122 15090 D CCodec  :   int32_t channel-count = 2
04-29 19:02:50.258 14122 15090 D CCodec  :   int32_t max-input-size = 8192
04-29 19:02:50.258 14122 15090 D CCodec  :   string mime = "audio/mpeg"
04-29 19:02:50.258 14122 15090 D CCodec  :   int32_t sample-rate = 44100
04-29 19:02:50.258 14122 15090 D CCodec  : }
04-29 19:02:50.258 14122 15090 D CCodec  : setup formats output: AMessage(what = 0x00000000) = {
04-29 19:02:50.258 14122 15090 D CCodec  :   int32_t channel-count = 2
04-29 19:02:50.258 14122 15090 D CCodec  :   string mime = "audio/raw"
04-29 19:02:50.258 14122 15090 D CCodec  :   int32_t sample-rate = 44100
04-29 19:02:50.258 14122 15090 D CCodec  :   int32_t android._config-pcm-encoding = 2
04-29 19:02:50.258 14122 15090 D CCodec  : }
04-29 19:02:50.259 14122 15090 I CCodecConfig: query failed after returning 7 values (BAD_INDEX)
04-29 19:02:50.261 14122 14358 D MediaCodec: keep callback message for reclaim
04-29 19:02:50.262 14122 15090 W Codec2Client: query -- param skipped: index = 1342179345.
04-29 19:02:50.262 14122 15090 W Codec2Client: query -- param skipped: index = 2415921170.
04-29 19:02:50.262 14122 15090 D C2Store : Using ION
04-29 19:02:50.266 14122 15090 D CCodecBufferChannel: [c2.android.mp3.decoder#987] Created input block pool with allocatorID 16 => poolID 17 - OK (0)
04-29 19:02:50.267 14122 15090 I CCodecBufferChannel: [c2.android.mp3.decoder#987] Created output block pool with allocatorID 16 => poolID 673 - OK
04-29 19:02:50.267 14122 15090 D CCodecBufferChannel: [c2.android.mp3.decoder#987] Configured output block pool ids 673 => OK
04-29 19:02:50.267  2024 28825 E Codec2-ComponentInterface: We have a failed config
04-29 19:02:50.269 14122 15090 D CCodecBufferChannel: [c2.android.mp3.decoder#987] start: updating output delay 0
04-29 19:02:50.269 14122 15090 E ion     : ioctl c0044901 failed with code -1: Inappropriate ioctl for device
04-29 19:02:50.269 14122 15090 I CCodecBufferChannel: pipelineRoom(3) is <= numClientBuffers(3). Not signalling any more buffers to client
04-29 19:02:50.270  2024 15099 D SimpleC2Component: Using output block pool with poolID 673 => got 673 - 0
04-29 19:02:50.278  2024 15099 I C2SoftMp3Dec: Reconfiguring decoder: 0->44100 Hz, 0->2 channels
04-29 19:02:50.296 15105 15105 D ProcessState: Binder ioctl to enable oneway spam detection failed: Invalid argument
04-29 19:02:50.297 15105 15105 E Parcel  : Attempt to read from protected data in Parcel 0x7ffac46070
04-29 19:02:50.297 15105 15105 E Parcel  : Attempt to read from protected data in Parcel 0x7ffac46070
04-29 19:02:50.297 15105 15105 E Parcel  : Attempt to read from protected data in Parcel 0x7ffac46070
04-29 19:02:50.297 15105 15105 E Parcel  : Attempt to read from protected data in Parcel 0x7ffac46070
04-29 19:02:50.297 15105 15105 E Parcel  : Attempt to read from protected data in Parcel 0x7ffac46070
04-29 19:02:50.299 14122 14358 D AudioTrackExtImpl: AudioTrackExtImpl init
04-29 19:02:50.300 14122 14358 D AudioTrack: set() streamType -1, sampleRate 44100, format 0x1, channelMask 0x3, frameCount 14144, flags #0, notificationFrames 0, sessionId 2809, transferType 3, uid -1, pid -1 cbf 1
04-29 19:02:50.300 14122 14358 D AudioTrack: set(): Building AudioTrack with attributes: usage=1 content=0 flags=0xa00 tags=[]
04-29 19:02:50.300   768   768 E SELinux : avc:  denied  { find } for interface=vendor.oplus.hardware.performance::IPerformance sid=u:r:audioserver:s0 pid=1476 scontext=u:r:audioserver:s0 tcontext=u:object_r:hal_performance_hwservice:s0 tclass=hwservice_manager permissive=0
04-29 19:02:50.301  2755  5706 E OplusZoomWindowManagerService: null stack in getZoomScaleRect
04-29 19:02:50.301  1476 29489 E AudioFlingerExtImpl: audioSchedBoost mPerforamnceInterface is NULL
04-29 19:02:50.301  1476 29489 D AudioFlingerExtImpl: addAudioSessionMap, add 2809, uid 10506, map size 4
04-29 19:02:50.301  2755  3337 D OGG_Detector: D:done mCurrStatus: 0
04-29 19:02:50.303  1338 29483 D audio_hw_primary: adev_get_parameters:vr_audio_mode_on
04-29 19:02:50.303  1338 29483 I audio_hw_primary: getting vr mode to 0
04-29 19:02:50.303  1338 29483 D audio_hw_primary: adev_get_parameters: exit: returns - vr_audio_mode_on=false
