04-29 19:02:50.303  1476 29489 I hash_map_utils: system/bt/osi/src/hash_map_utils.cc:81 hash_map_utils_dump_string_keys_string_values: key: 'vr_audio_mode_on' value: ''
04-29 19:02:50.304  1920  3487 D MMListService: getListValueByUid module:fast-audio-effects, uid:10506
04-29 19:02:50.304  1476 29489 V ListServiceUtils: checkInListByUid module:fast-audio-effects uid:10506 cost 302us return (null)
04-29 19:02:50.306  1476 29489 D AudioPolicyManagerExtImpl: oplusForceOutputForMusicEffects Done:  flags 8,  forced_deep 0
04-29 19:02:50.306  3460  3460 D NoBackGesture: Start gesture: MotionEvent { action=ACTION_DOWN, actionButton=0, id[0]=0, x[0]=846.784, y[0]=1822.7595, toolType[0]=TOOL_TYPE_FINGER, buttonState=0, classification=NONE, metaState=0, flags=0x0, edgeFlags=0x0, pointerCount=1, historySize=0, eventTime=29601206, downTime=29601206, deviceId=5, source=0x1002, displayId=0, eventId=43190719 }
04-29 19:02:50.306  3460  3460 D NoBackGesture: Not in side gesture area
04-29 19:02:50.307  1920  3487 D MMListService: getListValueByUid module:fast-audio-effects, uid:10506
04-29 19:02:50.307  1476  2116 V ListServiceUtils: checkInListByUid module:fast-audio-effects uid:10506 cost 304us return (null)
04-29 19:02:50.307  1476  2116 E GameAudioEffects: outputSelected call  getListValueByUid(fast-audio-effects) but return null
04-29 19:02:50.307  1476 29489 D AudioFlinger: createTrack_l output 29  latencyMs 80 mNormalFrameCount 1920 mSampleRate 48000
04-29 19:02:50.307  1476 29489 D AudioFlinger: createTrack_l output 29 minFrameCount 3536 frameCount 14144
04-29 19:02:50.308  1476 29489 V ListServiceUtils: checkInListByPid module:music-background-noise pid:14122 cost 372us return 0
04-29 19:02:50.308  1476 29489 D AudioFlinger: Client defaulted notificationFrames to 7072 for frameCount 14144
04-29 19:02:50.308  1476 29489 D AudioFlinger: createTrack_l output 29 final frameCount 14144 for track session 2809 , mFrameCount 1920, mNormalFrameCount 1920, notificationFrameCount 7072
04-29 19:02:50.310  1476 29489 D AF::TrackHandle: OpPlayAudio: track:345 usage:1 not muted
04-29 19:02:50.313  1920  3487 D MMListService: getListValueByUid module:audio-choppy-boost, uid:10506
04-29 19:02:50.313  1476 29489 V ListServiceUtils: checkInListByUid module:audio-choppy-boost uid:10506 cost 260us return (null)
04-29 19:02:50.317 14122 14358 I AudioTrack: createTrack_l(326) on outputId(29) : 0xb400007c3f82aa00, mCblk = 0x7cefbf1000,  mLatency = 400, mAfLatency = 80, frameCount = 14144, mSampleRate = 44100, mFlags = 0x8, mReqFrameCount = 14144, mNotificationFramesAct = 7072
04-29 19:02:50.318  1920  3487 D MMListService: getListValueByUid module:audio-choppy-boost, uid:10506
04-29 19:02:50.318 14122 14358 V ListServiceUtils: checkInListByUid module:audio-choppy-boost uid:10506 cost 143us return (null)
04-29 19:02:50.323 14122 14358 D AudioTrack: setVolume left 1.000 right 1.000 , callingPid 14122
04-29 19:02:50.324 14122 14358 D AudioTrack: start(326): prior state:STATE_STOPPED output 29 stream 3 session 2809
04-29 19:02:50.324  1476 29489 V AF::Track: start(345): calling pid 14122 session 2809
04-29 19:02:50.324  1476  2354 D AudioFlinger: updateWakeLockUids_l AudioOut_D uids:
04-29 19:02:50.325  1476  2355 D AudioFlinger: updateWakeLockUids_l AudioOut_1D uids:
04-29 19:02:50.326  1476  2366 D AudioFlinger: updateWakeLockUids_l AudioOut_3D uids:
04-29 19:02:50.326  1476  2369 D AudioFlinger: updateWakeLockUids_l AudioOut_4D uids:
04-29 19:02:50.327  1476 29489 V AF::Track: start(345): ? => ACTIVE on thread 29
04-29 19:02:50.328  1476  2100 D APM_AudioPolicyManager: startOutput portId 326
04-29 19:02:50.328  1476  2100 D APM_AudioPolicyManager: startOutput() output 29, stream 3, session 2809
04-29 19:02:50.328  1476  2100 D GameAudioEffects: hasAliveFastEffectTracks  return (0)
04-29 19:02:50.328  1476  2100 D AudioPolicyManagerExtImpl: oplusSelectOutputForMusicEffects pendingOutput  => 29  flags => 0x00000008  outputTageName =>deep_buffer outputs.size(2) older music effect ouput(29), hasAliveGameTracks(0)
04-29 19:02:50.329  1476  2100 D APM_AudioPolicyManager: setOutputDevice() output 29 device {type:0x2,@:} force 0 delayMs 0
04-29 19:02:50.329  1476  2100 D APM_AudioPolicyManager: setOutputDevices:filteredDevices isempty 0,getEncodedFormat 0x0,getName = deep_buffer
04-29 19:02:50.329 24389 15001 W adbd    : timed out while waiting for FUNCTIONFS_BIND, trying again
04-29 19:02:50.329 24389 15001 I adbd    : UsbFfs: connection terminated: monitor thread finished
04-29 19:02:50.331  1476 29489 D AudioFlinger_PlaybackThreadExtImpl: notifyAudioTrackCreate event:atlas_event_audio_track_create info:pid:14122,sessionId:2809,streamType:3,sampleRate:44100,flags:8,deviceTypes:2,hasFastMixer:0
04-29 19:02:50.331  1476 29489 D AtlasEventUploadUtils: setEvent event:atlas_event_audio_track_create
04-29 19:02:50.332  4869  5601 D OplusAtlas.OplusAtlasEventDispatch: setEvent:atlas_event_audio_track_create info:pid:14122,sessionId:2809,streamType:3,sampleRate:44100,flags:8,deviceTypes:2,hasFastMixer:0
04-29 19:02:50.332   768   768 E SELinux : avc:  denied  { find } for interface=vendor.oplus.hardware.performance::IPerformance sid=u:r:audioserver:s0 pid=1476 scontext=u:r:audioserver:s0 tcontext=u:object_r:hal_performance_hwservice:s0 tclass=hwservice_manager permissive=0
04-29 19:02:50.333  4869  5891 D OplusAtlas.OplusMessageHandler: handleMessage: Msg { when=0 what=1 arg1=14122 arg2=3 target=com.oplus.atlas.OplusMessageHandler$MyHandler }
04-29 19:02:50.333  4869  5891 D OplusAtlasService: myHandleMessage: Msg { when=0 what=1 arg1=14122 arg2=3 target=com.oplus.atlas.OplusMessageHandler$MyHandler }
04-29 19:02:50.333  4869  5870 D OplusAtlas.OplusMessageHandler: handleMessage: Msg { when=0 what=1 arg1=14122 arg2=3 obj=com.oplus.atlas.OplusAtlasEvent@e88f2ac target=com.oplus.atlas.OplusMessageHandler$MyHandler }
04-29 19:02:50.335  1476 29489 D AudioTrackServerProxyExtImpl: AudioTrackServerProxyExtImpl init
04-29 19:02:50.335  1476 29489 D AudioTrackServerProxyExtImpl: audioTrackServerProxyTest
04-29 19:02:50.335  1476 29489 D AudioTrackServerProxyExtImpl: audioTrackServerProxy, initialize
04-29 19:02:50.335  1476 29489 D AudioTrackServerProxyExtImpl: initSupportAudioRamp ,  mIsSupport = 0.
04-29 19:02:50.335  1476  2355 V ListServiceUtils: checkInListByUid start module:closepa-blacklist uid:10506  time 29601243460us
04-29 19:02:50.337  6877  6877 V DeepThinker: BroadcastReceiverWrapper: onReceive, start dispatch android.media.ACTION_AUDIO_PLAYBACK_STATE_CHANGED
04-29 19:02:50.338  1476  2355 V ListServiceUtils: checkInListByUid end module:closepa-blacklist uid:10506  time 29601245579us
04-29 19:02:50.338  1476  2355 D ListServiceUtils: checkInListByUid module:closepa-blacklist uid:10506 cost 2118us return 0
04-29 19:02:50.338  1476  2355 E ListServiceUtils: checkInListByUid module:closepa-blacklist uid:10506 cost 2118us return 0
04-29 19:02:50.338  1476  2355 D AudioFlinger: updateWakeLockUids_l AudioOut_1D uids:10506 
04-29 19:02:50.339  5653  5653 D OplusDolbyService: mrDolbyEffectBroadcastReceiver action = android.Multimedia.AudioEffect.AudioTrack_BROADCAST
04-29 19:02:50.339  5653  5653 D OplusDolbyService: +new tast
04-29 19:02:50.339  5653  5653 D OplusDolbyService: -new tast
04-29 19:02:50.342  1476  3272 D AudioFlingerExtImpl: getActiveDeepBufferAudioPids pids = :14122
04-29 19:02:50.342  1906  1927 D EventTest: handleEvent atlas_event_audio_track_create pid:14122,sessionId:2809,streamType:3,flags:8,deviceTypes:2,hasFastMixer:0
04-29 19:02:50.342  1906  1927 E AtlasEventDisptch: dispatchEvent: EventTest took 10472us to handleEvent:atlas_event_audio_track_create
04-29 19:02:50.346  5653 23533 D DetectSceneService: checkAndSetDolby: 0, activeAudioPids = :14122
04-29 19:02:50.355  1386  1386 E vendor.qti.hardware.perf@2.2-service: Unknown params
04-29 19:02:50.355  1386  1386 E vendor.qti.hardware.perf@2.2-service: Unknown params
04-29 19:02:50.356  5653 23533 D DetectSceneService: activePidList = [14122]
04-29 19:02:50.366 15110 15110 D ProcessState: Binder ioctl to enable oneway spam detection failed: Invalid argument
04-29 19:02:50.367 15110 15110 E Parcel  : Attempt to read from protected data in Parcel 0x7fea80a9b0
04-29 19:02:50.367 15110 15110 E Parcel  : Attempt to read from protected data in Parcel 0x7fea80a9b0
04-29 19:02:50.367 15110 15110 E Parcel  : Attempt to read from protected data in Parcel 0x7fea80a9b0
04-29 19:02:50.367 15110 15110 E Parcel  : Attempt to read from protected data in Parcel 0x7fea80a9b0
04-29 19:02:50.367 15110 15110 E Parcel  : Attempt to read from protected data in Parcel 0x7fea80a9b0
04-29 19:02:50.369  1338 23529 D audio_hw_primary: start_output_stream: enter: stream(0xebd51800)usecase(0: deep-buffer-playback) devices(0x2) is_haptic_usecase(0)
04-29 19:02:50.369 14122 14122 D SCROLL_DEBUG: delta=1 direction=null index=18
04-29 19:02:50.370  1338 23529 D audio_hw_primary: select_devices for use case (deep-buffer-playback)
04-29 19:02:50.370  1338 23529 D msm8974_platform: platform_get_output_snd_device: enter: output devices(0x2)
04-29 19:02:50.370  1338 23529 D msm8974_platform: platform_get_output_snd_device: exit: snd_device(speaker)
04-29 19:02:50.370  1338 23529 D ultrasound_extn: ultrasound_select_devices_pre ultrasound_enabled:0 usecase(deep-buffer-playback), devices:2 in_snd_device(0, ), out_snd_device(2, speaker)
04-29 19:02:50.370  1338 23529 D ultrasound_extn: dump_usecase_list: SDM660 enter sensor_activated:0 hw_port_enabled:0
04-29 19:02:50.370  1338 23529 D ultrasound_extn: dump_usecase_list: SDM660 select_devices_pre usecase[#0]:(0, deep-buffer-playback) in_dev:(0, ) out_dv:(0, )
04-29 19:02:50.370  1338 23529 E OPLUS_VOICE_RX_MUTE: oplus_car_set_volume_mute: not in voice mode
04-29 19:02:50.370  1338 23529 I msm8974_platform: platform_check_and_set_codec_backend_cfg:becf: afe: bitwidth 24, samplerate 48000 channels 2, backend_idx 0 usecase = 0 device (speaker)
04-29 19:02:50.370  1338 23529 D msm8974_platform: platform_split_snd_device: snd_device(2) num devices(1) new_snd_devices(0)
04-29 19:02:50.370  1338 23529 I msm8974_platform: platform_check_and_set_codec_backend_cfg: new_snd_devices[0] is 2
04-29 19:02:50.370  1338 23529 I msm8974_platform: platform_check_codec_backend_cfg:becf: afe: bitwidth 24, samplerate 48000 channels 2, backend_idx 0 usecase = 0 device (speaker)
04-29 19:02:50.371  5653 23533 D DetectSceneService: activeAudioAppList = [com.vyn.player]
04-29 19:02:50.372  1338 23529 D audio_hw_extn: audio_extn_enable_hifi_filter: mixer_value set 0
04-29 19:02:50.372  1338 23529 D msm8974_platform: platform_check_codec_backend_cfg:becf: updated afe: bitwidth 24, samplerate 48000 channels 2,backend_idx 0 usecase = 0 device (speaker)
04-29 19:02:50.372  1338 23529 D msm8974_platform: platform_check_codec_backend_cfg:becf: afe: playback on codec device not supporting native playback set default Sample Rate(48k)
04-29 19:02:50.372  1338 23529 I msm8974_platform: platform_check_codec_backend_cfg:becf: afe: Codec selected backend: 0 updated bit width: 24 and sample rate: 48000
04-29 19:02:50.372  1338 23529 I msm8974_platform: platform_check_codec_backend_cfg:becf: afe: Codec backend needs to be updated. new bit width: 24new sample rate: 48000 new channels: 2
04-29 19:02:50.372  1338 23529 I msm8974_platform: platform_set_codec_backend_cfg:becf: afe: bitwidth 24, samplerate 48000 channels 2 format 6, backend_idx 0 device (speaker)
04-29 19:02:50.372  1338 23529 D audio_hw_primary: check_usecases_codec_backend:becf: force routing 0
04-29 19:02:50.373  1338 23529 E msm8974_platform: platform_check_backends_match: Invalid snd_device = 
04-29 19:02:50.373  1338 23529 D audio_hw_primary: check_usecases_codec_backend:becf: (102) check_usecases curr device: speaker, usecase device: backends match 0
04-29 19:02:50.373  1338 23529 D audio_hw_primary: check_usecases_codec_backend:becf: check_usecases num.of Usecases to switch 0
04-29 19:02:50.373  1338 23529 D hardware_info: hw_info_append_hw_type : device_name = speaker
04-29 19:02:50.373  1338 23529 D audio_hw_primary: enable_snd_device: snd_device(2: speaker), snd_dev_ref_cnt 1
04-29 19:02:50.373  1338 23529 D msm8974_platform: platform_check_backend_tag_match: be_tag1 = quat_i2s, be_tag2 = quat_i2s
04-29 19:02:50.373  1338 23529 D msm8974_platform: platform_check_backend_tag_match: be_itf1 = QUAT_MI2S_RX, be_itf2 = QUAT_MI2S_RX, match 1
04-29 19:02:50.373  1338 23529 D oplus_spk_protection: oplus_extn_spkr_prot_start_processing: Entry
04-29 19:02:50.373  1338 23529 D oplus_spk_protection: oplus_extn_spkr_prot_start_processing: start
04-29 19:02:50.373  1338 23529 D hardware_info: hw_info_append_hw_type : device_name = vi-feedback
04-29 19:02:50.373  1338 23529 D audio_hw_primary: enable_snd_device: snd_device(248: vi-feedback), snd_dev_ref_cnt 1
04-29 19:02:50.373  1338 23529 E msm8974_platform: platform_check_backend_tag_match: Invalid snd_device = vi-feedback
04-29 19:02:50.373  1338 23529 D msm8974_platform: platform_split_snd_device: snd_device(248) num devices(0) new_snd_devices(0)
04-29 19:02:50.373  1338 23529 D audio_hw_primary: enable_snd_device: snd_device(248: vi-feedback)
04-29 19:02:50.373  1338 23529 D msm8974_platform: platform_get_island_cfg_on_device:island cfg status on snd_device = (vi-feedback 0)
04-29 19:02:50.373  1338 23529 I soundtrigger: audio_extn_sound_trigger_update_device_status: device 0xf8 of type 1 for Event 1, with Raise=0
04-29 19:02:50.373  1338 23529 D audio_route: Apply path: vi-feedback
04-29 19:02:50.373  1338 23529 D soundtrigger: audio_extn_sound_trigger_update_stream_status: uc_info->id 53 of type 1 for Event 3, with Raise=0
04-29 19:02:50.373  1338 23529 D audio_hw_utils: audio_extn_utils_send_app_type_cfg: usecase->in_snd_device vi-feedback
04-29 19:02:50.373  1338 23529 E voice   : voice_is_in_call_rec_stream: input stream is NULL
04-29 19:02:50.373  1338 23529 D msm8974_platform: platform_split_snd_device: snd_device(248) num devices(0) new_snd_devices(0)
04-29 19:02:50.373  1338 23529 E audio_hw_utils: send_app_type_cfg_for_device: Could not get ctl for mixer cmd - Audio Stream Capture 35 App Type Cfg
04-29 19:02:50.373  1338 23529 D msm8974_platform: platform_split_snd_device: snd_device(248) num devices(1) new_snd_devices(0)
04-29 19:02:50.373  1338 23529 D ACDB-LOADER: ACDB -> send_audio_cal, acdb_id = 102, path = 1, app id = 0x11132, sample rate = 8000, afe_sample_rate = 8000
04-29 19:02:50.373  1338 23529 D ACDB-LOADER: ACDB -> send_asm_topology
04-29 19:02:50.373  1338 23529 D ACDB-LOADER: ACDB -> ACDB_CMD_GET_AUDPROC_STREAM_TOPOLOGY_ID
04-29 19:02:50.373  1338 23529 D ACDB-LOADER: ACDB -> send_adm_topology
04-29 19:02:50.373  1338 23529 D ACDB-LOADER: ACDB -> ACDB_CMD_GET_AUDPROC_COMMON_TOPOLOGY_ID
04-29 19:02:50.373  1338 23529 D ACDB-LOADER: ACDB -> send_audtable
04-29 19:02:50.373  1338 23529 D ACDB-LOADER: ACDB -> ACDB_CMD_GET_AUDPROC_INSTANCE_COMMON_TABLE_SIZE
04-29 19:02:50.373  1338 23529 D ACDB-LOADER: ACDB -> ACDB_CMD_GET_AUDPROC_INSTANCE_COMMON_TABLE
04-29 19:02:50.373  1338 23529 D ACDB-LOADER: ACDB -> AUDIO_SET_AUDPROC_CAL cal_type[11] acdb_id[102] app_type[69938]
04-29 19:02:50.373  1338 23529 D ACDB-LOADER: ACDB -> ACDB_CMD_GET_PERSISTENT_AUDPROC_INSTANCE_COMMON_TABLE_SIZE
04-29 19:02:50.373  1338 23529 D android.hardware.audio.service: [Data Manager]-> No data found
04-29 19:02:50.373  1338 23529 D ACDB-LOADER: Error: ACDB_CMD_GET_PERSISTENT_AUDPROC_INSTANCE_COMMON_TABLE_SIZE returned -18
04-29 19:02:50.373  1338 23529 D ACDB-LOADER: ACDB -> send_audproc_persist_table -18 
04-29 19:02:50.373  1338 23529 D ACDB-LOADER: Error: Invalid Audproc persist size = -18
04-29 19:02:50.373  1338 23529 D ACDB-LOADER: ACDB -> ACDB_CMD_GET_AUDPROC_INSTANCE_STREAM_TABLE_SIZE
04-29 19:02:50.373  1338 23529 D ACDB-LOADER: ACDB -> send_audstrmtable
04-29 19:02:50.373  1338 23529 D ACDB-LOADER: ACDB -> ACDB_CMD_GET_AUDPROC_INSTANCE_STREAM_TABLE
04-29 19:02:50.373  1338 23529 D ACDB-LOADER: ACDB -> audstrm_cal->cal_type.cal_data.cal_size = 20
04-29 19:02:50.373  1338 23529 D ACDB-LOADER: ACDB -> send_afe_topology
04-29 19:02:50.373  1338 23529 D ACDB-LOADER: ACDB -> ACDB_CMD_GET_AFE_TOPOLOGY_ID
04-29 19:02:50.373  1338 23529 D ACDB-LOADER: ACDB -> GET_AFE_TOPOLOGY_ID for adcd_id 102, Topology Id 1000b909
04-29 19:02:50.373  1338 23529 D ACDB-LOADER: ACDB -> send_afe_cal
04-29 19:02:50.373  1338 23529 D ACDB-LOADER: ACDB -> ACDB_CMD_GET_AFE_INSTANCE_COMMON_TABLE_SIZE
04-29 19:02:50.373  1338 23529 D ACDB-LOADER: ACDB -> ACDB_CMD_GET_AFE_INSTANCE_COMMON_TABLE
04-29 19:02:50.373  1338 23529 D ACDB-LOADER: ACDB -> AUDIO_SET_AFE_CAL cal_type[17] acdb_id[102]
04-29 19:02:50.373  1338 23529 D ACDB-LOADER: ACDB -> send_hw_delay : acdb_id = 102 path = 1
04-29 19:02:50.373  1338 23529 D ACDB-LOADER: ACDB -> ACDB_AVSYNC_INFO: ACDB_CMD_GET_DEVICE_PROPERTY
04-29 19:02:50.373  1338 23529 D audio_hw_primary: enable_audio_route: apply mixer and update path: spkr-vi-record
04-29 19:02:50.373  1338 23529 D audio_route: Apply path: spkr-vi-record
04-29 19:02:50.374  1338 23529 D oplus_spk_protection: oplus_extn_spkr_prot_start_processing: pcm start for TX to 35
04-29 19:02:50.376  5653 23533 D DetectSceneService: activePidList = [14122]
04-29 19:02:50.376  1436  1436 D ORMS_HAL: OrmsHalService write file /proc/sys/kernel/slide_boost_enabled - 0.
04-29 19:02:50.376  1436  1436 E ORMS_HAL: open /sys/devices/platform/soc/soc:oplus-omrg/oplus-omrg0/ruler_enable failed(No such file or directory)
04-29 19:02:50.376  1436  1436 E ORMS_HAL: open /sys/devices/platform/soc/soc:oplus-omrg/oplus-omrg0/ruler_enable failed(No such file or directory)
04-29 19:02:50.376  1436  1436 D ORMS_HAL: OrmsHalService write file /proc/sys/kernel/slide_boost_enabled - 1.
04-29 19:02:50.377  5653 23533 D DetectSceneService: activeAudioAppList = [com.vyn.player]
04-29 19:02:50.377  5653 23533 D DetectSceneService: SelectedCategory: 0
04-29 19:02:50.378  5653 23533 D DetectSceneService: checkAndGetProfile profile:0
04-29 19:02:50.378  5653 23533 D OplusDolbyService: setEffectEnable ++++ enable = true profile = 0 mSelectedProfile:0
04-29 19:02:50.378  5653 23533 D OplusDolbyService: mWiredHeadsetOn:false, mA2dpConnected:false
04-29 19:02:50.378  5653 23533 D OplusDolbyService: mEffectUIOn:true
04-29 19:02:50.378  5653 23533 D OplusDolbyService: setDolbyDsOn, enable:true
04-29 19:02:50.381 14122 14122 D SCROLL_DEBUG: delta=34 direction=false index=18
04-29 19:02:50.383  1338 29483 D DlbDlbEffect: handle_EFFECT_CMD_SET_PARAM()
04-29 19:02:50.387  1338 29483 D DlbDlbEffect: handle_EFFECT_CMD_SET_PARAM()
04-29 19:02:50.388  5653 23533 D OplusDolbyService: setEffectProfileImpl, effectProfile:0
04-29 19:02:50.389  1409  1468 V DolbyManagerService: doOnDapParamUpdate() entry
04-29 19:02:50.389  1338 29483 D DlbDapEffectContext: onDapParamUpdate()
04-29 19:02:50.390  1338 29483 D DlbDapEffectContext: onDapParamUpdate()
04-29 19:02:50.391  1409  1468 V DolbyManagerService: doOnDapParamUpdate() exit
04-29 19:02:50.391  1338 23529 D oplus_spk_protection: oplus_extn_spkr_prot_start_processing: Exit
04-29 19:02:50.391  1338 23529 D msm8974_platform: platform_split_snd_device: snd_device(2) num devices(0) new_snd_devices(0)
04-29 19:02:50.391  1338 23529 D audio_hw_primary: enable_snd_device: snd_device(2: speaker)
04-29 19:02:50.391  1338 23529 D msm8974_platform: platform_get_island_cfg_on_device:island cfg status on snd_device = (speaker 0)
04-29 19:02:50.391  1338 23529 I soundtrigger: audio_extn_sound_trigger_update_device_status: device 0x2 of type 0 for Event 1, with Raise=0
04-29 19:02:50.391  1338 23529 D audio_route: Apply path: speaker
04-29 19:02:50.391  1338 23529 I audio_hw_utils: audio_extn_utils_update_stream_output_app_type_cfg Allowing 24 and above bits playback on speaker ONLY at default sampling rate
04-29 19:02:50.391  1338 23529 E soundtrigger: audio_extn_sound_trigger_update_stream_status: invalid input device 0x0, for event 3
04-29 19:02:50.391  1338 23529 D soundtrigger: audio_extn_sound_trigger_update_stream_status: uc_info->id 0 of type 0 for Event 3, with Raise=1
04-29 19:02:50.392  1409  1409 I DMSService: getSelectedTuningDevice called with port=0.
04-29 19:02:50.392  1338 23529 I sound_trigger_platform: platform_stdev_check_and_update_concurrency: Received STREAM event, event type 3, usecase type 0
04-29 19:02:50.392  1338 23529 D sound_trigger_platform: platform_stdev_check_and_update_concurrency: dedicated path 1, reset backend 1, tx 0, rx 1,concurrency session allowed
04-29 19:02:50.392  1338 23529 D audio_hw_utils: audio_extn_utils_send_app_type_cfg: usecase->out_snd_device speaker
04-29 19:02:50.392  1338 23529 D msm8974_platform: platform_split_snd_device: snd_device(2) num devices(0) new_snd_devices(0)
04-29 19:02:50.393  1338 23529 D audio_hw_utils: audio_extn_btsco_get_sample_rate:Not a BT SCO device, need not update sampling rate
04-29 19:02:50.393  1338 23529 I audio_hw_utils: send_app_type_cfg_for_device PLAYBACK app_type 69936, acdb_dev_id 15, sample_rate 48000, snd_device_be_idx 39
04-29 19:02:50.393  1338 23529 D msm8974_platform: platform_split_snd_device: snd_device(2) num devices(1) new_snd_devices(0)
04-29 19:02:50.393  1338 23529 D audio_hw_utils: audio_extn_btsco_get_sample_rate:Not a BT SCO device, need not update sampling rate
04-29 19:02:50.393  1338 23529 D DlbQdspGefDriver: eventCallback(): audio device 0x00000002 (sample rate 48000, channelMask 0x00000003, ACDB device id 15, app type 0x11130) becomes active!
04-29 19:02:50.393  1338 23529 D DlbQdspGefDriver: setDevice(device=0x00000002): old device 0x00000002
04-29 19:02:50.393  1338 23529 D ACDB-LOADER: ACDB -> send_audio_cal, acdb_id = 15, path = 0, app id = 0x11130, sample rate = 48000, afe_sample_rate = 48000
04-29 19:02:50.393  1338 23529 D ACDB-LOADER: ACDB -> send_asm_topology
04-29 19:02:50.393  1338 23529 D ACDB-LOADER: ACDB -> ACDB_CMD_GET_AUDPROC_STREAM_TOPOLOGY_ID
04-29 19:02:50.393  5653 23533 D OplusDolbyService: mPhoneDisplayOrientation: 0, mExternalDeviceStatus: 1, endpoint port:0, endpoint device:default_speaker_portrait
04-29 19:02:50.393  1436  1436 D ORMS_HAL: OrmsHalService write file /proc/sys/kernel/slide_boost_enabled - 0.
04-29 19:02:50.393  1338 23529 D ACDB-LOADER: ACDB -> send_adm_topology
04-29 19:02:50.393  1338 23529 D ACDB-LOADER: ACDB -> ACDB_CMD_GET_AUDPROC_COMMON_TOPOLOGY_ID
04-29 19:02:50.393  1338 23529 D ACDB-LOADER: ACDB -> send_audtable
04-29 19:02:50.393  1338 23529 D ACDB-LOADER: ACDB -> ACDB_CMD_GET_AUDPROC_INSTANCE_COMMON_TABLE_SIZE
04-29 19:02:50.393  1436  1436 E ORMS_HAL: open /sys/devices/platform/soc/soc:oplus-omrg/oplus-omrg0/ruler_enable failed(No such file or directory)
04-29 19:02:50.393  1338 23529 D ACDB-LOADER: ACDB -> ACDB_CMD_GET_AUDPROC_INSTANCE_COMMON_TABLE
04-29 19:02:50.393  1338 23529 D ACDB-LOADER: ACDB -> AUDIO_SET_AUDPROC_CAL cal_type[11] acdb_id[15] app_type[69936]
04-29 19:02:50.394  1436  1436 E ORMS_HAL: open /sys/devices/platform/soc/soc:oplus-omrg/oplus-omrg0/ruler_enable failed(No such file or directory)
04-29 19:02:50.394  1338 23529 D ACDB-LOADER: ACDB -> send_audvoltable
04-29 19:02:50.394  1338 23529 D ACDB-LOADER: ACDB -> ACDB_CMD_GET_AUDPROC_INSTANCE_GAIN_DEP_STEP_TABLE_SIZE
04-29 19:02:50.394  1436  1436 D ORMS_HAL: OrmsHalService write file /proc/sys/kernel/slide_boost_enabled - 1.
04-29 19:02:50.394  1338 23529 D ACDB-LOADER: ACDB -> ACDB_CMD_GET_AUDPROC_INSTANCE_GAIN_DEP_STEP_TABLE, vol index 0
04-29 19:02:50.394  1338 23529 D ACDB-LOADER: ACDB -> AUDIO_SET_VOL_CAL cal type = 12
04-29 19:02:50.394  1338 23529 D ACDB-LOADER: ACDB -> ACDB_CMD_GET_AUDPROC_INSTANCE_STREAM_TABLE_SIZE
04-29 19:02:50.394  1338 23529 D ACDB-LOADER: ACDB -> send_audstrmtable
04-29 19:02:50.394  1338 23529 D ACDB-LOADER: ACDB -> ACDB_CMD_GET_AUDPROC_INSTANCE_STREAM_TABLE
04-29 19:02:50.394  1338 23529 D ACDB-LOADER: ACDB -> audstrm_cal->cal_type.cal_data.cal_size = 536
04-29 19:02:50.394  1338 23529 D ACDB-LOADER: ACDB -> send_afe_topology
04-29 19:02:50.394  1338 23529 D ACDB-LOADER: ACDB -> ACDB_CMD_GET_AFE_TOPOLOGY_ID
04-29 19:02:50.394  1338 23529 D ACDB-LOADER: ACDB -> GET_AFE_TOPOLOGY_ID for adcd_id 15, Topology Id 1000b910
04-29 19:02:50.394  1338 23529 D ACDB-LOADER: ACDB -> send_afe_cal
04-29 19:02:50.394  1338 23529 D ACDB-LOADER: ACDB -> ACDB_CMD_GET_AFE_INSTANCE_COMMON_TABLE_SIZE
04-29 19:02:50.394  1338 23529 D ACDB-LOADER: ACDB -> ACDB_CMD_GET_AFE_INSTANCE_COMMON_TABLE
04-29 19:02:50.394  1338 23529 D ACDB-LOADER: ACDB -> AUDIO_SET_AFE_CAL cal_type[16] acdb_id[15]
04-29 19:02:50.394  1338 23529 D ACDB-LOADER: ACDB -> send_hw_delay : acdb_id = 15 path = 0
04-29 19:02:50.394  1338 23529 D ACDB-LOADER: ACDB -> ACDB_AVSYNC_INFO: ACDB_CMD_GET_DEVICE_PROPERTY
04-29 19:02:50.394  1338 23529 D msm8974_platform: platform_split_snd_device: snd_device(2) num devices(0) new_snd_devices(0)
04-29 19:02:50.394  1338 23529 I msm8974_platform: platform_get_custom_mtmx_params: no matching param with id 0 ip_ch 2 op_ch 2 uc_id 0 snd_dev 2
04-29 19:02:50.394  1338 23529 D audio_hw_primary: enable_audio_route: apply mixer and update path: deep-buffer-playback quat_i2s
04-29 19:02:50.394  1338 23529 D audio_route: Apply path: deep-buffer-playback quat_i2s
04-29 19:02:50.395  1338 23529 D ultrasound_extn: ultrasound_select_devices_post: enter: engine_suspended: 0
04-29 19:02:50.395  1338 23529 D ultrasound_extn: dump_usecase_list: SDM660 enter sensor_activated:0 hw_port_enabled:0
04-29 19:02:50.395  1338 23529 D ultrasound_extn: dump_usecase_list: SDM660 select_devices_post usecase[#0]:(0, deep-buffer-playback) in_dev:(0, ) out_dv:(2, speaker)
04-29 19:02:50.395  1338 23529 D ultrasound_extn: dump_usecase_list: SDM660 select_devices_post usecase[#1]:(53, spkr-vi-record) in_dev:(248, vi-feedback) out_dv:(0, )
04-29 19:02:50.395  1338 23529 D audio_hw_primary: select_devices: acdb_id_out: 15
04-29 19:02:50.395  1338 23529 D audio_hw_primary: select_devices:FOUND ultrasound devices : snd_device(2: speaker)
04-29 19:02:50.395  1338 23529 D audio_hw_notify_sensor: notify_audio_state: notify state(1) success
04-29 19:02:50.395  1338 23529 D audio_hw_primary: select_devices:NotifyAudioState AUDIO_ULTRASOUND_ENABLE !
04-29 19:02:50.395  1338 23529 D audio_hw_primary: select_devices: done
04-29 19:02:50.395  1366  3039 I sensors-hal: AudioStateEventCallBack:1310, _audioState : 1, _preAudioState : 0
04-29 19:02:50.395  1366  3039 I sensors-hal: AudioStateEventCallBack:1313, not active, return
04-29 19:02:50.401 14122 14122 D SCROLL_DEBUG: delta=-174 direction=false index=19
04-29 19:02:50.408  3460  3460 D NoBackGesture: End gesture: MotionEvent { action=ACTION_UP, actionButton=0, id[0]=0, x[0]=861.7979, y[0]=1572.6553, toolType[0]=TOOL_TYPE_FINGER, buttonState=0, classification=NONE, metaState=0, flags=0x0, edgeFlags=0x0, pointerCount=1, historySize=0, eventTime=29601315, downTime=29601206, deviceId=5, source=0x1002, displayId=0, eventId=727519808 }
04-29 19:02:50.408  1386  1386 E vendor.qti.hardware.perf@2.2-service: Unknown params
04-29 19:02:50.409  1386  1386 E vendor.qti.hardware.perf@2.2-service: Unknown params
04-29 19:02:50.413  1436  1436 D ORMS_HAL: OrmsHalService write file /proc/sys/kernel/slide_boost_enabled - 0.
04-29 19:02:50.414  1436  1436 E ORMS_HAL: open /sys/devices/platform/soc/soc:oplus-omrg/oplus-omrg0/ruler_enable failed(No such file or directory)
04-29 19:02:50.414  1436  1436 E ORMS_HAL: open /sys/devices/platform/soc/soc:oplus-omrg/oplus-omrg0/ruler_enable failed(No such file or directory)
04-29 19:02:50.414  1436  1436 D ORMS_HAL: OrmsHalService write file /proc/sys/kernel/slide_boost_enabled - 1.
04-29 19:02:50.416 15115 15115 D ProcessState: Binder ioctl to enable oneway spam detection failed: Invalid argument
04-29 19:02:50.417 15115 15115 E Parcel  : Attempt to read from protected data in Parcel 0x7fc150d690
04-29 19:02:50.417 15115 15115 E Parcel  : Attempt to read from protected data in Parcel 0x7fc150d690
04-29 19:02:50.417 15115 15115 E Parcel  : Attempt to read from protected data in Parcel 0x7fc150d690
04-29 19:02:50.417 15115 15115 E Parcel  : Attempt to read from protected data in Parcel 0x7fc150d690
04-29 19:02:50.417 15115 15115 E Parcel  : Attempt to read from protected data in Parcel 0x7fc150d690
04-29 19:02:50.420 14122 14122 D SCROLL_DEBUG: delta=87 direction=false index=19
04-29 19:02:50.425 14122 14122 I Quality : Skipped: false 1 cost 12.962475 refreshRate 0 processName com.vyn.player
04-29 19:02:50.427  1338 23529 D msm8974_platform: platform_set_channel_map mixer_ctl_name:Playback Channel Map0
04-29 19:02:50.427  1338 23529 D msm8974_platform: platform_set_channel_map: set mapping(1 2 0 0 0 0 0 0) for channel:2
04-29 19:02:50.427  1338 23529 D audio_hw_primary: start_output_stream: exit
04-29 19:02:50.427  1338 23529 D msm8974_platform: platform_split_snd_device: snd_device(2) num devices(0) new_snd_devices(0)
04-29 19:02:50.427  1338 23529 I msm8974_platform: platform_get_custom_mtmx_params: no matching param with id 0 ip_ch 2 op_ch 2 uc_id 0 snd_dev 2
04-29 19:02:50.427  1476  2355 V AF::Track: isReady(345): consider track ready with 14144/14144, target was 14144)
04-29 19:02:50.428  1476  2355 D AFExtImpl: checkTrackBuffer1() track 0xb400007a83222d00 get INFO from NEW, channelCount 2, pid 14122
04-29 19:02:50.428  1476  2355 V ListServiceUtils: checkInListByPid module:audiodetect-list pid:14122 cost 201us return 0
04-29 19:02:50.428  1476  2355 D AFExtImpl: initFromProperty() 0xb400007a6e6298c0, sAdSwitch 0, typeCheck 0, logdumpEnable 0, pcmdumpEnable 0, trackPid 14122
04-29 19:02:50.430 14122 14122 D SCROLL_DEBUG: delta=-111 direction=false index=20
04-29 19:02:50.432 14122 14358 D AudioTrack: getTimestamp_l(326): device stall time corrected using current time 29601339996258
04-29 19:02:50.433 24389 24395 I adbd    : opening control endpoint /dev/usb-ffs/adb/ep0
04-29 19:02:50.453 14122 14122 D SCROLL_DEBUG: delta=74 direction=false index=20
04-29 19:02:50.457 14122 14122 D SCROLL_DEBUG: delta=73 direction=false index=20
04-29 19:02:50.461 15122 15122 D ProcessState: Binder ioctl to enable oneway spam detection failed: Invalid argument
04-29 19:02:50.463 15122 15122 E Parcel  : Attempt to read from protected data in Parcel 0x7ffb5b1fa0
04-29 19:02:50.463 15122 15122 E Parcel  : Attempt to read from protected data in Parcel 0x7ffb5b1fa0
04-29 19:02:50.463 15122 15122 E Parcel  : Attempt to read from protected data in Parcel 0x7ffb5b1fa0
04-29 19:02:50.463 15122 15122 E Parcel  : Attempt to read from protected data in Parcel 0x7ffb5b1fa0
04-29 19:02:50.463 15122 15122 E Parcel  : Attempt to read from protected data in Parcel 0x7ffb5b1fa0
04-29 19:02:50.463 14122 14122 D SCROLL_DEBUG: delta=-180 direction=false index=21
04-29 19:02:50.485 14122 14122 D SCROLL_DEBUG: delta=72 direction=false index=21
04-29 19:02:50.491 14122 14122 D SCROLL_DEBUG: delta=70 direction=false index=21
04-29 19:02:50.495 14122 14122 D SCROLL_DEBUG: delta=68 direction=false index=21
04-29 19:02:50.509 15128 15128 D ProcessState: Binder ioctl to enable oneway spam detection failed: Invalid argument
04-29 19:02:50.510 15128 15128 E Parcel  : Attempt to read from protected data in Parcel 0x7fd2249500
04-29 19:02:50.510 15128 15128 E Parcel  : Attempt to read from protected data in Parcel 0x7fd2249500
04-29 19:02:50.510 15128 15128 E Parcel  : Attempt to read from protected data in Parcel 0x7fd2249500
04-29 19:02:50.510 15128 15128 E Parcel  : Attempt to read from protected data in Parcel 0x7fd2249500
04-29 19:02:50.510 15128 15128 E Parcel  : Attempt to read from protected data in Parcel 0x7fd2249500
04-29 19:02:50.511 14122 14122 D SCROLL_DEBUG: delta=-191 direction=false index=22
04-29 19:02:50.522 14122 14122 D SCROLL_DEBUG: delta=72 direction=false index=22
04-29 19:02:50.523  1476  2355 D AudioFlinger: mixer(0xb400007a66c5e4c0) throttle end: throttle time(42)
04-29 19:02:50.528 14122 14122 D SCROLL_DEBUG: delta=64 direction=false index=22
04-29 19:02:50.542 14122 14122 D SCROLL_DEBUG: delta=62 direction=false index=22
04-29 19:02:50.553 14122 14122 D SCROLL_DEBUG: delta=-201 direction=false index=23
04-29 19:02:50.554 15132 15132 D ProcessState: Binder ioctl to enable oneway spam detection failed: Invalid argument
04-29 19:02:50.555 15132 15132 E Parcel  : Attempt to read from protected data in Parcel 0x7fd8943b90
04-29 19:02:50.555 15132 15132 E Parcel  : Attempt to read from protected data in Parcel 0x7fd8943b90
04-29 19:02:50.555 15132 15132 E Parcel  : Attempt to read from protected data in Parcel 0x7fd8943b90
04-29 19:02:50.555 15132 15132 E Parcel  : Attempt to read from protected data in Parcel 0x7fd8943b90
04-29 19:02:50.555 15132 15132 E Parcel  : Attempt to read from protected data in Parcel 0x7fd8943b90
04-29 19:02:50.569 14122 14122 D SCROLL_DEBUG: delta=65 direction=false index=23
04-29 19:02:50.574 14122 14122 D SCROLL_DEBUG: delta=57 direction=false index=23
04-29 19:02:50.588 14122 14122 D SCROLL_DEBUG: delta=56 direction=false index=23
04-29 19:02:50.596 14122 14122 D SCROLL_DEBUG: delta=54 direction=false index=23
04-29 19:02:50.601 15136 15136 D ProcessState: Binder ioctl to enable oneway spam detection failed: Invalid argument
04-29 19:02:50.602 15136 15136 E Parcel  : Attempt to read from protected data in Parcel 0x7fca70e360
04-29 19:02:50.602 15136 15136 E Parcel  : Attempt to read from protected data in Parcel 0x7fca70e360
04-29 19:02:50.602 15136 15136 E Parcel  : Attempt to read from protected data in Parcel 0x7fca70e360
04-29 19:02:50.602 15136 15136 E Parcel  : Attempt to read from protected data in Parcel 0x7fca70e360
04-29 19:02:50.602 15136 15136 E Parcel  : Attempt to read from protected data in Parcel 0x7fca70e360
04-29 19:02:50.610 14122 14122 D SCROLL_DEBUG: delta=-227 direction=false index=24
04-29 19:02:50.625 14122 14122 D SCROLL_DEBUG: delta=55 direction=false index=24
04-29 19:02:50.630 14122 14122 D SCROLL_DEBUG: delta=49 direction=false index=24
04-29 19:02:50.647 14122 14122 D SCROLL_DEBUG: delta=47 direction=false index=24
04-29 19:02:50.651 15140 15140 D ProcessState: Binder ioctl to enable oneway spam detection failed: Invalid argument
04-29 19:02:50.653 14122 14122 D SCROLL_DEBUG: delta=45 direction=false index=24
04-29 19:02:50.655 15140 15140 E Parcel  : Attempt to read from protected data in Parcel 0x7fe8ff8270
04-29 19:02:50.655 15140 15140 E Parcel  : Attempt to read from protected data in Parcel 0x7fe8ff8270
04-29 19:02:50.655 15140 15140 E Parcel  : Attempt to read from protected data in Parcel 0x7fe8ff8270
04-29 19:02:50.655 15140 15140 E Parcel  : Attempt to read from protected data in Parcel 0x7fe8ff8270
04-29 19:02:50.655 15140 15140 E Parcel  : Attempt to read from protected data in Parcel 0x7fe8ff8270
04-29 19:02:50.665 14122 14122 D SCROLL_DEBUG: delta=-215 direction=false index=25
04-29 19:02:50.665  2755  5614 D UsageStatsService: User[0] type=0 b=1777469445696 e=1777469570665 cb=1777444248674 ce=1777469556919 disk=0 all=27
04-29 19:02:50.677 14122 14122 D SCROLL_DEBUG: delta=47 direction=false index=25
04-29 19:02:50.687  1346  8374 I vendor.qti.bluetooth@1.0-ibs_handler: ProcessIbsCmd: Received IBS_WAKE_IND: 0xFD
04-29 19:02:50.688  1346  8374 D vendor.qti.bluetooth@1.0-ibs_handler: SerialClockVote: vote for UART CLK ON
04-29 19:02:50.688  1346  8374 D vendor.qti.bluetooth@1.0-wake_lock: Acquire wakelock is acquired 
04-29 19:02:50.688  1346  8374 I vendor.qti.bluetooth@1.0-ibs_handler: ProcessIbsCmd: Writing IBS_WAKE_ACK
04-29 19:02:50.690 14122 14122 D SCROLL_DEBUG: delta=41 direction=false index=25
04-29 19:02:50.694  4579  7217 I NearbyDiscovery: (REDACTED) BloomFilterAdvManager: Detected bloom filter but too far away, ignoring. %sm, %s
04-29 19:02:50.697 14122 14122 D SCROLL_DEBUG: delta=39 direction=false index=25
04-29 19:02:50.699 15144 15144 D ProcessState: Binder ioctl to enable oneway spam detection failed: Invalid argument
04-29 19:02:50.701 15144 15144 E Parcel  : Attempt to read from protected data in Parcel 0x7fe0bcd820
04-29 19:02:50.701 15144 15144 E Parcel  : Attempt to read from protected data in Parcel 0x7fe0bcd820
04-29 19:02:50.701 15144 15144 E Parcel  : Attempt to read from protected data in Parcel 0x7fe0bcd820
04-29 19:02:50.701 15144 15144 E Parcel  : Attempt to read from protected data in Parcel 0x7fe0bcd820
04-29 19:02:50.701 15144 15144 E Parcel  : Attempt to read from protected data in Parcel 0x7fe0bcd820
04-29 19:02:50.714 14122 14122 D SCROLL_DEBUG: delta=39 direction=false index=25
04-29 19:02:50.719 14122 14122 D SCROLL_DEBUG: delta=40 direction=false index=25
04-29 19:02:50.728  2755  3337 D OGG_Detector: D:done mCurrStatus: 0
04-29 19:02:50.729  3460  3460 D NoBackGesture: Start gesture: MotionEvent { action=ACTION_DOWN, actionButton=0, id[0]=0, x[0]=831.77014, y[0]=1357.5657, toolType[0]=TOOL_TYPE_FINGER, buttonState=0, classification=NONE, metaState=0, flags=0x0, edgeFlags=0x0, pointerCount=1, historySize=0, eventTime=29601634, downTime=29601634, deviceId=5, source=0x1002, displayId=0, eventId=2606599 }
04-29 19:02:50.729  3460  3460 D NoBackGesture: Not in side gesture area
04-29 19:02:50.729  1346  8374 I vendor.qti.bluetooth@1.0-ibs_handler: ProcessIbsCmd: Received IBS_SLEEP_IND: 0xFE
04-29 19:02:50.729  1346  8374 D vendor.qti.bluetooth@1.0-ibs_handler: SerialClockVote: vote for UART CLK OFF
04-29 19:02:50.730  2755  5706 E OplusZoomWindowManagerService: null stack in getZoomScaleRect
04-29 19:02:50.735 14122 14122 D SCROLL_DEBUG: delta=36 direction=false index=25
04-29 19:02:50.746 15148 15148 D ProcessState: Binder ioctl to enable oneway spam detection failed: Invalid argument
04-29 19:02:50.747 15148 15148 E Parcel  : Attempt to read from protected data in Parcel 0x7fe03a4790
04-29 19:02:50.747 15148 15148 E Parcel  : Attempt to read from protected data in Parcel 0x7fe03a4790
04-29 19:02:50.747 15148 15148 E Parcel  : Attempt to read from protected data in Parcel 0x7fe03a4790
04-29 19:02:50.747 15148 15148 E Parcel  : Attempt to read from protected data in Parcel 0x7fe03a4790
04-29 19:02:50.747 15148 15148 E Parcel  : Attempt to read from protected data in Parcel 0x7fe03a4790
04-29 19:02:50.765  1386  1386 E vendor.qti.hardware.perf@2.2-service: Unknown params
04-29 19:02:50.765  1386  1386 E vendor.qti.hardware.perf@2.2-service: Unknown params
04-29 19:02:50.767 14122 14122 D SCROLL_DEBUG: delta=-12 direction=true index=25
04-29 19:02:50.768 14122 14122 D ONBOARDING_FLOW: Start destination=home
04-29 19:02:50.794 15153 15153 D ProcessState: Binder ioctl to enable oneway spam detection failed: Invalid argument
04-29 19:02:50.795 15153 15153 E Parcel  : Attempt to read from protected data in Parcel 0x7fd3226090
04-29 19:02:50.795 15153 15153 E Parcel  : Attempt to read from protected data in Parcel 0x7fd3226090
04-29 19:02:50.795 15153 15153 E Parcel  : Attempt to read from protected data in Parcel 0x7fd3226090
04-29 19:02:50.795 15153 15153 E Parcel  : Attempt to read from protected data in Parcel 0x7fd3226090
04-29 19:02:50.795 15153 15153 E Parcel  : Attempt to read from protected data in Parcel 0x7fd3226090
04-29 19:02:50.807  3460  3460 D NoBackGesture: End gesture: MotionEvent { action=ACTION_UP, actionButton=0, id[0]=0, x[0]=835.7738, y[0]=1643.6849, toolType[0]=TOOL_TYPE_FINGER, buttonState=0, classification=NONE, metaState=0, flags=0x0, edgeFlags=0x0, pointerCount=1, historySize=0, eventTime=29601713, downTime=29601634, deviceId=5, source=0x1002, displayId=0, eventId=887925330 }
04-29 19:02:50.808  1386  1386 E vendor.qti.hardware.perf@2.2-service: Unknown params
04-29 19:02:50.810  1386  1386 E vendor.qti.hardware.perf@2.2-service: Unknown params
04-29 19:02:50.810  1436  1436 D ORMS_HAL: OrmsHalService write file /proc/sys/kernel/slide_boost_enabled - 0.
04-29 19:02:50.810  1436  1436 E ORMS_HAL: open /sys/devices/platform/soc/soc:oplus-omrg/oplus-omrg0/ruler_enable failed(No such file or directory)
04-29 19:02:50.811  1436  1436 E ORMS_HAL: open /sys/devices/platform/soc/soc:oplus-omrg/oplus-omrg0/ruler_enable failed(No such file or directory)
04-29 19:02:50.811  1436  1436 D ORMS_HAL: OrmsHalService write file /proc/sys/kernel/slide_boost_enabled - 1.
04-29 19:02:50.816  1436  1436 D ORMS_HAL: OrmsHalService write file /proc/sys/kernel/slide_boost_enabled - 0.
04-29 19:02:50.816  1436  1436 E ORMS_HAL: open /sys/devices/platform/soc/soc:oplus-omrg/oplus-omrg0/ruler_enable failed(No such file or directory)
04-29 19:02:50.817  1436  1436 E ORMS_HAL: open /sys/devices/platform/soc/soc:oplus-omrg/oplus-omrg0/ruler_enable failed(No such file or directory)
04-29 19:02:50.817  1436  1436 D ORMS_HAL: OrmsHalService write file /proc/sys/kernel/slide_boost_enabled - 1.
04-29 19:02:50.818 14122 14122 I Quality : Skipped: false 4 cost 47.385483 refreshRate 0 processName com.vyn.player
04-29 19:02:50.833 14122 14122 D SCROLL_DEBUG: delta=-15 direction=true index=24
04-29 19:02:50.843 15159 15159 D ProcessState: Binder ioctl to enable oneway spam detection failed: Invalid argument
04-29 19:02:50.845 15159 15159 E Parcel  : Attempt to read from protected data in Parcel 0x7ffe0b4430
04-29 19:02:50.845 15159 15159 E Parcel  : Attempt to read from protected data in Parcel 0x7ffe0b4430
04-29 19:02:50.845 15159 15159 E Parcel  : Attempt to read from protected data in Parcel 0x7ffe0b4430
04-29 19:02:50.845 15159 15159 E Parcel  : Attempt to read from protected data in Parcel 0x7ffe0b4430
04-29 19:02:50.845 15159 15159 E Parcel  : Attempt to read from protected data in Parcel 0x7ffe0b4430
04-29 19:02:50.849 14122 14122 D SCROLL_DEBUG: delta=-210 direction=true index=24
04-29 19:02:50.862 19546 21942 E EmergencyPushPeriodicFetchWorker: Skipping fetch since app is backgrounded
04-29 19:02:50.869 14122 14122 D SCROLL_DEBUG: delta=165 direction=true index=23
04-29 19:02:50.873 14122 14122 D SCROLL_DEBUG: delta=-104 direction=true index=23
04-29 19:02:50.879  1346  8099 D vendor.qti.bluetooth@1.0-wake_lock: Release wakelock is released 
04-29 19:02:50.892 15163 15163 D ProcessState: Binder ioctl to enable oneway spam detection failed: Invalid argument
04-29 19:02:50.892 14122 14122 D SCROLL_DEBUG: delta=158 direction=true index=22
04-29 19:02:50.894 15163 15163 E Parcel  : Attempt to read from protected data in Parcel 0x7ff79e9a90
04-29 19:02:50.894 15163 15163 E Parcel  : Attempt to read from protected data in Parcel 0x7ff79e9a90
04-29 19:02:50.894 15163 15163 E Parcel  : Attempt to read from protected data in Parcel 0x7ff79e9a90
04-29 19:02:50.894 15163 15163 E Parcel  : Attempt to read from protected data in Parcel 0x7ff79e9a90
04-29 19:02:50.894 15163 15163 E Parcel  : Attempt to read from protected data in Parcel 0x7ff79e9a90
04-29 19:02:50.897 14122 14122 D SCROLL_DEBUG: delta=-102 direction=true index=22
04-29 19:02:50.903 14122 14122 D SCROLL_DEBUG: delta=-101 direction=true index=22
04-29 19:02:50.918 14122 14122 D SCROLL_DEBUG: delta=149 direction=true index=21
04-29 19:02:50.922 14122 14122 D SCROLL_DEBUG: delta=-98 direction=true index=21
04-29 19:02:50.936 15167 15167 D ProcessState: Binder ioctl to enable oneway spam detection failed: Invalid argument
04-29 19:02:50.937 15167 15167 E Parcel  : Attempt to read from protected data in Parcel 0x7feebdd500
04-29 19:02:50.937 15167 15167 E Parcel  : Attempt to read from protected data in Parcel 0x7feebdd500
04-29 19:02:50.937 15167 15167 E Parcel  : Attempt to read from protected data in Parcel 0x7feebdd500
04-29 19:02:50.937 15167 15167 E Parcel  : Attempt to read from protected data in Parcel 0x7feebdd500
04-29 19:02:50.937 15167 15167 E Parcel  : Attempt to read from protected data in Parcel 0x7feebdd500
04-29 19:02:50.939 14122 14122 D SCROLL_DEBUG: delta=161 direction=true index=20
04-29 19:02:50.940 14122 14122 D SCROLL_STATE: raw=true stable=true
04-29 19:02:50.948 14122 14122 D SCROLL_DEBUG: delta=-96 direction=true index=20
04-29 19:02:50.957 14122 14122 D SCROLL_DEBUG: delta=-94 direction=true index=20
04-29 19:02:50.977 14122 14122 D SCROLL_DEBUG: delta=159 direction=true index=19
04-29 19:02:50.983 15171 15171 D ProcessState: Binder ioctl to enable oneway spam detection failed: Invalid argument
04-29 19:02:50.984 15171 15171 E Parcel  : Attempt to read from protected data in Parcel 0x7fcf643f50
04-29 19:02:50.984 15171 15171 E Parcel  : Attempt to read from protected data in Parcel 0x7fcf643f50
04-29 19:02:50.984 15171 15171 E Parcel  : Attempt to read from protected data in Parcel 0x7fcf643f50
04-29 19:02:50.984 15171 15171 E Parcel  : Attempt to read from protected data in Parcel 0x7fcf643f50
04-29 19:02:50.984 15171 15171 E Parcel  : Attempt to read from protected data in Parcel 0x7fcf643f50
04-29 19:02:50.984 14122 14122 D SCROLL_DEBUG: delta=-91 direction=true index=19
04-29 19:02:50.994 14122 14122 D SCROLL_DEBUG: delta=-89 direction=true index=19
04-29 19:02:51.004  1476  2355 V AF::Track: updateTrackFrameInfo: latencyMs:144.879872 startUpMs:137.124612 localTime:29601911135529 startTime:29601243013185 localPosition:23417 startPosition:0
04-29 19:02:51.014 14122 14122 D SCROLL_DEBUG: delta=192 direction=true index=18
04-29 19:02:51.022 14122 14122 D SCROLL_DEBUG: delta=-93 direction=true index=18
04-29 19:02:51.025 15176 15176 D ProcessState: Binder ioctl to enable oneway spam detection failed: Invalid argument
04-29 19:02:51.027 15176 15176 E Parcel  : Attempt to read from protected data in Parcel 0x7fc8020870
04-29 19:02:51.027 15176 15176 E Parcel  : Attempt to read from protected data in Parcel 0x7fc8020870
04-29 19:02:51.027 15176 15176 E Parcel  : Attempt to read from protected data in Parcel 0x7fc8020870
04-29 19:02:51.027 15176 15176 E Parcel  : Attempt to read from protected data in Parcel 0x7fc8020870
04-29 19:02:51.027 15176 15176 E Parcel  : Attempt to read from protected data in Parcel 0x7fc8020870
04-29 19:02:51.029 14122 14122 D SCROLL_DEBUG: delta=-83 direction=true index=18
04-29 19:02:51.049 14122 14122 D SCROLL_DEBUG: delta=198 direction=true index=17
04-29 19:02:51.058 14122 14122 D SCROLL_DEBUG: delta=-79 direction=true index=17
04-29 19:02:51.065 14122 14122 D SCROLL_DEBUG: delta=-78 direction=true index=17
04-29 19:02:51.067 15180 15180 D ProcessState: Binder ioctl to enable oneway spam detection failed: Invalid argument
04-29 19:02:51.069 15180 15180 E Parcel  : Attempt to read from protected data in Parcel 0x7ff02631c0
04-29 19:02:51.069 15180 15180 E Parcel  : Attempt to read from protected data in Parcel 0x7ff02631c0
04-29 19:02:51.069 15180 15180 E Parcel  : Attempt to read from protected data in Parcel 0x7ff02631c0
04-29 19:02:51.069 15180 15180 E Parcel  : Attempt to read from protected data in Parcel 0x7ff02631c0
04-29 19:02:51.069 15180 15180 E Parcel  : Attempt to read from protected data in Parcel 0x7ff02631c0
04-29 19:02:51.075 14122 14122 D SCROLL_DEBUG: delta=-82 direction=true index=17
04-29 19:02:51.093 14122 14122 D SCROLL_DEBUG: delta=205 direction=true index=16
04-29 19:02:51.100 14122 14122 D SCROLL_DEBUG: delta=-71 direction=true index=16
04-29 19:02:51.107 14122 14122 D SCROLL_DEBUG: delta=-70 direction=true index=16
04-29 19:02:51.111 15184 15184 D ProcessState: Binder ioctl to enable oneway spam detection failed: Invalid argument
04-29 19:02:51.113 15184 15184 E Parcel  : Attempt to read from protected data in Parcel 0x7ff5949930
04-29 19:02:51.113 15184 15184 E Parcel  : Attempt to read from protected data in Parcel 0x7ff5949930
04-29 19:02:51.113 15184 15184 E Parcel  : Attempt to read from protected data in Parcel 0x7ff5949930
04-29 19:02:51.113 15184 15184 E Parcel  : Attempt to read from protected data in Parcel 0x7ff5949930
04-29 19:02:51.113 15184 15184 E Parcel  : Attempt to read from protected data in Parcel 0x7ff5949930
04-29 19:02:51.116 14122 14122 D SCROLL_DEBUG: delta=-69 direction=true index=16
04-29 19:02:51.135 14122 14122 D SCROLL_DEBUG: delta=207 direction=true index=15
04-29 19:02:51.142 14122 14122 D SCROLL_DEBUG: delta=-65 direction=true index=15
04-29 19:02:51.146 14122 14122 D SCROLL_DEBUG: delta=-63 direction=true index=15
04-29 19:02:51.155 15188 15188 D ProcessState: Binder ioctl to enable oneway spam detection failed: Invalid argument
04-29 19:02:51.157 15188 15188 E Parcel  : Attempt to read from protected data in Parcel 0x7fef7deda0
04-29 19:02:51.157 15188 15188 E Parcel  : Attempt to read from protected data in Parcel 0x7fef7deda0
04-29 19:02:51.157 15188 15188 E Parcel  : Attempt to read from protected data in Parcel 0x7fef7deda0
04-29 19:02:51.157 15188 15188 E Parcel  : Attempt to read from protected data in Parcel 0x7fef7deda0
04-29 19:02:51.157 15188 15188 E Parcel  : Attempt to read from protected data in Parcel 0x7fef7deda0
04-29 19:02:51.160 14122 14122 D SCROLL_DEBUG: delta=-61 direction=true index=15
04-29 19:02:51.171 14122 14122 D SCROLL_DEBUG: delta=197 direction=true index=14
04-29 19:02:51.174  2755  2827 D OplusFeatureBrightnessBarController: mDarkLevel: 0
04-29 19:02:51.178 14122 14122 D SCROLL_DEBUG: delta=-58 direction=true index=14
04-29 19:02:51.190 14122 14122 D SCROLL_DEBUG: delta=-56 direction=true index=14
04-29 19:02:51.202 15192 15192 D ProcessState: Binder ioctl to enable oneway spam detection failed: Invalid argument
04-29 19:02:51.204 15192 15192 E Parcel  : Attempt to read from protected data in Parcel 0x7ffd224770
04-29 19:02:51.204 14122 14122 D SCROLL_DEBUG: delta=-55 direction=true index=14
04-29 19:02:51.204 15192 15192 E Parcel  : Attempt to read from protected data in Parcel 0x7ffd224770
04-29 19:02:51.204 15192 15192 E Parcel  : Attempt to read from protected data in Parcel 0x7ffd224770
04-29 19:02:51.204 15192 15192 E Parcel  : Attempt to read from protected data in Parcel 0x7ffd224770
04-29 19:02:51.204 15192 15192 E Parcel  : Attempt to read from protected data in Parcel 0x7ffd224770
04-29 19:02:51.212 14122 14122 D SCROLL_DEBUG: delta=-54 direction=true index=14
