04-29 20:12:41.058  1436  1436 E ORMS_HAL: open /sys/devices/platform/soc/soc:oplus-omrg/oplus-omrg0/ruler_enable failed(No such file or directory)
04-29 20:12:41.059  1436  1436 E ORMS_HAL: open /sys/devices/platform/soc/soc:oplus-omrg/oplus-omrg0/ruler_enable failed(No such file or directory)
04-29 20:12:41.059  1436  1436 D ORMS_HAL: OrmsHalService write file /proc/sys/kernel/slide_boost_enabled - 1.
04-29 20:12:41.062  5139  5139 D SCROLL_DEBUG: delta=58 direction=false index=111
04-29 20:12:41.062  5139  5139 I Quality : Skipped: false 1 cost 11.332756 refreshRate 0 processName com.vyn.player
04-29 20:12:41.070 23555 23555 W Finsky  : [2] STU: Failed to get storage stats for package 'com.google.android.sdkext' (1601: Error getting stats: android.content.pm.PackageManager.NameNotFoundException)
04-29 20:12:41.072  2755  2827 D OplusFeatureBrightnessBarController: mDarkLevel: 0
04-29 20:12:41.077  5139  5139 D SCROLL_DEBUG: delta=51 direction=false index=111
04-29 20:12:41.078 23555 23555 W Finsky  : [2] STU: Failed to get storage stats for package 'com.google.android.tethering' (1601: Error getting stats: android.content.pm.PackageManager.NameNotFoundException)
04-29 20:12:41.089  5139  5139 D SCROLL_DEBUG: delta=51 direction=false index=111
04-29 20:12:41.099  5139  5139 D SCROLL_DEBUG: delta=51 direction=false index=111
04-29 20:12:41.102 23555 23555 W Finsky  : [2] STU: Failed to get storage stats for package 'com.google.android.cellbroadcast' (1601: Error getting stats: android.content.pm.PackageManager.NameNotFoundException)
04-29 20:12:41.112  5139  5139 D SCROLL_DEBUG: delta=-276 direction=false index=112
04-29 20:12:41.131  5139  5139 D SCROLL_DEBUG: delta=49 direction=false index=112
04-29 20:12:41.135  5139  5139 D SCROLL_DEBUG: delta=48 direction=false index=112
04-29 20:12:41.145  5139  5139 D SCROLL_DEBUG: delta=46 direction=false index=112
04-29 20:12:41.156  5139  5139 D SCROLL_DEBUG: delta=45 direction=false index=112
04-29 20:12:41.163  5139  5139 D SCROLL_STATE: raw=false stable=false
04-29 20:12:41.169 23555 23555 W Finsky  : [2] STU: Failed to get storage stats for package 'com.google.android.tzdata3' (1601: Error getting stats: android.content.pm.PackageManager.NameNotFoundException)
04-29 20:12:41.184 23555 23555 W Finsky  : [2] STU: Failed to get storage stats for package 'com.google.android.permission' (1601: Error getting stats: android.content.pm.PackageManager.NameNotFoundException)
04-29 20:12:41.187  5139  5139 D SCROLL_DEBUG: delta=-212 direction=false index=113
04-29 20:12:41.190  5139  5139 I Quality : Skipped: false 1 cost 15.538248 refreshRate 0 processName com.vyn.player
04-29 20:12:41.197  5139  5139 D SCROLL_DEBUG: delta=83 direction=false index=113
04-29 20:12:41.201  5139  5139 D SCROLL_DEBUG: delta=39 direction=false index=113
04-29 20:12:41.212  5139  5139 D SCROLL_DEBUG: delta=40 direction=false index=113
04-29 20:12:41.223  5139  5139 D SCROLL_DEBUG: delta=36 direction=false index=113
04-29 20:12:41.234  5139  5139 D SCROLL_DEBUG: delta=34 direction=false index=113
04-29 20:12:41.247  5139  5139 D SCROLL_DEBUG: delta=-226 direction=false index=114
04-29 20:12:41.258  5139  5139 D SCROLL_DEBUG: delta=31 direction=false index=114
04-29 20:12:41.267  5139  5139 D SCROLL_DEBUG: delta=33 direction=false index=114
04-29 20:12:41.279 23555 23555 W Finsky  : [2] STU: Failed to get storage stats for package 'com.google.android.media.swcodec' (1601: Error getting stats: android.content.pm.PackageManager.NameNotFoundException)
04-29 20:12:41.283  5139  5139 D SCROLL_DEBUG: delta=28 direction=false index=114
04-29 20:12:41.290  5139  5139 D SCROLL_DEBUG: delta=27 direction=false index=114
04-29 20:12:41.303  5139  5139 D SCROLL_DEBUG: delta=26 direction=false index=114
04-29 20:12:41.314  5139  5139 D SCROLL_DEBUG: delta=27 direction=false index=114
04-29 20:12:41.323 23555 23555 W Finsky  : [2] STU: Failed to get storage stats for package 'com.google.android.adbd' (1601: Error getting stats: android.content.pm.PackageManager.NameNotFoundException)
04-29 20:12:41.324  5139  5139 D SCROLL_DEBUG: delta=24 direction=false index=114
04-29 20:12:41.335  5139  5139 D SCROLL_DEBUG: delta=23 direction=false index=114
04-29 20:12:41.343 23555 23555 W Finsky  : [2] STU: Failed to get storage stats for package 'com.google.android.conscrypt' (1601: Error getting stats: android.content.pm.PackageManager.NameNotFoundException)
04-29 20:12:41.347  5139  5139 D SCROLL_DEBUG: delta=21 direction=false index=114
04-29 20:12:41.358  5139  5139 D SCROLL_DEBUG: delta=-238 direction=false index=115
04-29 20:12:41.363 23555 23555 W Finsky  : [2] STU: Failed to get storage stats for package 'com.google.android.neuralnetworks' (1601: Error getting stats: android.content.pm.PackageManager.NameNotFoundException)
04-29 20:12:41.369 23555 23555 W Finsky  : [2] STU: Failed to get storage stats for package 'com.google.android.ipsec' (1601: Error getting stats: android.content.pm.PackageManager.NameNotFoundException)
04-29 20:12:41.370  5139  5139 D SCROLL_DEBUG: delta=21 direction=false index=115
04-29 20:12:41.380  5139  5139 D SCROLL_DEBUG: delta=19 direction=false index=115
04-29 20:12:41.391  5139  5139 D SCROLL_DEBUG: delta=18 direction=false index=115
04-29 20:12:41.397 23555 23555 W Finsky  : [2] STU: Failed to get storage stats for package 'com.google.android.extservices' (1601: Error getting stats: android.content.pm.PackageManager.NameNotFoundException)
04-29 20:12:41.404  5139  5139 D SCROLL_DEBUG: delta=17 direction=false index=115
04-29 20:12:41.414  5139  5139 D SCROLL_DEBUG: delta=18 direction=false index=115
04-29 20:12:41.424 23555 23555 W Finsky  : [2] STU: Failed to get storage stats for package 'com.google.android.os.statsd' (1601: Error getting stats: android.content.pm.PackageManager.NameNotFoundException)
04-29 20:12:41.425  5139  5139 D SCROLL_DEBUG: delta=15 direction=false index=115
04-29 20:12:41.436  1436  1436 D ORMS_HAL: OrmsHalService write file /proc/sys/kernel/slide_boost_enabled - 0.
04-29 20:12:41.436  1436  1436 E ORMS_HAL: open /sys/devices/platform/soc/soc:oplus-omrg/oplus-omrg0/ruler_enable failed(No such file or directory)
04-29 20:12:41.436  5139  5139 D SCROLL_DEBUG: delta=15 direction=false index=115
04-29 20:12:41.437  1436  1436 E ORMS_HAL: open /sys/devices/platform/soc/soc:oplus-omrg/oplus-omrg0/ruler_enable failed(No such file or directory)
04-29 20:12:41.437  1436  1436 D ORMS_HAL: OrmsHalService write file /proc/sys/kernel/slide_boost_enabled - 1.
04-29 20:12:41.451  5139  5139 D SCROLL_DEBUG: delta=14 direction=false index=115
04-29 20:12:41.454 23555 23555 W Finsky  : [2] STU: Failed to get storage stats for package 'com.google.android.scheduling' (1601: Error getting stats: android.content.pm.PackageManager.NameNotFoundException)
04-29 20:12:41.460  5139  5139 D SCROLL_DEBUG: delta=13 direction=false index=115
04-29 20:12:41.471  5139  5139 D SCROLL_DEBUG: delta=14 direction=false index=115
04-29 20:12:41.472 23555 23555 I Finsky  : [2] App states replicator found 36 unowned apps
04-29 20:12:41.481  5139  5139 D SCROLL_DEBUG: delta=13 direction=false index=115
04-29 20:12:41.488 23555 23646 I Finsky  : [6134] Completed 0 account content syncs with 0 successful.
04-29 20:12:41.488 23555 23555 I Finsky  : [2] [ContentSync] Installation state replication succeeded.
04-29 20:12:41.488 23555 23555 I Finsky  : [2] SCH: jobFinished: 12-1. TimeElapsed: 1002ms.
04-29 20:12:41.488 23555 23555 I Finsky  : [2] WM::SCH: Logging work end for 12-1
04-29 20:12:41.493  5139  5139 D SCROLL_DEBUG: delta=11 direction=false index=115
04-29 20:12:41.506  5139  5139 D SCROLL_DEBUG: delta=11 direction=false index=115
04-29 20:12:41.510 23555 23638 I Finsky  : [6133] SCH: Scheduling phonesky job Id: 1-1337, CT: 1777455602698, Constraints: [{ L: 38437825, D: 81637825, C: CHARGING_NONE, I: IDLE_NONE, N: NET_ANY, B: BATTERY_ANY }]
04-29 20:12:41.511 23555 23638 I Finsky  : [6133] SCH: Scheduling phonesky job Id: 34-195, CT: 1777455610841, Constraints: [{ L: 604800000, D: 2491207700, C: CHARGING_NONE, I: IDLE_NONE, N: NET_ANY, B: BATTERY_ANY }]
04-29 20:12:41.511 23555 23638 I Finsky  : [6133] SCH: Scheduling phonesky job Id: 34-202, CT: 1777455610841, Constraints: [{ L: 604800000, D: 2577389046, C: CHARGING_NONE, I: IDLE_NONE, N: NET_ANY, B: BATTERY_ANY }]
04-29 20:12:41.511 23555 23638 I Finsky  : [6133] SCH: Scheduling phonesky job Id: 34-207, CT: 1777455610842, Constraints: [{ L: 64586627, D: 1360586627, C: CHARGING_NONE, I: IDLE_NONE, N: NET_ANY, B: BATTERY_ANY }]
04-29 20:12:41.516  5139  5139 D SCROLL_DEBUG: delta=12 direction=false index=115
04-29 20:12:41.521 23555 23635 I Finsky  : [6131] SCH: Scheduling 1 system job(s)
04-29 20:12:41.522 23555 23635 I Finsky  : [6131] SCH: Scheduling system job Id: 9278, L: 20279002, D: 63479002, C: false, I: false, N: 1
04-29 20:12:41.528  5139  5139 D SCROLL_DEBUG: delta=10 direction=false index=115
04-29 20:12:41.533 23555  2126 I Finsky  : [6387] SCH: job service finished with id 9270.
04-29 20:12:41.540  5139  5139 D SCROLL_DEBUG: delta=9 direction=false index=115
04-29 20:12:41.551  5139  5139 D SCROLL_DEBUG: delta=9 direction=false index=115
04-29 20:12:41.563  5139  5139 D SCROLL_DEBUG: delta=-250 direction=false index=116
04-29 20:12:41.574  5139  5139 D SCROLL_DEBUG: delta=9 direction=false index=116
04-29 20:12:41.583  5139  5139 D SCROLL_DEBUG: delta=7 direction=false index=116
04-29 20:12:41.594  5139  5139 D SCROLL_DEBUG: delta=7 direction=false index=116
04-29 20:12:41.609  5139  5139 D SCROLL_DEBUG: delta=7 direction=false index=116
04-29 20:12:41.615 24389  5792 W adbd    : timed out while waiting for FUNCTIONFS_BIND, trying again
04-29 20:12:41.615 24389  5792 I adbd    : UsbFfs: connection terminated: monitor thread finished
04-29 20:12:41.618  5139  5139 D SCROLL_DEBUG: delta=7 direction=false index=116
04-29 20:12:41.627  1436  1436 D ORMS_HAL: OrmsHalService write file /proc/sys/kernel/slide_boost_enabled - 0.
04-29 20:12:41.627  1436  1436 E ORMS_HAL: open /sys/devices/platform/soc/soc:oplus-omrg/oplus-omrg0/ruler_enable failed(No such file or directory)
04-29 20:12:41.629  5139  5139 D SCROLL_DEBUG: delta=6 direction=false index=116
04-29 20:12:41.644  5139  5139 D SCROLL_DEBUG: delta=6 direction=false index=116
04-29 20:12:41.652 24389 24395 I adbd    : opening control endpoint /dev/usb-ffs/adb/ep0
04-29 20:12:41.654  5139  5139 D SCROLL_DEBUG: delta=5 direction=null index=116
04-29 20:12:41.665  5139  5139 D SCROLL_DEBUG: delta=6 direction=false index=116
04-29 20:12:41.675  5139  5139 D SCROLL_DEBUG: delta=4 direction=null index=116
