04-29 19:02:51.219   767   767 E SELinux : avc:  denied  { find } for pid=30331 uid=10382 name=adb scontext=u:r:untrusted_app:s0:c126,c257,c512,c768 tcontext=u:object_r:adb_service:s0 tclass=service_manager permissive=0
04-29 19:02:51.220   767   767 E SELinux : avc:  denied  { find } for pid=30331 uid=10382 name=secure_element scontext=u:r:untrusted_app:s0:c126,c257,c512,c768 tcontext=u:object_r:secure_element_service:s0 tclass=service_manager permissive=0
04-29 19:02:51.228 14122 14122 D SCROLL_DEBUG: delta=223 direction=true index=13
04-29 19:02:51.235 14122 14122 D SCROLL_DEBUG: delta=-51 direction=true index=13
04-29 19:02:51.251 14122 14122 D SCROLL_DEBUG: delta=-49 direction=true index=13
04-29 19:02:51.261 14122 14122 D SCROLL_DEBUG: delta=-49 direction=true index=13
04-29 19:02:51.268 14122 14122 D SCROLL_DEBUG: delta=-46 direction=true index=13
04-29 19:02:51.286 14122 14122 D SCROLL_DEBUG: delta=229 direction=true index=12
04-29 19:02:51.292 14122 14122 D SCROLL_DEBUG: delta=-44 direction=true index=12
04-29 19:02:51.307 14122 14122 D SCROLL_DEBUG: delta=-43 direction=true index=12
04-29 19:02:51.314 14122 14122 D SCROLL_DEBUG: delta=-41 direction=true index=12
04-29 19:02:51.328 14122 14122 D SCROLL_DEBUG: delta=-41 direction=true index=12
04-29 19:02:51.330  2755  3337 D OGG_Detector: D:done mCurrStatus: 0
04-29 19:02:51.331  3460  3460 D NoBackGesture: Start gesture: MotionEvent { action=ACTION_DOWN, actionButton=0, id[0]=0, x[0]=835.7738, y[0]=1841.7675, toolType[0]=TOOL_TYPE_FINGER, buttonState=0, classification=NONE, metaState=0, flags=0x0, edgeFlags=0x0, pointerCount=1, historySize=0, eventTime=29602236, downTime=29602236, deviceId=5, source=0x1002, displayId=0, eventId=239627347 }
04-29 19:02:51.331  3460  3460 D NoBackGesture: Not in side gesture area
04-29 19:02:51.331  2755  5707 E OplusZoomWindowManagerService: null stack in getZoomScaleRect
04-29 19:02:51.343  1436  1436 D ORMS_HAL: OrmsHalService write file /proc/sys/kernel/slide_boost_enabled - 0.
04-29 19:02:51.344  1436  1436 E ORMS_HAL: open /sys/devices/platform/soc/soc:oplus-omrg/oplus-omrg0/ruler_enable failed(No such file or directory)
04-29 19:02:51.344  1436  1436 E ORMS_HAL: open /sys/devices/platform/soc/soc:oplus-omrg/oplus-omrg0/ruler_enable failed(No such file or directory)
04-29 19:02:51.344  1436  1436 D ORMS_HAL: OrmsHalService write file /proc/sys/kernel/slide_boost_enabled - 1.
04-29 19:02:51.389  1386  1386 E vendor.qti.hardware.perf@2.2-service: Unknown params
04-29 19:02:51.390  1386  1386 E vendor.qti.hardware.perf@2.2-service: Unknown params
04-29 19:02:51.406 14122 14122 D SCROLL_DEBUG: delta=34 direction=false index=12
04-29 19:02:51.407 14122 14122 D ONBOARDING_FLOW: Start destination=home
04-29 19:02:51.416  3460  3460 D NoBackGesture: End gesture: MotionEvent { action=ACTION_UP, actionButton=0, id[0]=0, x[0]=860.797, y[0]=1649.6874, toolType[0]=TOOL_TYPE_FINGER, buttonState=0, classification=NONE, metaState=0, flags=0x0, edgeFlags=0x0, pointerCount=1, historySize=0, eventTime=29602322, downTime=29602236, deviceId=5, source=0x1002, displayId=0, eventId=101231325 }
04-29 19:02:51.417  1386  1386 E vendor.qti.hardware.perf@2.2-service: Unknown params
04-29 19:02:51.418  1386  1386 E vendor.qti.hardware.perf@2.2-service: Unknown params
04-29 19:02:51.434  1436  1436 D ORMS_HAL: OrmsHalService write file /proc/sys/kernel/slide_boost_enabled - 0.
04-29 19:02:51.434  1436  1436 E ORMS_HAL: open /sys/devices/platform/soc/soc:oplus-omrg/oplus-omrg0/ruler_enable failed(No such file or directory)
04-29 19:02:51.434  1436  1436 E ORMS_HAL: open /sys/devices/platform/soc/soc:oplus-omrg/oplus-omrg0/ruler_enable failed(No such file or directory)
04-29 19:02:51.435  1436  1436 D ORMS_HAL: OrmsHalService write file /proc/sys/kernel/slide_boost_enabled - 1.
04-29 19:02:51.435 24389 15121 W adbd    : timed out while waiting for FUNCTIONFS_BIND, trying again
04-29 19:02:51.435 24389 15121 I adbd    : UsbFfs: connection terminated: monitor thread finished
04-29 19:02:51.437  1436  1436 D ORMS_HAL: OrmsHalService write file /proc/sys/kernel/slide_boost_enabled - 0.
04-29 19:02:51.437  1436  1436 E ORMS_HAL: open /sys/devices/platform/soc/soc:oplus-omrg/oplus-omrg0/ruler_enable failed(No such file or directory)
04-29 19:02:51.437  1436  1436 E ORMS_HAL: open /sys/devices/platform/soc/soc:oplus-omrg/oplus-omrg0/ruler_enable failed(No such file or directory)
04-29 19:02:51.437  1436  1436 D ORMS_HAL: OrmsHalService write file /proc/sys/kernel/slide_boost_enabled - 1.
04-29 19:02:51.438 14122 14122 I Quality : Skipped: false 3 cost 39.30848 refreshRate 0 processName com.vyn.player
04-29 19:02:51.439  1436  1436 D ORMS_HAL: OrmsHalService write file /proc/sys/kernel/slide_boost_enabled - 0.
04-29 19:02:51.439  1436  1436 E ORMS_HAL: open /sys/devices/platform/soc/soc:oplus-omrg/oplus-omrg0/ruler_enable failed(No such file or directory)
04-29 19:02:51.440  1436  1436 E ORMS_HAL: open /sys/devices/platform/soc/soc:oplus-omrg/oplus-omrg0/ruler_enable failed(No such file or directory)
04-29 19:02:51.440  1436  1436 D ORMS_HAL: OrmsHalService write file /proc/sys/kernel/slide_boost_enabled - 1.
04-29 19:02:51.445 14122 14122 D SCROLL_DEBUG: delta=-121 direction=false index=13
04-29 19:02:51.468 14122 14122 D SCROLL_DEBUG: delta=195 direction=false index=13
04-29 19:02:51.472 14122 14122 D SCROLL_DEBUG: delta=-181 direction=false index=14
04-29 19:02:51.473 24389 24395 I adbd    : opening control endpoint /dev/usb-ffs/adb/ep0
04-29 19:02:51.484  1338 23531 D DlbDap2Process: process() called [625500] times with input channel mask 0x3 (ProcessingMode=1)
04-29 19:02:51.487 14122 14122 D SCROLL_DEBUG: delta=105 direction=false index=14
04-29 19:02:51.492 14122 14122 D SCROLL_DEBUG: delta=96 direction=false index=14
04-29 19:02:51.506 14122 14122 D SCROLL_DEBUG: delta=-167 direction=false index=15
04-29 19:02:51.521  1346  8374 I vendor.qti.bluetooth@1.0-ibs_handler: ProcessIbsCmd: Received IBS_WAKE_IND: 0xFD
04-29 19:02:51.521  1346  8374 D vendor.qti.bluetooth@1.0-ibs_handler: SerialClockVote: vote for UART CLK ON
04-29 19:02:51.521 14122 14122 D SCROLL_DEBUG: delta=94 direction=false index=15
04-29 19:02:51.521  1346  8374 D vendor.qti.bluetooth@1.0-wake_lock: Acquire wakelock is acquired 
04-29 19:02:51.522  1346  8374 I vendor.qti.bluetooth@1.0-ibs_handler: ProcessIbsCmd: Writing IBS_WAKE_ACK
04-29 19:02:51.527 14122 14122 D SCROLL_DEBUG: delta=101 direction=false index=15
04-29 19:02:51.539 14122 14122 D SCROLL_DEBUG: delta=-188 direction=false index=16
04-29 19:02:51.553 14122 14122 D SCROLL_DEBUG: delta=89 direction=false index=16
04-29 19:02:51.559 14122 14122 D SCROLL_DEBUG: delta=88 direction=false index=16
04-29 19:02:51.560 14122 14122 D SCROLL_STATE: raw=false stable=false
04-29 19:02:51.562  1346  8374 I vendor.qti.bluetooth@1.0-ibs_handler: ProcessIbsCmd: Received IBS_SLEEP_IND: 0xFE
04-29 19:02:51.562  1346  8374 D vendor.qti.bluetooth@1.0-ibs_handler: SerialClockVote: vote for UART CLK OFF
04-29 19:02:51.576 14122 14122 D SCROLL_DEBUG: delta=-192 direction=false index=17
04-29 19:02:51.587 14122 14122 D SCROLL_DEBUG: delta=93 direction=false index=17
04-29 19:02:51.597 14122 14122 D SCROLL_DEBUG: delta=83 direction=false index=17
04-29 19:02:51.609 14122 14122 D SCROLL_DEBUG: delta=-198 direction=false index=18
04-29 19:02:51.628 14122 14122 D SCROLL_DEBUG: delta=79 direction=false index=18
04-29 19:02:51.635 14122 14122 D SCROLL_DEBUG: delta=78 direction=false index=18
04-29 19:02:51.641 14122 14122 D SCROLL_DEBUG: delta=82 direction=false index=18
04-29 19:02:51.657 14122 14122 D SCROLL_DEBUG: delta=-205 direction=false index=19
04-29 19:02:51.666 14122 14122 D SCROLL_DEBUG: delta=72 direction=false index=19
04-29 19:02:51.675 14122 14122 D SCROLL_DEBUG: delta=70 direction=false index=19
04-29 19:02:51.688 14122 14122 D SCROLL_DEBUG: delta=-185 direction=false index=20
04-29 19:02:51.707 14122 14122 D SCROLL_DEBUG: delta=67 direction=false index=20
04-29 19:02:51.713  1346  8099 D vendor.qti.bluetooth@1.0-wake_lock: Release wakelock is released 
04-29 19:02:51.715 14122 14122 D SCROLL_DEBUG: delta=64 direction=false index=20
04-29 19:02:51.721 14122 14122 D SCROLL_DEBUG: delta=63 direction=false index=20
04-29 19:02:51.732 14122 14122 D SCROLL_DEBUG: delta=-198 direction=false index=21
04-29 19:02:51.751 14122 14122 D SCROLL_DEBUG: delta=64 direction=false index=21
04-29 19:02:51.758 14122 14122 D SCROLL_DEBUG: delta=58 direction=false index=21
04-29 19:02:51.764 14122 14122 D SCROLL_DEBUG: delta=56 direction=false index=21
04-29 19:02:51.773 14122 14122 D SCROLL_DEBUG: delta=55 direction=false index=21
04-29 19:02:51.789 14122 14122 D SCROLL_DEBUG: delta=-206 direction=false index=22
04-29 19:02:51.799 14122 14122 D SCROLL_DEBUG: delta=56 direction=false index=22
04-29 19:02:51.807 14122 14122 D SCROLL_DEBUG: delta=50 direction=false index=22
04-29 19:02:51.821 14122 14122 D SCROLL_DEBUG: delta=49 direction=false index=22
04-29 19:02:51.829 14122 14122 D SCROLL_DEBUG: delta=47 direction=false index=22
04-29 19:02:51.843 14122 14122 D SCROLL_DEBUG: delta=-212 direction=false index=23
04-29 19:02:51.854 14122 14122 D SCROLL_DEBUG: delta=44 direction=false index=23
04-29 19:02:51.868 14122 14122 D SCROLL_DEBUG: delta=44 direction=false index=23
04-29 19:02:51.875 14122 14122 D SCROLL_DEBUG: delta=42 direction=false index=23
04-29 19:02:51.889 14122 14122 D SCROLL_DEBUG: delta=41 direction=false index=23
04-29 19:02:51.897 14122 14122 D SCROLL_DEBUG: delta=43 direction=false index=23
04-29 19:02:51.910 14122 14122 D SCROLL_DEBUG: delta=-241 direction=false index=24
04-29 19:02:51.921 14122 14122 D SCROLL_DEBUG: delta=38 direction=false index=24
04-29 19:02:51.931 14122 14122 D SCROLL_DEBUG: delta=36 direction=false index=24
04-29 19:02:51.939  2755  3337 D OGG_Detector: D:done mCurrStatus: 0
04-29 19:02:51.940  3460  3460 D NoBackGesture: Start gesture: MotionEvent { action=ACTION_DOWN, actionButton=0, id[0]=0, x[0]=818.75806, y[0]=1375.5732, toolType[0]=TOOL_TYPE_FINGER, buttonState=0, classification=NONE, metaState=0, flags=0x0, edgeFlags=0x0, pointerCount=1, historySize=0, eventTime=29602845, downTime=29602845, deviceId=5, source=0x1002, displayId=0, eventId=524564995 }
04-29 19:02:51.940  3460  3460 D NoBackGesture: Not in side gesture area
04-29 19:02:51.948  2755  5707 E OplusZoomWindowManagerService: null stack in getZoomScaleRect
04-29 19:02:51.956 14122 14122 D SCROLL_DEBUG: delta=35 direction=false index=24
04-29 19:02:51.976  1386  1386 E vendor.qti.hardware.perf@2.2-service: Unknown params
04-29 19:02:51.978 14122 14122 D SCROLL_DEBUG: delta=-6 direction=true index=24
04-29 19:02:51.978  1386  1386 E vendor.qti.hardware.perf@2.2-service: Unknown params
04-29 19:02:51.980 14122 14122 D ONBOARDING_FLOW: Start destination=home
04-29 19:02:52.006 14122 14122 I Quality : Skipped: false 2 cost 23.778976 refreshRate 0 processName com.vyn.player
04-29 19:02:52.008  1436  1436 D ORMS_HAL: OrmsHalService write file /proc/sys/kernel/slide_boost_enabled - 0.
04-29 19:02:52.009  1436  1436 E ORMS_HAL: open /sys/devices/platform/soc/soc:oplus-omrg/oplus-omrg0/ruler_enable failed(No such file or directory)
04-29 19:02:52.009  1436  1436 E ORMS_HAL: open /sys/devices/platform/soc/soc:oplus-omrg/oplus-omrg0/ruler_enable failed(No such file or directory)
04-29 19:02:52.010  1436  1436 D ORMS_HAL: OrmsHalService write file /proc/sys/kernel/slide_boost_enabled - 1.
04-29 19:02:52.020 14122 14122 D SCROLL_DEBUG: delta=-100 direction=true index=24
04-29 19:02:52.032  3460  3460 D NoBackGesture: End gesture: MotionEvent { action=ACTION_UP, actionButton=0, id[0]=0, x[0]=804.7451, y[0]=1573.6558, toolType[0]=TOOL_TYPE_FINGER, buttonState=0, classification=NONE, metaState=0, flags=0x0, edgeFlags=0x0, pointerCount=1, historySize=0, eventTime=29602938, downTime=29602845, deviceId=5, source=0x1002, displayId=0, eventId=158537575 }
04-29 19:02:52.033  1386  1386 E vendor.qti.hardware.perf@2.2-service: Unknown params
04-29 19:02:52.034  1386  1386 E vendor.qti.hardware.perf@2.2-service: Unknown params
04-29 19:02:52.034 14122 14122 D SCROLL_DEBUG: delta=233 direction=true index=23
04-29 19:02:52.042  1436  1436 D ORMS_HAL: OrmsHalService write file /proc/sys/kernel/slide_boost_enabled - 0.
04-29 19:02:52.042  1436  1436 E ORMS_HAL: open /sys/devices/platform/soc/soc:oplus-omrg/oplus-omrg0/ruler_enable failed(No such file or directory)
04-29 19:02:52.043  1436  1436 E ORMS_HAL: open /sys/devices/platform/soc/soc:oplus-omrg/oplus-omrg0/ruler_enable failed(No such file or directory)
04-29 19:02:52.043  1436  1436 D ORMS_HAL: OrmsHalService write file /proc/sys/kernel/slide_boost_enabled - 1.
04-29 19:02:52.046 14122 14122 D SCROLL_DEBUG: delta=-46 direction=true index=23
04-29 19:02:52.053 14122 14122 D SCROLL_DEBUG: delta=-57 direction=true index=23
04-29 19:02:52.067 14122 14122 D SCROLL_DEBUG: delta=-57 direction=true index=23
04-29 19:02:52.076 14122 14122 D SCROLL_DEBUG: delta=-56 direction=true index=23
04-29 19:02:52.094 14122 14122 D SCROLL_DEBUG: delta=206 direction=true index=22
04-29 19:02:52.099 14122 14122 D SCROLL_DEBUG: delta=-60 direction=true index=22
04-29 19:02:52.101  1436  1436 D ORMS_HAL: OrmsHalService write file /proc/sys/kernel/slide_boost_enabled - 0.
04-29 19:02:52.101  1436  1436 E ORMS_HAL: open /sys/devices/platform/soc/soc:oplus-omrg/oplus-omrg0/ruler_enable failed(No such file or directory)
04-29 19:02:52.101  1436  1436 E ORMS_HAL: open /sys/devices/platform/soc/soc:oplus-omrg/oplus-omrg0/ruler_enable failed(No such file or directory)
04-29 19:02:52.102  1436  1436 D ORMS_HAL: OrmsHalService write file /proc/sys/kernel/slide_boost_enabled - 1.
04-29 19:02:52.110 14122 14122 D SCROLL_DEBUG: delta=-53 direction=true index=22
04-29 19:02:52.122 14122 14122 D SCROLL_DEBUG: delta=-53 direction=true index=22
04-29 19:02:52.132 14122 14122 D SCROLL_DEBUG: delta=-51 direction=true index=22
04-29 19:02:52.137 14122 14122 D SCROLL_STATE: raw=true stable=true
04-29 19:02:52.154 14122 14122 D SCROLL_DEBUG: delta=209 direction=true index=21
04-29 19:02:52.160 14122 14122 D SCROLL_DEBUG: delta=-52 direction=true index=21
04-29 19:02:52.168 14122 14122 D SCROLL_DEBUG: delta=-46 direction=true index=21
04-29 19:02:52.170  1410  1410 D vendor.oplus.hardware.charger@1.0-service: wireless adapter power -2147483648
04-29 19:02:52.176  2755  2814 I OplusHansManager : unfreeze uid: 10364 com.openai.chatgpt pids: [1254, 31559] reason: Broadcast scene: LcdOn
04-29 19:02:52.178  2755  2814 I OplusHansManager : unfreeze uid: 10365 com.anthropic.claude pids: [10869, 10649] reason: Broadcast scene: LcdOn
04-29 19:02:52.180  2755  3811 I OplusHansManager : uid=10364, pkg=com.openai.chatgpt, transition from Frozen to Middle, reason=Broadcast
04-29 19:02:52.180  2755  3811 I OplusHansManager : uid=10364, pkg=com.openai.chatgpt F exit(), reason=Broadcast
04-29 19:02:52.180  2755  3811 I OplusHansManager : uid=10365, pkg=com.anthropic.claude, transition from Frozen to Middle, reason=Broadcast
04-29 19:02:52.180  2755  3811 I OplusHansManager : uid=10365, pkg=com.anthropic.claude F exit(), reason=Broadcast
04-29 19:02:52.180  2755  4857 D OplusProxyWakeLock: remove uid: 10364 wiht all pids from wakelockUidInfo list
04-29 19:02:52.181  2755  4857 D OplusProxyWakeLock: remove uid: 10365 wiht all pids from wakelockUidInfo list
04-29 19:02:52.182 14122 14122 D SCROLL_DEBUG: delta=-45 direction=true index=21
04-29 19:02:52.185  1346  8374 I vendor.qti.bluetooth@1.0-ibs_handler: ProcessIbsCmd: Received IBS_WAKE_IND: 0xFD
04-29 19:02:52.185  1346  8374 D vendor.qti.bluetooth@1.0-ibs_handler: SerialClockVote: vote for UART CLK ON
04-29 19:02:52.185  1346  8374 D vendor.qti.bluetooth@1.0-wake_lock: Acquire wakelock is acquired 
04-29 19:02:52.185  1346  8374 I vendor.qti.bluetooth@1.0-ibs_handler: ProcessIbsCmd: Writing IBS_WAKE_ACK
04-29 19:02:52.190  4579  7217 I NearbyDiscovery: (REDACTED) BloomFilterAdvManager: Detected bloom filter but too far away, ignoring. %sm, %s
04-29 19:02:52.194 14122 14122 D SCROLL_DEBUG: delta=-43 direction=true index=21
04-29 19:02:52.212 14122 14122 D SCROLL_DEBUG: delta=217 direction=true index=20
04-29 19:02:52.219 14122 14122 D SCROLL_DEBUG: delta=-44 direction=true index=20
04-29 19:02:52.226  1346  8374 I vendor.qti.bluetooth@1.0-ibs_handler: ProcessIbsCmd: Received IBS_SLEEP_IND: 0xFE
04-29 19:02:52.226  1346  8374 D vendor.qti.bluetooth@1.0-ibs_handler: SerialClockVote: vote for UART CLK OFF
04-29 19:02:52.228 14122 14122 D SCROLL_DEBUG: delta=-38 direction=true index=20
04-29 19:02:52.236  3460  3460 D NoBackGesture: Start gesture: MotionEvent { action=ACTION_DOWN, actionButton=0, id[0]=0, x[0]=827.7664, y[0]=1843.7683, toolType[0]=TOOL_TYPE_FINGER, buttonState=0, classification=NONE, metaState=0, flags=0x0, edgeFlags=0x0, pointerCount=1, historySize=0, eventTime=29603142, downTime=29603142, deviceId=5, source=0x1002, displayId=0, eventId=545996672 }
04-29 19:02:52.236  3460  3460 D NoBackGesture: Not in side gesture area
04-29 19:02:52.236  2755  3337 D OGG_Detector: D:done mCurrStatus: 0
04-29 19:02:52.237  2755  5707 E OplusZoomWindowManagerService: null stack in getZoomScaleRect
04-29 19:02:52.243 14122 14122 D SCROLL_DEBUG: delta=-37 direction=true index=20
04-29 19:02:52.264 31559 31559 E ANR_LOG : >>> msg's executing time is too long
04-29 19:02:52.264 31559 31559 E ANR_LOG : Blocked msg = { when=-5s41ms what=0 target=android.app.ActivityThread$H callback=android.app.LoadedApk$ReceiverDispatcher$Args$$ExternalSyntheticLambda0 } , cost  = 5041 ms
04-29 19:02:52.264 31559 31559 E ANR_LOG : >>>Current msg List is:
04-29 19:02:52.264 31559 31559 E ANR_LOG : Current msg <1> = { when=-85ms what=0 target=android.app.ActivityThread$H callback=android.app.LoadedApk$ReceiverDispatcher$Args$$ExternalSyntheticLambda0 }
04-29 19:02:52.264 31559 31559 E ANR_LOG : >>>CURRENT MSG DUMP OVER<<<
04-29 19:02:52.271  2755  3811 I OplusHansManager : uid=10382, pkg=in.amazon.mShop.android.shopping can transition from M to F
04-29 19:02:52.271  2755  3811 I OplusHansManager : uid=10382, pkg=in.amazon.mShop.android.shopping F enter()
04-29 19:02:52.272  2755  3811 I OplusHansManager : freeze uid: 10382 in.amazon.mShop.android.shopping pids: [8852, 30331] scene: LcdOn
04-29 19:02:52.280 14122 14122 D SCROLL_DEBUG: delta=7 direction=false index=20
04-29 19:02:52.281 14122 14122 D ONBOARDING_FLOW: Start destination=home
04-29 19:02:52.288  1386  1386 E vendor.qti.hardware.perf@2.2-service: Unknown params
04-29 19:02:52.289  1386  1386 E vendor.qti.hardware.perf@2.2-service: Unknown params
04-29 19:02:52.305 14122 14122 I Quality : Skipped: false 1 cost 20.187368 refreshRate 0 processName com.vyn.player
04-29 19:02:52.307  1436  1436 D ORMS_HAL: OrmsHalService write file /proc/sys/kernel/slide_boost_enabled - 0.
04-29 19:02:52.307  1436  1436 E ORMS_HAL: open /sys/devices/platform/soc/soc:oplus-omrg/oplus-omrg0/ruler_enable failed(No such file or directory)
04-29 19:02:52.307  1436  1436 E ORMS_HAL: open /sys/devices/platform/soc/soc:oplus-omrg/oplus-omrg0/ruler_enable failed(No such file or directory)
04-29 19:02:52.308  1436  1436 D ORMS_HAL: OrmsHalService write file /proc/sys/kernel/slide_boost_enabled - 1.
04-29 19:02:52.310 14122 14122 D SCROLL_DEBUG: delta=52 direction=false index=20
04-29 19:02:52.325 14122 14122 D SCROLL_DEBUG: delta=-153 direction=false index=21
04-29 19:02:52.337  3460  3460 D NoBackGesture: End gesture: MotionEvent { action=ACTION_UP, actionButton=0, id[0]=0, x[0]=831.77014, y[0]=1589.6624, toolType[0]=TOOL_TYPE_FINGER, buttonState=0, classification=NONE, metaState=0, flags=0x0, edgeFlags=0x0, pointerCount=1, historySize=0, eventTime=29603243, downTime=29603142, deviceId=5, source=0x1002, displayId=0, eventId=262426611 }
04-29 19:02:52.338  1386  1386 E vendor.qti.hardware.perf@2.2-service: Unknown params
04-29 19:02:52.339  1386  1386 E vendor.qti.hardware.perf@2.2-service: Unknown params
04-29 19:02:52.341 14122 14122 D SCROLL_DEBUG: delta=64 direction=false index=21
04-29 19:02:52.351  1436  1436 D ORMS_HAL: OrmsHalService write file /proc/sys/kernel/slide_boost_enabled - 0.
04-29 19:02:52.351  1436  1436 E ORMS_HAL: open /sys/devices/platform/soc/soc:oplus-omrg/oplus-omrg0/ruler_enable failed(No such file or directory)
04-29 19:02:52.351  1436  1436 E ORMS_HAL: open /sys/devices/platform/soc/soc:oplus-omrg/oplus-omrg0/ruler_enable failed(No such file or directory)
04-29 19:02:52.352  1436  1436 D ORMS_HAL: OrmsHalService write file /proc/sys/kernel/slide_boost_enabled - 1.
04-29 19:02:52.353  1436  1436 D ORMS_HAL: OrmsHalService write file /proc/sys/kernel/slide_boost_enabled - 0.
04-29 19:02:52.353  1436  1436 E ORMS_HAL: open /sys/devices/platform/soc/soc:oplus-omrg/oplus-omrg0/ruler_enable failed(No such file or directory)
04-29 19:02:52.354  1436  1436 E ORMS_HAL: open /sys/devices/platform/soc/soc:oplus-omrg/oplus-omrg0/ruler_enable failed(No such file or directory)
04-29 19:02:52.354  1436  1436 D ORMS_HAL: OrmsHalService write file /proc/sys/kernel/slide_boost_enabled - 1.
04-29 19:02:52.354 14122 14122 D SCROLL_DEBUG: delta=25 direction=false index=21
04-29 19:02:52.355 14122 14122 I Quality : Skipped: false 1 cost 14.106831 refreshRate 0 processName com.vyn.player
04-29 19:02:52.368 14122 14122 D SCROLL_DEBUG: delta=75 direction=false index=21
04-29 19:02:52.376  1346  8099 D vendor.qti.bluetooth@1.0-wake_lock: Release wakelock is released 
04-29 19:02:52.380 14122 14122 D SCROLL_DEBUG: delta=-185 direction=false index=22
04-29 19:02:52.395 14122 14122 D SCROLL_DEBUG: delta=74 direction=false index=22
04-29 19:02:52.401  2755  2827 D OplusFeatureBrightnessBarController: mDarkLevel: 0
04-29 19:02:52.402 14122 14122 D SCROLL_DEBUG: delta=74 direction=false index=22
04-29 19:02:52.410  7214  7239 E IHansComunication: HANS printMessageBody: RCVed message body: type = 0, port = 86870, caller_pid = 2755, caller_uid = 1000, target_pid = 8852, target_uid = 10382, pkg_cmd = -1
04-29 19:02:52.413  2755  3812 I OplusHansManager : unfreeze uid: 10382 in.amazon.mShop.android.shopping pids: [8852, 30331] reason: AsyncBinder scene: LcdOn
04-29 19:02:52.414  2755  3811 I OplusHansManager : uid=10382, pkg=in.amazon.mShop.android.shopping, transition from Frozen to Middle, reason=AsyncBinder
04-29 19:02:52.414  2755  3811 I OplusHansManager : uid=10382, pkg=in.amazon.mShop.android.shopping F exit(), reason=AsyncBinder
04-29 19:02:52.414  2755  4857 D OplusProxyWakeLock: remove uid: 10382 wiht all pids from wakelockUidInfo list
04-29 19:02:52.416 14122 14122 D SCROLL_DEBUG: delta=79 direction=false index=22
04-29 19:02:52.424 14122 14122 D SCROLL_DEBUG: delta=-191 direction=false index=23
04-29 19:02:52.425 14122 14122 D SCROLL_STATE: raw=false stable=false
04-29 19:02:52.443 14122 14122 D SCROLL_DEBUG: delta=71 direction=false index=23
04-29 19:02:52.448 14122 14122 D SCROLL_DEBUG: delta=68 direction=false index=23
04-29 19:02:52.462 14122 14122 D SCROLL_DEBUG: delta=74 direction=false index=23
04-29 19:02:52.472 14122 14122 D SCROLL_DEBUG: delta=-213 direction=false index=24
04-29 19:02:52.475 24389 15199 W adbd    : timed out while waiting for FUNCTIONFS_BIND, trying again
04-29 19:02:52.476 24389 15199 I adbd    : UsbFfs: connection terminated: monitor thread finished
04-29 19:02:52.486 14122 14122 D SCROLL_DEBUG: delta=64 direction=false index=24
04-29 19:02:52.493 14122 14122 D SCROLL_DEBUG: delta=63 direction=false index=24
04-29 19:02:52.505 14122 14122 D SCROLL_DEBUG: delta=61 direction=false index=24
04-29 19:02:52.513 24389 24395 I adbd    : opening control endpoint /dev/usb-ffs/adb/ep0
04-29 19:02:52.518 14122 14122 D SCROLL_DEBUG: delta=-194 direction=false index=25
04-29 19:02:52.535 14122 14122 D SCROLL_DEBUG: delta=57 direction=false index=25
04-29 19:02:52.542 14122 14122 D SCROLL_DEBUG: delta=56 direction=false index=25
04-29 19:02:52.549 14122 14122 D SCROLL_DEBUG: delta=54 direction=false index=25
04-29 19:02:52.564 14122 14122 D SCROLL_DEBUG: delta=57 direction=false index=25
04-29 19:02:52.573 14122 14122 D SCROLL_DEBUG: delta=-228 direction=false index=26
04-29 19:02:52.586 14122 14122 D SCROLL_DEBUG: delta=49 direction=false index=26
04-29 19:02:52.594 14122 14122 D SCROLL_DEBUG: delta=47 direction=false index=26
04-29 19:02:52.606 14122 14122 D SCROLL_DEBUG: delta=46 direction=false index=26
04-29 19:02:52.617 14122 14122 D SCROLL_DEBUG: delta=48 direction=false index=26
